V/AlarmManager(  978): sending alarm {194ba6e type 1 *alarm*:ch.bitspin.timely.widget.UPDATE_ACTION}
V/AlarmManager(  978): sending alarm {140c5aa9 type 1 *alarm*:com.android.deskclock.ON_QUARTER_HOUR}
V/AlarmManager(  978): done {4bf74f3, *walarm*:android.net.ConnectivityService.action.PKT_CNT_SAMPLE_INTERVAL_ELAPSED} [33ms]
V/AlarmManager(  978): done {1eb18e30, *alarm*:com.google.android.gms.location.ENGINE_BATCH_TIMEOUT} [34ms]
V/AlarmManager(  978): done {14577874, *alarm*:com.google.android.gms/.lockbox.LockboxAlarmReceiver} [50ms]
D/WifiService(  978): acquireWifiLockLocked: WifiLock{NlpWifiLock type=2 binder=android.os.BinderProxy@a26f865}
V/AlarmManager(  978): done {286d33e8, *walarm*:ALARM_WAKEUP_LOCATOR} [82ms]
V/AlarmManager(  978): done {194ba6e, *alarm*:ch.bitspin.timely.widget.UPDATE_ACTION} [121ms]
V/AlarmManager(  978): done {140c5aa9, *alarm*:com.android.deskclock.ON_QUARTER_HOUR} [127ms]
V/AlarmManager(  978): done {31ce5bde, *alarm*:android.intent.action.TIME_TICK} [178ms]
I/ActivityManager(  978): Start proc 23884:com.viewdle.frservice/u0a19 for service com.motorola.MotGallery2/com.viewdle.frservice.FRService
W/ResourcesManager(23884): Asset path '/system/framework/com.motorola.gallery' does not exist or contains no resources.
W/ResourcesManager(23884): Asset path '/system/framework/com.google.android.media.effects.jar' does not exist or contains no resources.
W/ResourcesManager(23884): Asset path '/system/framework/com.motorola.frameworks.core.addon.jar' does not exist or contains no resources.
D/WifiService(  978): releaseWifiLockLocked: WifiLock{NlpWifiLock type=2 binder=android.os.BinderProxy@a26f865}
D/BatteryService(  978): uevent={POWER_SUPPLY_TEMP=315, POWER_SUPPLY_STATUS=Charging, POWER_SUPPLY_CAPACITY=100, ACTION=change, DEVPATH=/devices/qpnp-charger-ed22e400/power_supply/battery, POWER_SUPPLY_VOLTAGE_OCV=-22, POWER_SUPPLY_ONLINE=1, SUBSYSTEM=power_supply, POWER_SUPPLY_NUM_SYSTEM_TEMP_LEVELS=17, POWER_SUPPLY_INPUT_CURRENT_MAX=500000, POWER_SUPPLY_VOLTAGE_MAX_DESIGN=4350000, POWER_SUPPLY_CHARGE_FULL=2271000, POWER_SUPPLY_NAME=battery, POWER_SUPPLY_VOLTAGE_MIN_DESIGN=4300000, POWER_SUPPLY_VOLTAGE_MIN=4300000, POWER_SUPPLY_HEALTH=Good, POWER_SUPPLY_CYCLE_COUNT=34, POWER_SUPPLY_TECHNOLOGY=Li-ion, POWER_SUPPLY_CHARGE_TYPE=Fast, POWER_SUPPLY_PRESENT=1, POWER_SUPPLY_INPUT_CURRENT_SETTLED=0, POWER_SUPPLY_MODEL_NAME=EY30-LG, POWER_SUPPLY_VOLTAGE_NOW=4347414, SEQNUM=52121, POWER_SUPPLY_TEMP_WARM=450, POWER_SUPPLY_TEMP_COOL=0, POWER_SUPPLY_CHARGE_FULL_DESIGN=2281000, POWER_SUPPLY_CURRENT_NOW=-344000, POWER_SUPPLY_CHARGE_COUNTER=-3745, POWER_SUPPLY_SYSTEM_TEMP_LEVEL=0, POWER_SUPPLY_INPUT_CURRENT_TRIM=33, POWER_SUPPLY_VOLTAGE_EMPTY=3000000, POWER_SUPPLY_CHARGE_RATE=Normal, POWER_SUPPLY_INPUT_VOLTAGE_REGULATION=0, POWER_SUPPLY_CHARGING_ENABLED=1}
V/AlarmManager(  978): sending alarm {1ccf758e type 0 *walarm*:com.skype.android.push.REGISTER}
I/ActivityManager(  978): Start proc 23930:com.skype.raider/u0a173 for broadcast com.skype.raider/com.skype.android.push.RegisterReceiver
D/WifiService(  978): New client listening to asynchronous messages
V/AlarmManager(  978): done {1ccf758e, *walarm*:com.skype.android.push.REGISTER} [1426ms]
V/AlarmManager(  978): sending alarm {31ce5bde type 3 *alarm*:android.intent.action.TIME_TICK}
V/AlarmManager(  978): sending alarm {3dac1ffd type 2 *walarm*:ALARM_WAKEUP92265}
V/AlarmManager(  978): done {3dac1ffd, *walarm*:ALARM_WAKEUP92265} [7ms]
V/AlarmManager(  978): done {31ce5bde, *alarm*:android.intent.action.TIME_TICK} [129ms]
I/ActivityManager(  978): Start proc 24000:com.google.android.partnersetup/u0a45 for content provider com.google.android.partnersetup/.RlzAppProvider
D/ConnectivityService(  978): listenForNetwork for NetworkRequest [ id=2576, legacyType=-1, [ Capabilities: INTERNET&NOT_RESTRICTED&TRUSTED&NOT_VPN] ]
D/ConnectivityService(  978): handleRegisterNetworkRequest checking NetworkAgentInfo [WIFI () - 351]
D/ConnectivityService(  978): apparently satisfied.  currentScore=60
V/AlarmManager(  978): sending alarm {29e38346 type 2 *walarm*:com.facebook.rti.mqtt.e.g.ACTION_INEXACT_ALARM.MqttLite.com.facebook.orca}
V/AlarmManager(  978): sending alarm {194ba6e type 1 *alarm*:ch.bitspin.timely.widget.UPDATE_ACTION}
V/AlarmManager(  978): sending alarm {1a833c29 type 3 *alarm*:com.verizon.messaging.vzmsgs/com.verizon.mms.util.RecyclerScheduleReceiver}
V/AlarmManager(  978): sending alarm {3394bae4 type 3 *alarm*:android.appwidget.action.APPWIDGET_UPDATE}
V/AlarmManager(  978): done {29e38346, *walarm*:com.facebook.rti.mqtt.e.g.ACTION_INEXACT_ALARM.MqttLite.com.facebook.orca} [6ms]
V/AlarmManager(  978): done {194ba6e, *alarm*:ch.bitspin.timely.widget.UPDATE_ACTION} [23ms]
I/ActivityManager(  978): Start proc 24049:com.verizon.messaging.vzmsgs/u0a131 for broadcast com.verizon.messaging.vzmsgs/com.verizon.mms.util.RecyclerScheduleReceiver
D/WifiService(  978): New client listening to asynchronous messages
W/ResourcesManager(24049): Asset path '/system/framework/com.google.android.media.effects.jar' does not exist or contains no resources.
I/ActivityManager(  978): Start proc 24091:android.process.acore/u0a13 for content provider com.android.providers.contacts/.ContactsProvider2
V/AlarmManager(  978): done {1a833c29, *alarm*:com.verizon.messaging.vzmsgs/com.verizon.mms.util.RecyclerScheduleReceiver} [1169ms]
V/AlarmManager(  978): done {3394bae4, *alarm*:android.appwidget.action.APPWIDGET_UPDATE} [1170ms]
I/ActivityManager(  978): Killing 23685:com.google.android.calendar/u0a85 (adj 15): empty #13
I/ActivityManager(  978): Start proc 24121:com.verizon.messaging.vzmsgs:AniwaysService/u0a131 for service com.verizon.messaging.vzmsgs/com.aniways.service.AniwaysIntentService
W/ActivityManager(  978): Unable to start service Intent { act=aniways.com.google.android.gms.analytics.service.START cmp=aniways.com.google.android.gms/.analytics.service.AnalyticsService (has extras) } U=0: not found
W/ActivityManager(  978): Unable to start service Intent { act=aniways.com.google.android.gms.analytics.service.START cmp=aniways.com.google.android.gms/.analytics.service.AnalyticsService (has extras) } U=0: not found
V/AlarmManager(  978): sending alarm {3168b28f type 2 *walarm*:com.motorola.slpc.ALARM_MODALITY}
V/AlarmManager(  978): done {3168b28f, *walarm*:com.motorola.slpc.ALARM_MODALITY} [13ms]
W/ResourcesManager(24049): Asset path '/system/framework/com.google.android.media.effects.jar' does not exist or contains no resources.
W/ActivityManager(  978): Unable to start service Intent { act=aniways.com.google.android.gms.analytics.service.START cmp=aniways.com.google.android.gms/.analytics.service.AnalyticsService (has extras) } U=0: not found
W/ActivityManager(  978): Unable to start service Intent { act=aniways.com.google.android.gms.analytics.service.START cmp=aniways.com.google.android.gms/.analytics.service.AnalyticsService (has extras) } U=0: not found
I/ActivityManager(  978): Waited long enough for: ServiceRecord{29de642d u0 com.verizon.messaging.vzmsgs/com.aniways.service.AniwaysIntentService}
I/PowerManagerService(  978): Waking up from sleep (uid 1000)...
V/WindowManager(  978): mAppsToBeHidden add Token{1ec86e2 ActivityRecord{33ec53ad u0 com.google.android.googlequicksearchbox/com.google.android.launcher.GEL t1833}}
I/DisplayManagerService(  978): Display device changed: DisplayDeviceInfo{"Built-in Screen": uniqueId="local:0", 1080 x 1920, 60.0 fps, supportedRefreshRates [60.0], density 480, 422.03 x 424.069 dpi, appVsyncOff 7500000, presDeadline 12666667, touch INTERNAL, rotation 0, type BUILT_IN, state ON, FLAG_DEFAULT_DISPLAY, FLAG_ROTATES_WITH_CONTENT, FLAG_SECURE, FLAG_SUPPORTS_PROTECTED_BUFFERS}
V/AlarmManager(  978): sending alarm {226f1312 type 3 *alarm*:com.google.android.gms.flp.EXPIRATION_ALARM__916}
V/WindowManager(  978): mAppsToBeHidden add Token{1ec86e2 ActivityRecord{33ec53ad u0 com.google.android.googlequicksearchbox/com.google.android.launcher.GEL t1833}}
V/AlarmManager(  978): sending alarm {31ce5bde type 3 *alarm*:android.intent.action.TIME_TICK}
V/AlarmManager(  978): sending alarm {1a833c29 type 3 *alarm*:com.verizon.messaging.vzmsgs/com.verizon.mms.util.RecyclerScheduleReceiver}
V/AlarmManager(  978): sending alarm {14577874 type 3 *alarm*:com.google.android.gms/.lockbox.LockboxAlarmReceiver}
V/AlarmManager(  978): sending alarm {194ba6e type 1 *alarm*:ch.bitspin.timely.widget.UPDATE_ACTION}
V/ActivityManager(  978): Display changed displayId=0
V/AlarmManager(  978): done {226f1312, *alarm*:com.google.android.gms.flp.EXPIRATION_ALARM__916} [21ms]
V/WindowManager(  978): mAppsToBeHidden add Token{1ec86e2 ActivityRecord{33ec53ad u0 com.google.android.googlequicksearchbox/com.google.android.launcher.GEL t1833}}
V/AlarmManager(  978): done {1a833c29, *alarm*:com.verizon.messaging.vzmsgs/com.verizon.mms.util.RecyclerScheduleReceiver} [46ms]
V/WindowManager(  978): mAppsToBeHidden add Token{1ec86e2 ActivityRecord{33ec53ad u0 com.google.android.googlequicksearchbox/com.google.android.launcher.GEL t1833}}
V/AlarmManager(  978): done {14577874, *alarm*:com.google.android.gms/.lockbox.LockboxAlarmReceiver} [50ms]
V/AlarmManager(  978): sending alarm {286d33e8 type 2 *walarm*:ALARM_WAKEUP_LOCATOR}
V/AlarmManager(  978): done {194ba6e, *alarm*:ch.bitspin.timely.widget.UPDATE_ACTION} [85ms]
D/WifiService(  978): acquireWifiLockLocked: WifiLock{NlpWifiLock type=2 binder=android.os.BinderProxy@6c19855}
V/AlarmManager(  978): done {286d33e8, *walarm*:ALARM_WAKEUP_LOCATOR} [11ms]
V/WindowManager(  978): mAppsToBeHidden add Token{1ec86e2 ActivityRecord{33ec53ad u0 com.google.android.googlequicksearchbox/com.google.android.launcher.GEL t1833}}
V/WindowManager(  978): mAppsToBeHidden add Token{1ec86e2 ActivityRecord{33ec53ad u0 com.google.android.googlequicksearchbox/com.google.android.launcher.GEL t1833}}
I/SFPerfTracer(  349):      triggers: (rate: 0:81) (8061901 sw vsyncs) (0 skipped) (0:5156034 vsyncs) (95:13572687)
I/ActivityManager(  978): Start proc 24201:com.yahoo.mobile.client.android.weather/u0a170 for service com.yahoo.mobile.client.android.weather/com.yahoo.mobile.client.android.weathersdk.service.WeatherService
V/AlarmManager(  978): done {31ce5bde, *alarm*:android.intent.action.TIME_TICK} [502ms]
W/ActivityManager(  978): getRunningAppProcesses: caller 10170 does not hold REAL_GET_TASKS; limiting output
I/SFPerfTracer(  349):      triggers: (rate: 10610:468449) (compose: 0:41) (post: 0:37) (render: 0:1476) (23:4061913 frames) (24:4322847)
D/SFPerfTracer(  349):        layers: (2:11) (FocusedStackFrame (0xb74d6218): 0:13095)* (DimLayer (0xb74ef550): 0:45)* (DimLayer (0xb74f1a20): 0:25)* (DimLayer (0xb75912f0): 0:8868)* (DimLayer (0xb75939a8): 0:2442)* (StatusBar (0xb753d3f8): 24:328423) (com.android.systemui.ImageWallpaper (0xb7543fa0): 0:16373) (NavigationBar (0xb75401d8): 0:358)- (com.google.android.gm/com.google.android.gm.ConversationListActivityGmail (0xb75a9958): 0:984)- (com.google.android.googlequicksearchbox/com.google.android.launcher.GEL (0xb7572e30): 0:26)* (ColorFade (0xb759b998): 0:29)- 
D/WifiService(  978): releaseWifiLockLocked: WifiLock{NlpWifiLock type=2 binder=android.os.BinderProxy@6c19855}
I/ActivityManager(  978): Killing 23817:com.motorola.vzw.settings.extensions/u0a3 (adj 15): empty #13
I/SFPerfTracer(  349):      triggers: (rate: 10610:468449) (compose: 0:41) (post: 0:37) (render: 0:1476) (128:4062042 frames) (129:4322979)
D/SFPerfTracer(  349):        layers: (3:9) (FocusedStackFrame (0xb74d6218): 0:13095)* (DimLayer (0xb74ef550): 0:45)* (DimLayer (0xb74f1a20): 0:25)* (DimLayer (0xb75912f0): 0:8868)* (DimLayer (0xb75939a8): 0:2442)* (StatusBar (0xb753d3f8): 129:328555) (com.android.systemui.ImageWallpaper (0xb7543fa0): 0:16373) (com.google.android.googlequicksearchbox/com.google.android.launcher.GEL (0xb7572e30): 3:29)* (NavigationBar (0xb759b998): 15:18) 
I/ActivityManager(  978): Start proc 24288:com.vzw.hss.myverizon/u0a62 for broadcast com.vzw.hss.myverizon/com.vzw.geofencing.smart.receiver.MVSPrefsReceiver
I/SFPerfTracer(  349):      triggers: (rate: 0:81) (8061901 sw vsyncs) (0 skipped) (166:5156241 vsyncs) (168:13572901)
W/InputMethodManagerService(  978): Window already focused, ignoring focus gain of: com.android.internal.view.IInputMethodClient$Stub$Proxy@2a747e34 attribute=android.view.inputmethod.EditorInfo@2245c45d, token = android.os.BinderProxy@4677b69
W/ResourcesManager(24288): Asset path '/system/framework/com.google.android.maps.jar' does not exist or contains no resources.
V/AlarmManager(  978): sending alarm {194ba6e type 1 *alarm*:ch.bitspin.timely.widget.UPDATE_ACTION}
V/AlarmManager(  978): sending alarm {31ce5bde type 3 *alarm*:android.intent.action.TIME_TICK}
V/AlarmManager(  978): done {194ba6e, *alarm*:ch.bitspin.timely.widget.UPDATE_ACTION} [22ms]
V/AlarmManager(  978): done {31ce5bde, *alarm*:android.intent.action.TIME_TICK} [154ms]
V/AlarmManager(  978): sending alarm {15bd4fc type 2 *walarm*:ALARM_WAKEUP_ACTIVITY_DETECTION}
V/AlarmManager(  978): done {15bd4fc, *walarm*:ALARM_WAKEUP_ACTIVITY_DETECTION} [10ms]
I/ActivityManager(  978): Start proc 24352:com.android.defcontainer/u0a37 for service com.android.defcontainer/.DefaultContainerService
D/DefContainer(24352): Copying /data/local/tmp/android-debug.apk to base.apk
D/PackageManager(  978): Renaming /data/app/vmdl1734888026.tmp to /data/app/io.cordova.myappba547e-1
V/AlarmManager(  978): sending alarm {15bd4fc type 2 *walarm*:ALARM_WAKEUP_ACTIVITY_DETECTION}
V/AlarmManager(  978): done {15bd4fc, *walarm*:ALARM_WAKEUP_ACTIVITY_DETECTION} [123ms]
V/BackupManagerService(  978): restoreAtInstall pkg=io.cordova.myappba547e token=61 restoreSet=397fa13b3a3ee726
D/BackupManagerService(  978): MSG_RUN_RESTORE observer=null
I/ActivityManager(  978): Killing 23764:com.google.android.deskclock/u0a102 (adj 15): empty #13
E/BackupManagerService(  978): Required metadata but got 
I/BackupRestoreController(  978): restoreFinished for 0
I/BackupManagerService(  978): Restore complete.
W/ResourcesManager( 1800): Asset path '/system/framework/com.google.android.media.effects.jar' does not exist or contains no resources.
I/ActivityManager(  978): Start proc 24391:com.verizon.vzwavs/u0a68 for broadcast com.verizon.vzwavs/.WakeupReceiver
I/ActivityManager(  978): Killing 23930:com.skype.raider/u0a173 (adj 15): empty #13
D/WifiService(  978): Client connection lost with reason: 4
W/InputMethodInfo(  978): Duplicated subtype definition found: , voice
I/ActivityManager(  978): Start proc 24424:com.quickoffice.android/u0a128 for broadcast com.quickoffice.android/com.qo.android.quickoffice.QOBroadcastReceiver
I/ActivityManager(  978): Killing 23884:com.viewdle.frservice/u0a19 (adj 15): empty #13
W/ActivityManager(  978): No permission grants found for com.quickoffice.android
I/ActivityManager(  978): Start proc 24469:com.google.android.apps.plus/u0a127 for broadcast com.google.android.apps.plus/.service.PackagesMediaMonitor
W/ResourcesManager(24469): Asset path '/system/framework/com.google.android.maps.jar' does not exist or contains no resources.
I/ActivityManager(  978): START u0 {act=android.intent.action.MAIN flg=0x10000000 cmp=io.cordova.myappba547e/.MainActivity} from uid 2000 on display 0
V/WindowManager(  978): addAppToken: AppWindowToken{107eb098 token=Token{3866da7b ActivityRecord{247dc20a u0 io.cordova.myappba547e/.MainActivity t2621}}} to stack=1 task=2621 at 0
V/WindowManager(  978): Adding window Window{247efab0 u0 Starting io.cordova.myappba547e} at 6 of 12 (after Window{1c01ff26 u0 com.google.android.gm/com.google.android.gm.ConversationListActivityGmail})
I/ActivityManager(  978): Start proc 24499:io.cordova.myappba547e/u0a197 for activity io.cordova.myappba547e/.MainActivity
I/ActivityManager(  978): Killing 23663:com.android.providers.calendar/u0a48 (adj 15): empty #13
I/SFPerfTracer(  349):      triggers: (rate: 10610:468455) (compose: 0:41) (post: 0:37) (render: 0:1476) (10:4062124 frames) (11:4323081)
D/SFPerfTracer(  349):        layers: (4:10) (FocusedStackFrame (0xb74d6218): 0:13096)* (DimLayer (0xb74ef550): 0:45)* (DimLayer (0xb74f1a20): 0:25)* (DimLayer (0xb75912f0): 0:8868)* (DimLayer (0xb75939a8): 0:2444) (StatusBar (0xb753d3f8): 0:328598) (com.android.systemui.ImageWallpaper (0xb7543fa0): 0:16375)* (com.google.android.googlequicksearchbox/com.google.android.launcher.GEL (0xb7572e30): 0:84)- (NavigationBar (0xb759b998): 0:38) (Starting io.cordova.myappba547e (0xb75401d8): 11:23) 
D/BackupManagerService(  978): Received broadcast Intent { act=android.intent.action.PACKAGE_ADDED dat=package:io.cordova.myappba547e flg=0x4000010 (has extras) }
I/SFPerfTracer(  349):      triggers: (rate: 0:81) (8061901 sw vsyncs) (0 skipped) (44:5156361 vsyncs) (46:13573047)
V/WindowManager(  978): Adding window Window{11da2488 u0 io.cordova.myappba547e/io.cordova.myappba547e.MainActivity} at 6 of 13 (before Window{247efab0 u0 Starting io.cordova.myappba547e})
I/LaunchCheckinHandler(  978): Displayed io.cordova.myappba547e/.MainActivity,cp,ca,1628
I/ActivityManager(  978): Start proc 24567:com.google.android.apps.docs/u0a95 for broadcast com.google.android.apps.docs/.receivers.AppPackageAddRemoveReceiver
I/ActivityManager(  978): Killing 24049:com.verizon.messaging.vzmsgs/u0a131 (adj 15): empty #13
D/WifiService(  978): Client connection lost with reason: 4
W/ResourcesManager(27477): Asset path '/system/framework/com.google.android.maps.jar' does not exist or contains no resources.
W/ActivityManager(  978): getRunningAppProcesses: caller 10095 does not hold REAL_GET_TASKS; limiting output
W/ActivityManager(  978): getRunningAppProcesses: caller 10095 does not hold REAL_GET_TASKS; limiting output
W/ActivityManager(  978): getRunningAppProcesses: caller 10095 does not hold REAL_GET_TASKS; limiting output
W/ActivityManager(  978): getRunningAppProcesses: caller 10095 does not hold REAL_GET_TASKS; limiting output
I/ActivityManager(  978): Start proc 24621:com.textra/u0a149 for broadcast com.textra/com.mplus.lib.fa
I/ActivityManager(  978): Killing 24288:com.vzw.hss.myverizon/u0a62 (adj 15): empty #13
W/ResourcesManager(24567): Asset path '/system/framework/com.android.media.remotedisplay.jar' does not exist or contains no resources.
W/ResourcesManager(24567): Asset path '/system/framework/com.android.location.provider.jar' does not exist or contains no resources.
W/ActivityManager(  978): getRunningAppProcesses: caller 10149 does not hold REAL_GET_TASKS; limiting output
I/ActivityManager(  978): Start proc 24641:com.textra:acra/u0a149 for service com.textra/org.acra.sender.SenderService
W/ActivityManager(  978): getRunningAppProcesses: caller 10149 does not hold REAL_GET_TASKS; limiting output
I/SFPerfTracer(  349):      triggers: (rate: 0:81) (8061901 sw vsyncs) (0 skipped) (28:5156457 vsyncs) (30:13573154)
W/ActivityManager(  978): getRunningAppProcesses: caller 10149 does not hold REAL_GET_TASKS; limiting output
W/ActivityManager(  978): getRunningAppProcesses: caller 10149 does not hold REAL_GET_TASKS; limiting output
I/ActivityManager(  978): Killing 24201:com.yahoo.mobile.client.android.weather/u0a170 (adj 15): empty #13
I/ActivityManager(  978): Killing 23730:ch.bitspin.timely/u0a144 (adj 15): empty #14
I/SFPerfTracer(  349):      triggers: (rate: 10610:468460) (compose: 0:41) (post: 0:37) (render: 0:1476) (135:4062272 frames) (136:4323239)
D/SFPerfTracer(  349):        layers: (3:10) (FocusedStackFrame (0xb74d6218): 0:13099)* (DimLayer (0xb74ef550): 0:45)* (DimLayer (0xb74f1a20): 0:25)* (DimLayer (0xb75912f0): 0:8868)* (DimLayer (0xb75939a8): 0:2445)* (StatusBar (0xb753d3f8): 3:328601) (com.android.systemui.ImageWallpaper (0xb7543fa0): 0:16375)* (NavigationBar (0xb759b998): 0:38) (Starting io.cordova.myappba547e (0xb75401d8): 0:40)- (io.cordova.myappba547e/io.cordova.myappba547e.MainActivity (0xb7572e30): 136:151) 
V/WindowManager(  978): Adding window Window{3a197430 u0 SurfaceView} at 7 of 15 (before Window{9bc7c71 u0 com.motorola.actions})
V/AlarmManager(  978): sending alarm {15bd4fc type 2 *walarm*:ALARM_WAKEUP_ACTIVITY_DETECTION}
V/AlarmManager(  978): done {15bd4fc, *walarm*:ALARM_WAKEUP_ACTIVITY_DETECTION} [12ms]
I/SFPerfTracer(  349):      triggers: (rate: 10610:468460) (compose: 0:41) (post: 0:37) (render: 0:1476) (264:4062545 frames) (265:4323515)
D/SFPerfTracer(  349):        layers: (3:10) (FocusedStackFrame (0xb74d6218): 0:13099)* (DimLayer (0xb74ef550): 0:45)* (DimLayer (0xb74f1a20): 0:25)* (DimLayer (0xb75912f0): 0:8868)* (DimLayer (0xb75939a8): 0:2445)* (StatusBar (0xb753d3f8): 5:328606) (com.android.systemui.ImageWallpaper (0xb7543fa0): 0:16375)* (NavigationBar (0xb759b998): 0:38) (io.cordova.myappba547e/io.cordova.myappba547e.MainActivity (0xb7572e30): 265:427) ( (0xb75401d8): 1:4)* 
V/AlarmManager(  978): sending alarm {275463e1 type 3 *alarm*:send_events}
V/AlarmManager(  978): done {275463e1, *alarm*:send_events} [5ms]
V/AlarmManager(  978): sending alarm {45eab92 type 0 *walarm*:com.android.vending/com.google.android.finsky.services.ContentSyncService}
V/AlarmManager(  978): done {45eab92, *walarm*:com.android.vending/com.google.android.finsky.services.ContentSyncService} [10ms]
D/BatteryService(  978): uevent={POWER_SUPPLY_TEMP=319, POWER_SUPPLY_STATUS=Charging, POWER_SUPPLY_CAPACITY=100, ACTION=change, DEVPATH=/devices/qpnp-charger-ed22e400/power_supply/battery, POWER_SUPPLY_VOLTAGE_OCV=-22, POWER_SUPPLY_ONLINE=1, SUBSYSTEM=power_supply, POWER_SUPPLY_NUM_SYSTEM_TEMP_LEVELS=17, POWER_SUPPLY_INPUT_CURRENT_MAX=500000, POWER_SUPPLY_VOLTAGE_MAX_DESIGN=4350000, POWER_SUPPLY_CHARGE_FULL=2271000, POWER_SUPPLY_NAME=battery, POWER_SUPPLY_VOLTAGE_MIN_DESIGN=4300000, POWER_SUPPLY_VOLTAGE_MIN=4300000, POWER_SUPPLY_HEALTH=Good, POWER_SUPPLY_CYCLE_COUNT=34, POWER_SUPPLY_TECHNOLOGY=Li-ion, POWER_SUPPLY_CHARGE_TYPE=Fast, POWER_SUPPLY_PRESENT=1, POWER_SUPPLY_INPUT_CURRENT_SETTLED=0, POWER_SUPPLY_MODEL_NAME=EY30-LG, POWER_SUPPLY_VOLTAGE_NOW=4305068, SEQNUM=52125, POWER_SUPPLY_TEMP_WARM=450, POWER_SUPPLY_TEMP_COOL=0, POWER_SUPPLY_CHARGE_FULL_DESIGN=2281000, POWER_SUPPLY_CURRENT_NOW=-114666, POWER_SUPPLY_CHARGE_COUNTER=-10470, POWER_SUPPLY_SYSTEM_TEMP_LEVEL=0, POWER_SUPPLY_INPUT_CURRENT_TRIM=33, POWER_SUPPLY_VOLTAGE_EMPTY=3000000, POWER_SUPPLY_CHARGE_RATE=Normal, POWER_SUPPLY_INPUT_VOLTAGE_REGULATION=0, POWER_SUPPLY_CHARGING_ENABLED=1}
I/SFPerfTracer(  349):      triggers: (rate: 10610:468460) (compose: 0:41) (post: 0:37) (render: 0:1476) (1839:4064443 frames) (1840:4325417)
D/SFPerfTracer(  349):        layers: (3:12) (FocusedStackFrame (0xb74d6218): 0:13099)* (DimLayer (0xb74ef550): 0:45)* (DimLayer (0xb74f1a20): 0:25)* (DimLayer (0xb75912f0): 0:8868)* (DimLayer (0xb75939a8): 0:2445)* (StatusBar (0xb753d3f8): 28:328637) (com.android.systemui.ImageWallpaper (0xb7543fa0): 0:16375)* (NavigationBar (0xb759b998): 0:38) (io.cordova.myappba547e/io.cordova.myappba547e.MainActivity (0xb7572e30): 1840:2329) ( (0xb75401d8): 0:5)- (SurfaceView (0xb75a9958): 0:15)- ( (0xb7547d98): 0:1)- 
V/WindowManager(  978): Adding window Window{c7be478 u0 SurfaceView} at 7 of 15 (before Window{a3cae19 u0 com.motorola.actions})
V/AlarmManager(  978): sending alarm {14577874 type 3 *alarm*:com.google.android.gms/.lockbox.LockboxAlarmReceiver}
V/AlarmManager(  978): sending alarm {194ba6e type 1 *alarm*:ch.bitspin.timely.widget.UPDATE_ACTION}
V/AlarmManager(  978): sending alarm {31ce5bde type 3 *alarm*:android.intent.action.TIME_TICK}
V/AlarmManager(  978): done {14577874, *alarm*:com.google.android.gms/.lockbox.LockboxAlarmReceiver} [21ms]
I/ActivityManager(  978): Start proc 24798:ch.bitspin.timely/u0a144 for broadcast ch.bitspin.timely/.widget.WidgetProvider_
W/ResourcesManager(24798): Asset path '/system/framework/com.android.media.remotedisplay.jar' does not exist or contains no resources.
W/ResourcesManager(24798): Asset path '/system/framework/com.android.location.provider.jar' does not exist or contains no resources.
V/AlarmManager(  978): done {31ce5bde, *alarm*:android.intent.action.TIME_TICK} [261ms]
V/AlarmManager(  978): done {194ba6e, *alarm*:ch.bitspin.timely.widget.UPDATE_ACTION} [572ms]
I/ActivityManager(  978): Start proc 24832:com.yahoo.mobile.client.android.weather/u0a170 for broadcast com.yahoo.mobile.client.android.weather/.WeatherWidgetHourlyProvider
I/SFPerfTracer(  349):      triggers: (rate: 0:81) (8061901 sw vsyncs) (0 skipped) (2544:5159001 vsyncs) (2546:13575700)
I/ActivityManager(  978): Killing 24352:com.android.defcontainer/u0a37 (adj 15): empty #13
W/ActivityManager(  978): getRunningAppProcesses: caller 10170 does not hold REAL_GET_TASKS; limiting output
I/ActivityManager(  978): Killing 24000:com.google.android.partnersetup/u0a45 (adj 15): empty #13
I/PowerManagerService(  978): Going to sleep due to screen timeout (uid 1000)...
I/SFPerfTracer(  349):      triggers: (rate: 10610:468460) (compose: 0:41) (post: 0:37) (render: 0:1476) (398:4064841 frames) (399:4325818)
D/SFPerfTracer(  349):        layers: (3:10) (FocusedStackFrame (0xb74d6218): 0:13099)* (DimLayer (0xb74ef550): 0:45)* (DimLayer (0xb74f1a20): 0:25)* (DimLayer (0xb75912f0): 0:8868)* (DimLayer (0xb75939a8): 0:2445)* (StatusBar (0xb753d3f8): 7:328644) (com.android.systemui.ImageWallpaper (0xb7543fa0): 0:16375)* (NavigationBar (0xb759b998): 0:38) (io.cordova.myappba547e/io.cordova.myappba547e.MainActivity (0xb7572e30): 399:2730) ( (0xb7575418): 1:3)* 
I/DisplayManagerService(  978): Display device changed: DisplayDeviceInfo{"Built-in Screen": uniqueId="local:0", 1080 x 1920, 60.0 fps, supportedRefreshRates [60.0], density 480, 422.03 x 424.069 dpi, appVsyncOff 7500000, presDeadline 12666667, touch INTERNAL, rotation 0, type BUILT_IN, state OFF, FLAG_DEFAULT_DISPLAY, FLAG_ROTATES_WITH_CONTENT, FLAG_SECURE, FLAG_SUPPORTS_PROTECTED_BUFFERS}
V/ActivityManager(  978): Display changed displayId=0
I/SFPerfTracer(  349):      triggers: (rate: 0:81) (8061901 sw vsyncs) (0 skipped) (114:5159115 vsyncs) (116:13575816)
V/WindowManager(  978): mAppsToBeHidden add Token{3866da7b ActivityRecord{247dc20a u0 io.cordova.myappba547e/.MainActivity t2621}}
V/WindowManager(  978): mAppsToBeHidden add Token{3866da7b ActivityRecord{247dc20a u0 io.cordova.myappba547e/.MainActivity t2621}}
I/PowerManagerService(  978): Sleeping (uid 1000)...
V/WindowManager(  978): mAppsToBeHidden add Token{3866da7b ActivityRecord{247dc20a u0 io.cordova.myappba547e/.MainActivity t2621}}
V/WindowManager(  978): mAppsToBeHidden add Token{3866da7b ActivityRecord{247dc20a u0 io.cordova.myappba547e/.MainActivity t2621}}
V/WindowManager(  978): mAppsToBeHidden add Token{3866da7b ActivityRecord{247dc20a u0 io.cordova.myappba547e/.MainActivity t2621}}
I/ActivityManager(  978): Start proc 24877:com.google.android.deskclock/u0a102 for broadcast com.google.android.deskclock/com.android.alarmclock.DigitalAppWidgetProvider
I/ActivityManager(  978): Killing 24391:com.verizon.vzwavs/u0a68 (adj 15): empty #13
I/UsageStatsService(  978): User[0] Flushing usage stats to disk
V/AlarmManager(  978): sending alarm {3f7eb0e4 type 0 *walarm*:com.facebook.analytics.service.a.ACTION_ALARM}
V/AlarmManager(  978): sending alarm {31100c1c type 2 *walarm*:com.android.internal.policy.impl.PhoneWindowManager.DELAYED_KEYGUARD}
V/AlarmManager(  978): done {3f7eb0e4, *walarm*:com.facebook.analytics.service.a.ACTION_ALARM} [4ms]
V/AlarmManager(  978): done {31100c1c, *walarm*:com.android.internal.policy.impl.PhoneWindowManager.DELAYED_KEYGUARD} [145ms]
V/WindowManager(  978): mAppsToBeHidden add Token{3866da7b ActivityRecord{247dc20a u0 io.cordova.myappba547e/.MainActivity t2621}}
V/WindowManager(  978): mAppsToBeHidden add Token{3866da7b ActivityRecord{247dc20a u0 io.cordova.myappba547e/.MainActivity t2621}}
V/WindowManager(  978): mAppsToBeHidden add Token{3866da7b ActivityRecord{247dc20a u0 io.cordova.myappba547e/.MainActivity t2621}}
V/WindowManager(  978): mAppsToBeHidden add Token{3866da7b ActivityRecord{247dc20a u0 io.cordova.myappba547e/.MainActivity t2621}}
V/WindowManager(  978): mAppsToBeHidden add Token{3866da7b ActivityRecord{247dc20a u0 io.cordova.myappba547e/.MainActivity t2621}}
V/WindowManager(  978): mAppsToBeHidden add Token{3866da7b ActivityRecord{247dc20a u0 io.cordova.myappba547e/.MainActivity t2621}}
V/WindowManager(  978): mAppsToBeHidden add Token{3866da7b ActivityRecord{247dc20a u0 io.cordova.myappba547e/.MainActivity t2621}}
V/WindowManager(  978): mAppsToBeHidden add Token{3866da7b ActivityRecord{247dc20a u0 io.cordova.myappba547e/.MainActivity t2621}}
V/AlarmManager(  978): sending alarm {1c20cc95 type 2 *walarm*:com.facebook.common.executors.WakingExecutorService.ACTION_ALARM.com.facebook.katana.Mqtt_Wakeup}
V/AlarmManager(  978): done {1c20cc95, *walarm*:com.facebook.common.executors.WakingExecutorService.ACTION_ALARM.com.facebook.katana.Mqtt_Wakeup} [3ms]
V/AlarmManager(  978): sending alarm {88ab1aa type 2 *walarm*:com.facebook.common.executors.dx.ACTION_ALARM.com.facebook.orca.Mqtt_Wakeup}
V/AlarmManager(  978): done {88ab1aa, *walarm*:com.facebook.common.executors.dx.ACTION_ALARM.com.facebook.orca.Mqtt_Wakeup} [4ms]
I/PowerManagerService(  978): Waking up from sleep (uid 1000)...
V/WindowManager(  978): mAppsToBeHidden add Token{3866da7b ActivityRecord{247dc20a u0 io.cordova.myappba547e/.MainActivity t2621}}
I/DisplayManagerService(  978): Display device changed: DisplayDeviceInfo{"Built-in Screen": uniqueId="local:0", 1080 x 1920, 60.0 fps, supportedRefreshRates [60.0], density 480, 422.03 x 424.069 dpi, appVsyncOff 7500000, presDeadline 12666667, touch INTERNAL, rotation 0, type BUILT_IN, state ON, FLAG_DEFAULT_DISPLAY, FLAG_ROTATES_WITH_CONTENT, FLAG_SECURE, FLAG_SUPPORTS_PROTECTED_BUFFERS}
V/ActivityManager(  978): Display changed displayId=0
V/WindowManager(  978): mAppsToBeHidden add Token{3866da7b ActivityRecord{247dc20a u0 io.cordova.myappba547e/.MainActivity t2621}}
V/WindowManager(  978): mAppsToBeHidden add Token{3866da7b ActivityRecord{247dc20a u0 io.cordova.myappba547e/.MainActivity t2621}}
V/WindowManager(  978): mAppsToBeHidden add Token{3866da7b ActivityRecord{247dc20a u0 io.cordova.myappba547e/.MainActivity t2621}}
V/AlarmManager(  978): sending alarm {18a77481 type 2 *walarm*:android.content.syncmanager.SYNC_ALARM}
V/AlarmManager(  978): done {18a77481, *walarm*:android.content.syncmanager.SYNC_ALARM} [3ms]
V/WindowManager(  978): mAppsToBeHidden add Token{3866da7b ActivityRecord{247dc20a u0 io.cordova.myappba547e/.MainActivity t2621}}
V/WindowManager(  978): mAppsToBeHidden add Token{3866da7b ActivityRecord{247dc20a u0 io.cordova.myappba547e/.MainActivity t2621}}
I/SFPerfTracer(  349):      triggers: (rate: 0:81) (8063225 sw vsyncs) (0 skipped) (0:5159117 vsyncs) (1323:13577144)
I/SFPerfTracer(  349):      triggers: (rate: 10610:468460) (compose: 0:41) (post: 0:37) (render: 0:1477) (54:4064928 frames) (55:4325915)
D/SFPerfTracer(  349):        layers: (2:11) (FocusedStackFrame (0xb74d6218): 1:13103)* (DimLayer (0xb74ef550): 0:45)* (DimLayer (0xb74f1a20): 0:25)* (DimLayer (0xb75912f0): 0:8868)* (DimLayer (0xb75939a8): 0:2445)* (StatusBar (0xb753d3f8): 25:328673) (com.android.systemui.ImageWallpaper (0xb7543fa0): 0:16376) (NavigationBar (0xb759b998): 0:38)- (io.cordova.myappba547e/io.cordova.myappba547e.MainActivity (0xb7572e30): 55:2824)* ( (0xb7575418): 0:3)- (ColorFade (0xb75401d8): 0:30)- 
I/SFPerfTracer(  349):      triggers: (rate: 10610:468460) (compose: 0:41) (post: 0:37) (render: 0:1477) (133:4065062 frames) (134:4326053)
D/SFPerfTracer(  349):        layers: (3:9) (FocusedStackFrame (0xb74d6218): 0:13103)* (DimLayer (0xb74ef550): 0:45)* (DimLayer (0xb74f1a20): 0:25)* (DimLayer (0xb75912f0): 0:8868)* (DimLayer (0xb75939a8): 0:2445)* (StatusBar (0xb753d3f8): 128:328803) (com.android.systemui.ImageWallpaper (0xb7543fa0): 0:16376) (io.cordova.myappba547e/io.cordova.myappba547e.MainActivity (0xb7572e30): 134:2962)* (NavigationBar (0xb759b998): 15:18) 
W/InputMethodManagerService(  978): Window already focused, ignoring focus gain of: com.android.internal.view.IInputMethodClient$Stub$Proxy@19483c81 attribute=android.view.inputmethod.EditorInfo@12f74126, token = android.os.BinderProxy@1d58e82b
I/ActivityManager(  978): Start proc 24953:com.vzw.hss.myverizon/u0a62 for broadcast com.vzw.hss.myverizon/com.vzw.geofencing.smart.receiver.MVSPrefsReceiver
I/SFPerfTracer(  349):      triggers: (rate: 0:81) (8063225 sw vsyncs) (0 skipped) (203:5159320 vsyncs) (205:13577349)
W/ResourcesManager(24953): Asset path '/system/framework/com.google.android.maps.jar' does not exist or contains no resources.
I/ActivityManager(  978): Killing 24424:com.quickoffice.android/u0a128 (adj 15): empty #13
V/AlarmManager(  978): sending alarm {15bd4fc type 2 *walarm*:ALARM_WAKEUP_ACTIVITY_DETECTION}
V/AlarmManager(  978): done {15bd4fc, *walarm*:ALARM_WAKEUP_ACTIVITY_DETECTION} [11ms]
V/AlarmManager(  978): sending alarm {15bd4fc type 2 *walarm*:ALARM_WAKEUP_ACTIVITY_DETECTION}
V/AlarmManager(  978): done {15bd4fc, *walarm*:ALARM_WAKEUP_ACTIVITY_DETECTION} [13ms]
V/WindowManager(  978): Adding window Window{14cbfcf3 u0 SurfaceView} at 7 of 15 (before Window{35bf4398 u0 com.motorola.actions})
I/SFPerfTracer(  349):      triggers: (rate: 10610:468461) (compose: 0:41) (post: 0:37) (render: 0:1477) (912:4066010 frames) (913:4327007)
D/SFPerfTracer(  349):        layers: (3:9) (FocusedStackFrame (0xb74d6218): 0:13105)* (DimLayer (0xb74ef550): 0:45)* (DimLayer (0xb74f1a20): 0:25)* (DimLayer (0xb75912f0): 0:8868)* (DimLayer (0xb75939a8): 0:2447)* (StatusBar (0xb753d3f8): 13:328840) (com.android.systemui.ImageWallpaper (0xb7543fa0): 0:16387)* (io.cordova.myappba547e/io.cordova.myappba547e.MainActivity (0xb7572e30): 913:3897) (NavigationBar (0xb759b998): 0:37) 
V/AlarmManager(  978): sending alarm {18deedb0 type 1 *alarm*:com.facebook.push.registration.ACTION_ALARM}
V/AlarmManager(  978): done {18deedb0, *alarm*:com.facebook.push.registration.ACTION_ALARM} [167ms]
V/AlarmManager(  978): sending alarm {15bd4fc type 2 *walarm*:ALARM_WAKEUP_ACTIVITY_DETECTION}
V/AlarmManager(  978): done {15bd4fc, *walarm*:ALARM_WAKEUP_ACTIVITY_DETECTION} [14ms]
I/PowerManagerService(  978): Going to sleep due to screen timeout (uid 1000)...
I/SFPerfTracer(  349):      triggers: (rate: 10610:468461) (compose: 0:41) (post: 0:37) (render: 0:1477) (399:4066409 frames) (400:4327409)
D/SFPerfTracer(  349):        layers: (3:10) (FocusedStackFrame (0xb74d6218): 0:13105)* (DimLayer (0xb74ef550): 0:45)* (DimLayer (0xb74f1a20): 0:25)* (DimLayer (0xb75912f0): 0:8868)* (DimLayer (0xb75939a8): 0:2447)* (StatusBar (0xb753d3f8): 8:328848) (com.android.systemui.ImageWallpaper (0xb7543fa0): 0:16387)* (io.cordova.myappba547e/io.cordova.myappba547e.MainActivity (0xb7572e30): 400:4299) (NavigationBar (0xb759b998): 0:37) ( (0xb75401d8): 1:3)* 
I/DisplayManagerService(  978): Display device changed: DisplayDeviceInfo{"Built-in Screen": uniqueId="local:0", 1080 x 1920, 60.0 fps, supportedRefreshRates [60.0], density 480, 422.03 x 424.069 dpi, appVsyncOff 7500000, presDeadline 12666667, touch INTERNAL, rotation 0, type BUILT_IN, state OFF, FLAG_DEFAULT_DISPLAY, FLAG_ROTATES_WITH_CONTENT, FLAG_SECURE, FLAG_SUPPORTS_PROTECTED_BUFFERS}
V/ActivityManager(  978): Display changed displayId=0
I/SFPerfTracer(  349):      triggers: (rate: 0:81) (8063225 sw vsyncs) (0 skipped) (1395:5160715 vsyncs) (1397:13578746)
V/WindowManager(  978): mAppsToBeHidden add Token{3866da7b ActivityRecord{247dc20a u0 io.cordova.myappba547e/.MainActivity t2621}}
V/WindowManager(  978): mAppsToBeHidden add Token{3866da7b ActivityRecord{247dc20a u0 io.cordova.myappba547e/.MainActivity t2621}}
I/PowerManagerService(  978): Sleeping (uid 1000)...
V/WindowManager(  978): mAppsToBeHidden add Token{3866da7b ActivityRecord{247dc20a u0 io.cordova.myappba547e/.MainActivity t2621}}
V/WindowManager(  978): mAppsToBeHidden add Token{3866da7b ActivityRecord{247dc20a u0 io.cordova.myappba547e/.MainActivity t2621}}
V/WindowManager(  978): mAppsToBeHidden add Token{3866da7b ActivityRecord{247dc20a u0 io.cordova.myappba547e/.MainActivity t2621}}
V/AlarmManager(  978): sending alarm {3f7eb0e4 type 0 *walarm*:com.facebook.analytics.service.a.ACTION_ALARM}
V/AlarmManager(  978): sending alarm {286d33e8 type 2 *walarm*:ALARM_WAKEUP_LOCATOR}
V/AlarmManager(  978): sending alarm {12f94374 type 2 *walarm*:com.android.internal.policy.impl.PhoneWindowManager.DELAYED_KEYGUARD}
V/AlarmManager(  978): done {3f7eb0e4, *walarm*:com.facebook.analytics.service.a.ACTION_ALARM} [5ms]
D/WifiService(  978): acquireWifiLockLocked: WifiLock{NlpWifiLock type=2 binder=android.os.BinderProxy@2667409d}
V/AlarmManager(  978): done {286d33e8, *walarm*:ALARM_WAKEUP_LOCATOR} [12ms]
V/AlarmManager(  978): done {12f94374, *walarm*:com.android.internal.policy.impl.PhoneWindowManager.DELAYED_KEYGUARD} [22ms]
D/WifiService(  978): releaseWifiLockLocked: WifiLock{NlpWifiLock type=2 binder=android.os.BinderProxy@2667409d}
V/WindowManager(  978): mAppsToBeHidden add Token{3866da7b ActivityRecord{247dc20a u0 io.cordova.myappba547e/.MainActivity t2621}}
V/WindowManager(  978): mAppsToBeHidden add Token{3866da7b ActivityRecord{247dc20a u0 io.cordova.myappba547e/.MainActivity t2621}}
V/WindowManager(  978): mAppsToBeHidden add Token{3866da7b ActivityRecord{247dc20a u0 io.cordova.myappba547e/.MainActivity t2621}}
V/WindowManager(  978): mAppsToBeHidden add Token{3866da7b ActivityRecord{247dc20a u0 io.cordova.myappba547e/.MainActivity t2621}}
V/WindowManager(  978): mAppsToBeHidden add Token{3866da7b ActivityRecord{247dc20a u0 io.cordova.myappba547e/.MainActivity t2621}}
V/WindowManager(  978): mAppsToBeHidden add Token{3866da7b ActivityRecord{247dc20a u0 io.cordova.myappba547e/.MainActivity t2621}}
V/WindowManager(  978): mAppsToBeHidden add Token{3866da7b ActivityRecord{247dc20a u0 io.cordova.myappba547e/.MainActivity t2621}}
V/WindowManager(  978): mAppsToBeHidden add Token{3866da7b ActivityRecord{247dc20a u0 io.cordova.myappba547e/.MainActivity t2621}}
V/AlarmManager(  978): sending alarm {31ce5bde type 3 *alarm*:android.intent.action.TIME_TICK}
V/AlarmManager(  978): sending alarm {1c20cc95 type 2 *walarm*:com.facebook.common.executors.WakingExecutorService.ACTION_ALARM.com.facebook.katana.Mqtt_Wakeup}
V/AlarmManager(  978): sending alarm {194ba6e type 1 *alarm*:ch.bitspin.timely.widget.UPDATE_ACTION}
V/AlarmManager(  978): sending alarm {14577874 type 3 *alarm*:com.google.android.gms/.lockbox.LockboxAlarmReceiver}
V/AlarmManager(  978): done {1c20cc95, *walarm*:com.facebook.common.executors.WakingExecutorService.ACTION_ALARM.com.facebook.katana.Mqtt_Wakeup} [4ms]
V/AlarmManager(  978): sending alarm {88ab1aa type 2 *walarm*:com.facebook.common.executors.dx.ACTION_ALARM.com.facebook.orca.Mqtt_Wakeup}
V/AlarmManager(  978): done {194ba6e, *alarm*:ch.bitspin.timely.widget.UPDATE_ACTION} [84ms]
V/AlarmManager(  978): done {14577874, *alarm*:com.google.android.gms/.lockbox.LockboxAlarmReceiver} [94ms]
V/AlarmManager(  978): done {88ab1aa, *walarm*:com.facebook.common.executors.dx.ACTION_ALARM.com.facebook.orca.Mqtt_Wakeup} [87ms]
V/AlarmManager(  978): done {31ce5bde, *alarm*:android.intent.action.TIME_TICK} [128ms]
V/AlarmManager(  978): sending alarm {17285426 type 2 *walarm*:com.google.android.intent.action.SEND_IDLE}
V/AlarmManager(  978): done {17285426, *walarm*:com.google.android.intent.action.SEND_IDLE} [14ms]
D/BatteryService(  978): uevent={POWER_SUPPLY_TEMP=317, POWER_SUPPLY_STATUS=Charging, POWER_SUPPLY_CAPACITY=100, ACTION=change, DEVPATH=/devices/qpnp-charger-ed22e400/power_supply/battery, POWER_SUPPLY_VOLTAGE_OCV=-22, POWER_SUPPLY_ONLINE=1, SUBSYSTEM=power_supply, POWER_SUPPLY_NUM_SYSTEM_TEMP_LEVELS=17, POWER_SUPPLY_INPUT_CURRENT_MAX=500000, POWER_SUPPLY_VOLTAGE_MAX_DESIGN=4350000, POWER_SUPPLY_CHARGE_FULL=2271000, POWER_SUPPLY_NAME=battery, POWER_SUPPLY_VOLTAGE_MIN_DESIGN=4300000, POWER_SUPPLY_VOLTAGE_MIN=4300000, POWER_SUPPLY_HEALTH=Good, POWER_SUPPLY_CYCLE_COUNT=34, POWER_SUPPLY_TECHNOLOGY=Li-ion, POWER_SUPPLY_CHARGE_TYPE=Fast, POWER_SUPPLY_PRESENT=1, POWER_SUPPLY_INPUT_CURRENT_SETTLED=0, POWER_SUPPLY_MODEL_NAME=EY30-LG, POWER_SUPPLY_VOLTAGE_NOW=4343903, SEQNUM=52127, POWER_SUPPLY_TEMP_WARM=450, POWER_SUPPLY_TEMP_COOL=0, POWER_SUPPLY_CHARGE_FULL_DESIGN=2281000, POWER_SUPPLY_CURRENT_NOW=-262170, POWER_SUPPLY_CHARGE_COUNTER=-17309, POWER_SUPPLY_SYSTEM_TEMP_LEVEL=0, POWER_SUPPLY_INPUT_CURRENT_TRIM=33, POWER_SUPPLY_VOLTAGE_EMPTY=3000000, POWER_SUPPLY_CHARGE_RATE=Normal, POWER_SUPPLY_INPUT_VOLTAGE_REGULATION=0, POWER_SUPPLY_CHARGING_ENABLED=1}
V/AlarmManager(  978): sending alarm {31ce5bde type 3 *alarm*:android.intent.action.TIME_TICK}
V/AlarmManager(  978): sending alarm {2ecef29a type 2 *walarm*:com.android.server.task.controllers.BatteryController.ACTION_CHARGING_STABLE}
V/AlarmManager(  978): sending alarm {25490397 type 2 *walarm*:com.facebook.rti.mqtt.e.f.ACTION_INEXACT_ALARM.MqttLite.com.facebook.orca}
V/AlarmManager(  978): sending alarm {b07c33e type 2 *walarm*:com.facebook.rti.mqtt.keepalive.KeepaliveManager.ACTION_INEXACT_ALARM.MqttLite.com.facebook.katana}
V/AlarmManager(  978): sending alarm {14577874 type 3 *alarm*:com.google.android.gms/.lockbox.LockboxAlarmReceiver}
V/AlarmManager(  978): sending alarm {286d33e8 type 2 *walarm*:ALARM_WAKEUP_LOCATOR}
V/AlarmManager(  978): sending alarm {194ba6e type 1 *alarm*:ch.bitspin.timely.widget.UPDATE_ACTION}
V/AlarmManager(  978): sending alarm {318534d7 type 3 *alarm*:com.motorola.actions.PERIODIC}
V/AlarmManager(  978): sending alarm {194ba6e type 1 *alarm*:ch.bitspin.timely.widget.UPDATE_ACTION}
V/AlarmManager(  978): done {318534d7, *alarm*:com.motorola.actions.PERIODIC} [26ms]
V/AlarmManager(  978): done {2ecef29a, *walarm*:com.android.server.task.controllers.BatteryController.ACTION_CHARGING_STABLE} [27ms]
V/AlarmManager(  978): done {25490397, *walarm*:com.facebook.rti.mqtt.e.f.ACTION_INEXACT_ALARM.MqttLite.com.facebook.orca} [33ms]
V/AlarmManager(  978): done {b07c33e, *walarm*:com.facebook.rti.mqtt.keepalive.KeepaliveManager.ACTION_INEXACT_ALARM.MqttLite.com.facebook.katana} [41ms]
V/AlarmManager(  978): done {14577874, *alarm*:com.google.android.gms/.lockbox.LockboxAlarmReceiver} [51ms]
D/WifiService(  978): acquireWifiLockLocked: WifiLock{NlpWifiLock type=2 binder=android.os.BinderProxy@2667409d}
V/AlarmManager(  978): done {286d33e8, *walarm*:ALARM_WAKEUP_LOCATOR} [132ms]
V/AlarmManager(  978): done {194ba6e, *alarm*:ch.bitspin.timely.widget.UPDATE_ACTION} [155ms]
V/AlarmManager(  978): done {194ba6e, *alarm*:ch.bitspin.timely.widget.UPDATE_ACTION} [174ms]
V/AlarmManager(  978): done {31ce5bde, *alarm*:android.intent.action.TIME_TICK} [217ms]
D/WifiService(  978): releaseWifiLockLocked: WifiLock{NlpWifiLock type=2 binder=android.os.BinderProxy@2667409d}
I/ActivityManager(  978): Killing 24121:com.verizon.messaging.vzmsgs:AniwaysService/u0a131 (adj 15): empty #13
V/AlarmManager(  978): sending alarm {31afe359 type 2 *walarm*:com.facebook.common.executors.dx.ACTION_ALARM.com.facebook.orca}
V/AlarmManager(  978): done {31afe359, *walarm*:com.facebook.common.executors.dx.ACTION_ALARM.com.facebook.orca} [15ms]
I/ProcessStatsService(  978): Prepared write state in 27ms
D/BatteryService(  978): uevent={POWER_SUPPLY_TEMP=307, POWER_SUPPLY_STATUS=Charging, POWER_SUPPLY_CAPACITY=100, ACTION=change, DEVPATH=/devices/qpnp-charger-ed22e400/power_supply/battery, POWER_SUPPLY_VOLTAGE_OCV=-22, POWER_SUPPLY_ONLINE=1, SUBSYSTEM=power_supply, POWER_SUPPLY_NUM_SYSTEM_TEMP_LEVELS=17, POWER_SUPPLY_INPUT_CURRENT_MAX=500000, POWER_SUPPLY_VOLTAGE_MAX_DESIGN=4350000, POWER_SUPPLY_CHARGE_FULL=2272000, POWER_SUPPLY_NAME=battery, POWER_SUPPLY_VOLTAGE_MIN_DESIGN=4300000, POWER_SUPPLY_VOLTAGE_MIN=4300000, POWER_SUPPLY_HEALTH=Good, POWER_SUPPLY_CYCLE_COUNT=34, POWER_SUPPLY_TECHNOLOGY=Li-ion, POWER_SUPPLY_CHARGE_TYPE=Fast, POWER_SUPPLY_PRESENT=1, POWER_SUPPLY_INPUT_CURRENT_SETTLED=0, POWER_SUPPLY_MODEL_NAME=EY30-LG, POWER_SUPPLY_VOLTAGE_NOW=4345515, SEQNUM=52129, POWER_SUPPLY_TEMP_WARM=450, POWER_SUPPLY_TEMP_COOL=0, POWER_SUPPLY_CHARGE_FULL_DESIGN=2281000, POWER_SUPPLY_CURRENT_NOW=-227340, POWER_SUPPLY_CHARGE_COUNTER=-27997, POWER_SUPPLY_SYSTEM_TEMP_LEVEL=0, POWER_SUPPLY_INPUT_CURRENT_TRIM=33, POWER_SUPPLY_VOLTAGE_EMPTY=3000000, POWER_SUPPLY_CHARGE_RATE=Normal, POWER_SUPPLY_INPUT_VOLTAGE_REGULATION=0, POWER_SUPPLY_CHARGING_ENABLED=1}
V/AlarmManager(  978): sending alarm {31ce5bde type 3 *alarm*:android.intent.action.TIME_TICK}
V/AlarmManager(  978): sending alarm {14577874 type 3 *alarm*:com.google.android.gms/.lockbox.LockboxAlarmReceiver}
V/AlarmManager(  978): sending alarm {19e583e6 type 3 *alarm*:com.google.android.gms.location.ENGINE_BATCH_TIMEOUT}
I/ActivityManager(  978): Start proc 25085:free.reddit.news/u0a153 for service free.reddit.news/reddit.news.services.InboxServiceFree
V/AlarmManager(  978): sending alarm {7dce826 type 2 *walarm*:free.reddit.news/reddit.news.services.InboxServiceFree}
V/AlarmManager(  978): sending alarm {286d33e8 type 2 *walarm*:ALARM_WAKEUP_LOCATOR}
V/AlarmManager(  978): sending alarm {15bd4fc type 2 *walarm*:ALARM_WAKEUP_ACTIVITY_DETECTION}
V/AlarmManager(  978): sending alarm {194ba6e type 1 *alarm*:ch.bitspin.timely.widget.UPDATE_ACTION}
V/AlarmManager(  978): sending alarm {194ba6e type 1 *alarm*:ch.bitspin.timely.widget.UPDATE_ACTION}
V/AlarmManager(  978): done {7dce826, *walarm*:free.reddit.news/reddit.news.services.InboxServiceFree} [144ms]
V/AlarmManager(  978): done {14577874, *alarm*:com.google.android.gms/.lockbox.LockboxAlarmReceiver} [145ms]
V/AlarmManager(  978): done {19e583e6, *alarm*:com.google.android.gms.location.ENGINE_BATCH_TIMEOUT} [145ms]
D/WifiService(  978): acquireWifiLockLocked: WifiLock{NlpWifiLock type=2 binder=android.os.BinderProxy@2667409d}
V/AlarmManager(  978): done {286d33e8, *walarm*:ALARM_WAKEUP_LOCATOR} [200ms]
V/AlarmManager(  978): done {31ce5bde, *alarm*:android.intent.action.TIME_TICK} [292ms]
V/AlarmManager(  978): done {15bd4fc, *walarm*:ALARM_WAKEUP_ACTIVITY_DETECTION} [295ms]
V/AlarmManager(  978): done {194ba6e, *alarm*:ch.bitspin.timely.widget.UPDATE_ACTION} [316ms]
V/AlarmManager(  978): done {194ba6e, *alarm*:ch.bitspin.timely.widget.UPDATE_ACTION} [334ms]
D/WifiService(  978): releaseWifiLockLocked: WifiLock{NlpWifiLock type=2 binder=android.os.BinderProxy@2667409d}
I/ActivityManager(  978): Killing 23365:com.google.process.gapps/u0a34 (adj 15): empty #13
I/PowerManagerService(  978): Waking up from sleep (uid 1000)...
V/WindowManager(  978): mAppsToBeHidden add Token{3866da7b ActivityRecord{247dc20a u0 io.cordova.myappba547e/.MainActivity t2621}}
I/DisplayManagerService(  978): Display device changed: DisplayDeviceInfo{"Built-in Screen": uniqueId="local:0", 1080 x 1920, 60.0 fps, supportedRefreshRates [60.0], density 480, 422.03 x 424.069 dpi, appVsyncOff 7500000, presDeadline 12666667, touch INTERNAL, rotation 0, type BUILT_IN, state ON, FLAG_DEFAULT_DISPLAY, FLAG_ROTATES_WITH_CONTENT, FLAG_SECURE, FLAG_SUPPORTS_PROTECTED_BUFFERS}
V/ActivityManager(  978): Display changed displayId=0
V/WindowManager(  978): mAppsToBeHidden add Token{3866da7b ActivityRecord{247dc20a u0 io.cordova.myappba547e/.MainActivity t2621}}
V/WindowManager(  978): mAppsToBeHidden add Token{3866da7b ActivityRecord{247dc20a u0 io.cordova.myappba547e/.MainActivity t2621}}
V/WindowManager(  978): mAppsToBeHidden add Token{3866da7b ActivityRecord{247dc20a u0 io.cordova.myappba547e/.MainActivity t2621}}
V/WindowManager(  978): mAppsToBeHidden add Token{3866da7b ActivityRecord{247dc20a u0 io.cordova.myappba547e/.MainActivity t2621}}
V/WindowManager(  978): mAppsToBeHidden add Token{3866da7b ActivityRecord{247dc20a u0 io.cordova.myappba547e/.MainActivity t2621}}
I/SFPerfTracer(  349):      triggers: (rate: 0:81) (8077530 sw vsyncs) (0 skipped) (0:5160728 vsyncs) (14305:13593066)
I/SFPerfTracer(  349):      triggers: (rate: 10610:468461) (compose: 0:41) (post: 0:37) (render: 0:1477) (88:4066528 frames) (89:4327539)
D/SFPerfTracer(  349):        layers: (2:11) (FocusedStackFrame (0xb74d6218): 1:13109)* (DimLayer (0xb74ef550): 0:45)* (DimLayer (0xb74f1a20): 0:25)* (DimLayer (0xb75912f0): 0:8868)* (DimLayer (0xb75939a8): 0:2447)* (StatusBar (0xb753d3f8): 25:328879) (com.android.systemui.ImageWallpaper (0xb7543fa0): 0:16388) (io.cordova.myappba547e/io.cordova.myappba547e.MainActivity (0xb7572e30): 89:4426)* (NavigationBar (0xb759b998): 0:37)- ( (0xb75401d8): 0:3)- (ColorFade (0xb75a9958): 0:30)- 
I/SFPerfTracer(  349):      triggers: (rate: 10610:468461) (compose: 0:41) (post: 0:37) (render: 0:1477) (128:4066657 frames) (129:4327671)
D/SFPerfTracer(  349):        layers: (3:9) (FocusedStackFrame (0xb74d6218): 0:13109)* (DimLayer (0xb74ef550): 0:45)* (DimLayer (0xb74f1a20): 0:25)* (DimLayer (0xb75912f0): 0:8868)* (DimLayer (0xb75939a8): 0:2447)* (StatusBar (0xb753d3f8): 129:329011) (com.android.systemui.ImageWallpaper (0xb7543fa0): 0:16388) (io.cordova.myappba547e/io.cordova.myappba547e.MainActivity (0xb7572e30): 129:4558)* (NavigationBar (0xb75401d8): 15:18) 
W/InputMethodManagerService(  978): Window already focused, ignoring focus gain of: com.android.internal.view.IInputMethodClient$Stub$Proxy@311fd6da attribute=android.view.inputmethod.EditorInfo@24a1170b, token = android.os.BinderProxy@1d58e82b
I/ActivityManager(  978): START u0 {act=com.android.systemui.recents.SHOW_RECENTS flg=0x10804000 cmp=com.android.systemui/.recents.RecentsActivity} from uid 10005 on display 0
I/SFPerfTracer(  349):      triggers: (rate: 10610:468461) (compose: 0:41) (post: 0:37) (render: 0:1477) (82:4066775 frames) (83:4327795)
