I/chromium(29755): [INFO:CONSOLE(37)] "[CodePush] Installing update", source: file:///android_asset/www/plugins/cordova-plugin-code-push/bin/www/codePushUtil.js (37)
D/TimelyDebug(30263): AlarmManager.registerAlarms: reason = delayed init.
W/Zip     (29755): extracting: /data/data/io.cordova.myappba547e/files/codepush/download/unzipped/www/cordova.js
W/Zip     (29755): extracting: /data/data/io.cordova.myappba547e/files/codepush/download/unzipped/www/cordova_plugins.js
W/Zip     (29755): extracting: /data/data/io.cordova.myappba547e/files/codepush/download/unzipped/www/index.html
W/Zip     (29755): extracting: /data/data/io.cordova.myappba547e/files/codepush/download/unzipped/www/cordova-js-src/exec.js
W/Zip     (29755): extracting: /data/data/io.cordova.myappba547e/files/codepush/download/unzipped/www/cordova-js-src/platform.js
W/Zip     (29755): extracting: /data/data/io.cordova.myappba547e/files/codepush/download/unzipped/www/css/index.css
W/Zip     (29755): extracting: /data/data/io.cordova.myappba547e/files/codepush/download/unzipped/www/images/cordova.png
W/Zip     (29755): extracting: /data/data/io.cordova.myappba547e/files/codepush/download/unzipped/www/scripts/android2.3-jscompat.js
W/Zip     (29755): extracting: /data/data/io.cordova.myappba547e/files/codepush/download/unzipped/www/scripts/appBundle.js
W/Zip     (29755): extracting: /data/data/io.cordova.myappba547e/files/codepush/download/unzipped/www/scripts/appBundle.js.map
W/Zip     (29755): extracting: /data/data/io.cordova.myappba547e/files/codepush/download/unzipped/www/scripts/index.js
W/Zip     (29755): extracting: /data/data/io.cordova.myappba547e/files/codepush/download/unzipped/www/scripts/platformOverrides.js
W/Zip     (29755): extracting: /data/data/io.cordova.myappba547e/files/codepush/download/unzipped/www/cordova-js-src/android/nativeapiprovider.js
W/Zip     (29755): extracting: /data/data/io.cordova.myappba547e/files/codepush/download/unzipped/www/cordova-js-src/android/promptbasednativeapi.js
W/Zip     (29755): extracting: /data/data/io.cordova.myappba547e/files/codepush/download/unzipped/www/plugins/cordova-plugin-whitelist/whitelist.js
W/Zip     (29755): extracting: /data/data/io.cordova.myappba547e/files/codepush/download/unzipped/www/plugins/cordova-plugin-zip/zip.js
W/Zip     (29755): extracting: /data/data/io.cordova.myappba547e/files/codepush/download/unzipped/www/cordova-js-src/plugin/android/app.js
W/Zip     (29755): extracting: /data/data/io.cordova.myappba547e/files/codepush/download/unzipped/www/plugins/code-push/script/acquisition-sdk.js
W/Zip     (29755): extracting: /data/data/io.cordova.myappba547e/files/codepush/download/unzipped/www/plugins/cordova-plugin-device/www/device.js
W/Zip     (29755): extracting: /data/data/io.cordova.myappba547e/files/codepush/download/unzipped/www/plugins/cordova-plugin-dialogs/www/notification.js
W/Zip     (29755): extracting: /data/data/io.cordova.myappba547e/files/codepush/download/unzipped/www/plugins/cordova-plugin-file/www/DirectoryEntry.js
W/Zip     (29755): extracting: /data/data/io.cordova.myappba547e/files/codepush/download/unzipped/www/plugins/cordova-plugin-file/www/DirectoryReader.js
W/Zip     (29755): extracting: /data/data/io.cordova.myappba547e/files/codepush/download/unzipped/www/plugins/cordova-plugin-file/www/Entry.js
W/Zip     (29755): extracting: /data/data/io.cordova.myappba547e/files/codepush/download/unzipped/www/plugins/cordova-plugin-file/www/File.js
W/Zip     (29755): extracting: /data/data/io.cordova.myappba547e/files/codepush/download/unzipped/www/plugins/cordova-plugin-file/www/FileEntry.js
W/Zip     (29755): extracting: /data/data/io.cordova.myappba547e/files/codepush/download/unzipped/www/plugins/cordova-plugin-file/www/FileError.js
W/Zip     (29755): extracting: /data/data/io.cordova.myappba547e/files/codepush/download/unzipped/www/plugins/cordova-plugin-file/www/FileReader.js
W/Zip     (29755): extracting: /data/data/io.cordova.myappba547e/files/codepush/download/unzipped/www/plugins/cordova-plugin-file/www/FileSystem.js
W/Zip     (29755): extracting: /data/data/io.cordova.myappba547e/files/codepush/download/unzipped/www/plugins/cordova-plugin-file/www/fileSystemPaths.js
W/Zip     (29755): extracting: /data/data/io.cordova.myappba547e/files/codepush/download/unzipped/www/plugins/cordova-plugin-file/www/fileSystems-roots.js
W/Zip     (29755): extracting: /data/data/io.cordova.myappba547e/files/codepush/download/unzipped/www/plugins/cordova-plugin-file/www/fileSystems.js
W/Zip     (29755): extracting: /data/data/io.cordova.myappba547e/files/codepush/download/unzipped/www/plugins/cordova-plugin-file/www/FileUploadOptions.js
W/Zip     (29755): extracting: /data/data/io.cordova.myappba547e/files/codepush/download/unzipped/www/plugins/cordova-plugin-file/www/FileUploadResult.js
W/Zip     (29755): extracting: /data/data/io.cordova.myappba547e/files/codepush/download/unzipped/www/plugins/cordova-plugin-file/www/FileWriter.js
W/Zip     (29755): extracting: /data/data/io.cordova.myappba547e/files/codepush/download/unzipped/www/plugins/cordova-plugin-file/www/Flags.js
W/Zip     (29755): extracting: /data/data/io.cordova.myappba547e/files/codepush/download/unzipped/www/plugins/cordova-plugin-file/www/LocalFileSystem.js
W/Zip     (29755): extracting: /data/data/io.cordova.myappba547e/files/codepush/download/unzipped/www/plugins/cordova-plugin-file/www/Metadata.js
W/Zip     (29755): extracting: /data/data/io.cordova.myappba547e/files/codepush/download/unzipped/www/plugins/cordova-plugin-file/www/ProgressEvent.js
V/Timely  (30263): Registering AlarmClocks.
W/Zip     (29755): extracting: /data/data/io.cordova.myappba547e/files/codepush/download/unzipped/www/plugins/cordova-plugin-file/www/requestFileSystem.js
W/Zip     (29755): extracting: /data/data/io.cordova.myappba547e/files/codepush/download/unzipped/www/plugins/cordova-plugin-file/www/resolveLocalFileSystemURI.js
W/Zip     (29755): extracting: /data/data/io.cordova.myappba547e/files/codepush/download/unzipped/www/plugins/cordova-plugin-file-transfer/www/FileTransfer.js
W/Zip     (29755): extracting: /data/data/io.cordova.myappba547e/files/codepush/download/unzipped/www/plugins/cordova-plugin-file-transfer/www/FileTransferError.js
W/Zip     (29755): extracting: /data/data/io.cordova.myappba547e/files/codepush/download/unzipped/www/plugins/cordova-plugin-code-push/bin/www/codePush.js
W/Zip     (29755): extracting: /data/data/io.cordova.myappba547e/files/codepush/download/unzipped/www/plugins/cordova-plugin-code-push/bin/www/codePushUtil.js
W/Zip     (29755): extracting: /data/data/io.cordova.myappba547e/files/codepush/download/unzipped/www/plugins/cordova-plugin-code-push/bin/www/fileUtil.js
W/Zip     (29755): extracting: /data/data/io.cordova.myappba547e/files/codepush/download/unzipped/www/plugins/cordova-plugin-code-push/bin/www/httpRequester.js
W/Zip     (29755): extracting: /data/data/io.cordova.myappba547e/files/codepush/download/unzipped/www/plugins/cordova-plugin-code-push/bin/www/installMode.js
W/Zip     (29755): extracting: /data/data/io.cordova.myappba547e/files/codepush/download/unzipped/www/plugins/cordova-plugin-code-push/bin/www/localPackage.js
W/Zip     (29755): extracting: /data/data/io.cordova.myappba547e/files/codepush/download/unzipped/www/plugins/cordova-plugin-code-push/bin/www/nativeAppInfo.js
W/Zip     (29755): extracting: /data/data/io.cordova.myappba547e/files/codepush/download/unzipped/www/plugins/cordova-plugin-code-push/bin/www/package.js
W/Zip     (29755): extracting: /data/data/io.cordova.myappba547e/files/codepush/download/unzipped/www/plugins/cordova-plugin-code-push/bin/www/remotePackage.js
W/Zip     (29755): extracting: /data/data/io.cordova.myappba547e/files/codepush/download/unzipped/www/plugins/cordova-plugin-code-push/bin/www/sdk.js
V/Timely  (30263): Registering System Alarm for alarm at 2016-04-06T08:29:58.523-07:00
W/Zip     (29755): extracting: /data/data/io.cordova.myappba547e/files/codepush/download/unzipped/www/plugins/cordova-plugin-code-push/bin/www/syncStatus.js
W/Zip     (29755): extracting: /data/data/io.cordova.myappba547e/files/codepush/download/unzipped/www/plugins/cordova-plugin-dialogs/www/android/notification.js
W/Zip     (29755): extracting: /data/data/io.cordova.myappba547e/files/codepush/download/unzipped/www/plugins/cordova-plugin-file/www/android/FileSystem.js
W/Zip     (29755): extracting: /data/data/io.cordova.myappba547e/files/codepush/download/unzipped/www/plugins/cordova-plugin-file/www/browser/isChrome.js
V/Timely  (30263): Registering System Alarm for finetune at 2016-04-06T08:29:53.523-07:00
V/Timely  (30263): Registering System Alarm for priority at 2016-04-06T08:29:48.523-07:00
W/BaseAppContext( 2702): Using Auth Proxy for data requests.
V/GLSActivity( 2702): AuthDelegateWrapperCreated with selected intent: Intent { cmp=com.google.android.gms/.auth.DefaultAuthDelegateService }
V/GLSActivity( 2702): AuthDelegateWrapperCreated with selected intent: Intent { cmp=com.google.android.gms/.auth.DefaultAuthDelegateService }
D/BatteryService(  978): uevent={POWER_SUPPLY_TEMP=308, POWER_SUPPLY_STATUS=Full, POWER_SUPPLY_CAPACITY=100, ACTION=change, DEVPATH=/devices/qpnp-charger-ed22e400/power_supply/battery, POWER_SUPPLY_VOLTAGE_OCV=-22, POWER_SUPPLY_ONLINE=1, SUBSYSTEM=power_supply, POWER_SUPPLY_NUM_SYSTEM_TEMP_LEVELS=17, POWER_SUPPLY_INPUT_CURRENT_MAX=500000, POWER_SUPPLY_VOLTAGE_MAX_DESIGN=4350000, POWER_SUPPLY_CHARGE_FULL=2272000, POWER_SUPPLY_NAME=battery, POWER_SUPPLY_VOLTAGE_MIN_DESIGN=4300000, POWER_SUPPLY_VOLTAGE_MIN=4300000, POWER_SUPPLY_HEALTH=Good, POWER_SUPPLY_CYCLE_COUNT=34, POWER_SUPPLY_TECHNOLOGY=Li-ion, POWER_SUPPLY_CHARGE_TYPE=Fast, POWER_SUPPLY_PRESENT=1, POWER_SUPPLY_INPUT_CURRENT_SETTLED=0, POWER_SUPPLY_MODEL_NAME=EY30-LG, POWER_SUPPLY_VOLTAGE_NOW=4154977, SEQNUM=52151, POWER_SUPPLY_TEMP_WARM=450, POWER_SUPPLY_TEMP_COOL=0, POWER_SUPPLY_CHARGE_FULL_DESIGN=2281000, POWER_SUPPLY_CURRENT_NOW=321613, POWER_SUPPLY_CHARGE_COUNTER=-14793, POWER_SUPPLY_SYSTEM_TEMP_LEVEL=0, POWER_SUPPLY_INPUT_CURRENT_TRIM=33, POWER_SUPPLY_VOLTAGE_EMPTY=3000000, POWER_SUPPLY_CHARGE_RATE=Normal, POWER_SUPPLY_INPUT_VOLTAGE_REGULATION=0, POWER_SUPPLY_CHARGING_ENABLED=1}
V/Timely  (30263): Registering System Alarm for presync at 2016-04-06T08:26:58.523-07:00
I/ActivityManager(  978): Start proc 30303:com.google.android.deskclock/u0a102 for broadcast com.google.android.deskclock/com.android.alarmclock.DigitalAppWidgetProvider
V/Timely  (30263): Registering System Alarm for dismiss at 2016-04-06T08:34:58.523-07:00
V/Timely  (30263): Registering System Alarm for upcoming at 2016-04-06T07:59:58.523-07:00
I/chromium(29755): [INFO:CONSOLE(37)] "[CodePush] First update: back up package information skipped. ", source: file:///android_asset/www/plugins/cordova-plugin-code-push/bin/www/codePushUtil.js (37)
D/TEST    (29755): cdvfile://localhost/files/codepush/currentPackage.json: 390
I/chromium(29755): [INFO:CONSOLE(37)] "[CodePush] Install succeeded.", source: file:///android_asset/www/plugins/cordova-plugin-code-push/bin/www/codePushUtil.js (37)
I/chromium(29755): [INFO:CONSOLE(37)] "[CodePush] Update is installed and will be run when the app next resumes.", source: file:///android_asset/www/plugins/cordova-plugin-code-push/bin/www/codePushUtil.js (37)
I/GCoreUlr( 2702): Batch Location Update succeeded for account account#12#
I/GAv4    (30303): Google Analytics 8.2.98 is starting up. To enable debug logging on a device run:
I/GAv4    (30303):   adb shell setprop log.tag.GAv4 DEBUG
I/GAv4    (30303):   adb logcat -s GAv4
I/ActivityManager(  978): Killing 29737:com.google.android.apps.plus/u0a127 (adj 15): empty #13
I/GCoreUlr( 2702): Upload task finished
I/ThermalEngine(  432): Sensor:chg_therm:32000 mC
I/MotoNetwCtrlr.MotoWifiHndlr( 1449): handleMessage: Entered msg.what=1
I/MotoNetwCtrlr.MotorolaWifiSignalController( 1449): isDirty: returns true
I/MotoNetwCtrlr.MotorolaWifiSignalController( 1449): notifyListeners: calling SB [0] setWifiIndicators (Motorola api): UseMotoUI=true Vis=true SBSig=0x7f02014c=stat_sys_wifi_signal_4_fully SBAct=0x7f0204fb=zz_moto_stat_sys_wifi_idle_fully_wide DescSig="Wifi signal full." DescAct="wifi idle" NetName=""MSFTOPEN""
I/MotoNetwCtrlr.MotorolaWifiSignalController( 1449): notifyListeners: calling SB [1] setWifiIndicators (Motorola api): UseMotoUI=true Vis=true SBSig=0x7f02014c=stat_sys_wifi_signal_4_fully SBAct=0x7f0204fb=zz_moto_stat_sys_wifi_idle_fully_wide DescSig="Wifi signal full." DescAct="wifi idle" NetName=""MSFTOPEN""
I/MotoNetwCtrlr.MotorolaWifiSignalController( 1449): notifyListeners: calling SB [2] setWifiIndicators (Motorola api): UseMotoUI=true Vis=true SBSig=0x7f02014c=stat_sys_wifi_signal_4_fully SBAct=0x7f0204fb=zz_moto_stat_sys_wifi_idle_fully_wide DescSig="Wifi signal full." DescAct="wifi idle" NetName=""MSFTOPEN""
I/MotoNetwCtrlr.MotoWifiHndlr( 1449): handleMessage: Completed
I/MotoNetwCtrlr( 1449): onReceive: Received intent=Intent { act=android.net.wifi.RSSI_CHANGED flg=0x4000010 (has extras) } Action=android.net.wifi.RSSI_CHANGED
I/MotoNetwCtrlr.MotoWifiSignalCtrlr( 1449): handleBroadcast: Entered: Intent=Intent { act=android.net.wifi.RSSI_CHANGED flg=0x4000010 (has extras) } Action=android.net.wifi.RSSI_CHANGED
I/MotoNetwCtrlr.MotorolaWifiSignalController( 1449): isDirty: returns false
I/MotoNetwCtrlr.MotoWifiSignalCtrlr( 1449): handleBroadcast: Completed
I/MotoNetwCtrlr( 1449): onReceive: Completed intent=Intent { act=android.net.wifi.RSSI_CHANGED flg=0x4000010 (has extras) } Action=android.net.wifi.RSSI_CHANGED
I/GCoreUlr( 2702): Starting service, intent=Intent { act=com.google.android.location.reporting.ACTION_UPDATE_ACTIVE_STATE cmp=com.google.android.gms/com.google.android.location.reporting.service.DispatchingService (has extras) }, extras=Bundle[{source=PowerModeReceiver}]
D/LocationFilter( 2702): Significant motion detection enabled.
I/GCoreUlr( 2702): DispatchingService.updateActiveState+PowerModeReceiver: Ensuring that reporting is active for [account#12#]
I/GCoreUlr( 2702): GMS FLP location and AR updates requested: {"description":"stationary","newRequest":true,"samplePeriodMs":2160000,"sampleReason":"stationary","sampleSource":"internal","timestampMs":1459882633358}
I/GAV3    (30263): Thread[GAThread,1,main]: No campaign data found.
I/GCoreUlr( 2702): Not changing BLE scan rates: active time: 2000ms alarm delay: 600000ms min delay: 300000ms
I/GCoreUlr( 2702): GMS BLE scans enabled.
I/GCoreUlr( 2702): Place inference reporting - stopped
I/GCoreUlr( 2702): Not calling LocationReporter, hasMoved: false, elapsed millis: 3205, request: Stationary(3600000)
I/GCoreUlr( 2702): Scheduling next upload for 3596795ms from now
D/SLPC    ( 1496): slpc_poll_loop(): handled 1
D/SLPC    ( 1496): slpc_poll_handle_event(): transition
D/SLPC    ( 1496): slpc_poll_loop(): about to poll...
D/sensorhub( 1496): sensorhub_poll() polling...
D/ModalityService( 1496): ModalityListener(): callback onModalityChange() -> 1
D/ModalityManager( 1710): onModalityChange() -> 1, package: com.motorola.bach.modemstats
I/MotoNetwCtrlr.MotoWifiHndlr( 1449): handleMessage: Entered msg.what=1
I/MotoNetwCtrlr.MotorolaWifiSignalController( 1449): isDirty: returns true
I/MotoNetwCtrlr.MotorolaWifiSignalController( 1449): notifyListeners: calling SB [0] setWifiIndicators (Motorola api): UseMotoUI=true Vis=true SBSig=0x7f02014c=stat_sys_wifi_signal_4_fully SBAct=0x7f0204ff=zz_moto_stat_sys_wifi_in_fully_wide DescSig="Wifi signal full." DescAct="wifi in" NetName=""MSFTOPEN""
I/MotoNetwCtrlr.MotorolaWifiSignalController( 1449): notifyListeners: calling SB [1] setWifiIndicators (Motorola api): UseMotoUI=true Vis=true SBSig=0x7f02014c=stat_sys_wifi_signal_4_fully SBAct=0x7f0204ff=zz_moto_stat_sys_wifi_in_fully_wide DescSig="Wifi signal full." DescAct="wifi in" NetName=""MSFTOPEN""
I/MotoNetwCtrlr.MotorolaWifiSignalController( 1449): notifyListeners: calling SB [2] setWifiIndicators (Motorola api): UseMotoUI=true Vis=true SBSig=0x7f02014c=stat_sys_wifi_signal_4_fully SBAct=0x7f0204ff=zz_moto_stat_sys_wifi_in_fully_wide DescSig="Wifi signal full." DescAct="wifi in" NetName=""MSFTOPEN""
I/MotoNetwCtrlr.MotoWifiHndlr( 1449): handleMessage: Completed
I/MotoNetwCtrlr.MotoWifiHndlr( 1449): handleMessage: Entered msg.what=1
I/MotoNetwCtrlr.MotorolaWifiSignalController( 1449): isDirty: returns true
I/MotoNetwCtrlr.MotorolaWifiSignalController( 1449): notifyListeners: calling SB [0] setWifiIndicators (Motorola api): UseMotoUI=true Vis=true SBSig=0x7f02014c=stat_sys_wifi_signal_4_fully SBAct=0x7f0204fb=zz_moto_stat_sys_wifi_idle_fully_wide DescSig="Wifi signal full." DescAct="wifi idle" NetName=""MSFTOPEN""
I/MotoNetwCtrlr.MotorolaWifiSignalController( 1449): notifyListeners: calling SB [1] setWifiIndicators (Motorola api): UseMotoUI=true Vis=true SBSig=0x7f02014c=stat_sys_wifi_signal_4_fully SBAct=0x7f0204fb=zz_moto_stat_sys_wifi_idle_fully_wide DescSig="Wifi signal full." DescAct="wifi idle" NetName=""MSFTOPEN""
I/MotoNetwCtrlr.MotorolaWifiSignalController( 1449): notifyListeners: calling SB [2] setWifiIndicators (Motorola api): UseMotoUI=true Vis=true SBSig=0x7f02014c=stat_sys_wifi_signal_4_fully SBAct=0x7f0204fb=zz_moto_stat_sys_wifi_idle_fully_wide DescSig="Wifi signal full." DescAct="wifi idle" NetName=""MSFTOPEN""
I/MotoNetwCtrlr.MotoWifiHndlr( 1449): handleMessage: Completed
I/MotoNetwCtrlr.MotoNetwCtrlrImpl.MotorolaMobileSignalController( 1 ) ( 1449): MotorolaMobilePhoneStateListener.onSignalStrengthsChanged: Entered: signalStrength=SignalStrength: 99 0 -75 -70 -120 -1 -1 20 -97 -4 176 2147483647 2147483647 cdma 0 -108 -1 false 0 0 5 0 3 16 99 99 5 0 level=3
D/ConnectivityManager( 1449): getMobileDataEnabled()+ subId=1
D/PhoneInterfaceManager( 1800): [PhoneIntfMgr] getDataEnabled: subId=1 phoneId=0
D/PhoneInterfaceManager( 1800): [PhoneIntfMgr] getDataEnabled: subId=1 retVal=true
D/ConnectivityManager( 1449): getMobileDataEnabled()- subId=1 retVal=true
I/MotoNetwCtrlr.MotoNetwCtrlrImpl.MotorolaMobileSignalController( 1 ) ( 1449): isDirty: returns true
I/MotoNetwCtrlr.MotoNetwCtrlrImpl.MotorolaMobileSignalController( 1 ) ( 1449): notifyListeners: calling SB [0] setMobileDataIndicators (Motorola api): mobileUseMotoUI=true mobileEnabled=true mobileSimIconId=( none ) mobileSignalIconId=0x7f020492=zz_moto_stat_sys_signal_3_of_5_fully_separated_wide mobileRoamingIconId=( none ) mobileDataTypeIconId=0x7f0203ea=zz_moto_stat_sys_data_suspended_4g_lte_wide mobileDataActivityIconId=0x7f020337=zz_moto_stat_sys_data_activity_empty_wide mobileCarrierDescription="Verizon Wireless" mobileSimDescription="" mobileSignalContentDescription="phone signal three bars" mobileRoamingDescription="" mobileDataTypeContentDescription="4 G L T E" mobileDataActivityContentDescription="mobile suspended for wifi" mobileIsRoaming=false isDataTypeIconWide=true mobileIsBidiDirectionEnabled=true mobileSubId=1
I/MotoNetwCtrlr.MotoNetwCtrlrImpl.MotorolaMobileSignalController( 1 ) ( 1449): notifyListeners: calling SB [1] setMobileDataIndicators (Motorola api): mobileUseMotoUI=true mobileEnabled=true mobileSimIconId=( none ) mobileSignalIconId=0x7f020492=zz_moto_stat_sys_signal_3_of_5_fully_separated_wide mobileRoamingIconId=( none ) mobileDataTypeIconId=0x7f0203ea=zz_moto_stat_sys_data_suspended_4g_lte_wide mobileDataActivityIconId=0x7f020337=zz_moto_stat_sys_data_activity_empty_wide mobileCarrierDescription="Verizon Wireless" mobileSimDescription="" mobileSignalContentDescription="phone signal three bars" mobileRoamingDescription="" mobileDataTypeContentDescription="4 G L T E" mobileDataActivityContentDescription="mobile suspended for wifi" mobileIsRoaming=false isDataTypeIconWide=true mobileIsBidiDirectionEnabled=true mobileSubId=1
I/MotoNetwCtrlr.MotoNetwCtrlrImpl.MotorolaMobileSignalController( 1 ) ( 1449): notifyListeners: calling SB [2] setMobileDataIndicators (Motorola api): mobileUseMotoUI=true mobileEnabled=true mobileSimIconId=( none ) mobileSignalIconId=0x7f020492=zz_moto_stat_sys_signal_3_of_5_fully_separated_wide mobileRoamingIconId=( none ) mobileDataTypeIconId=0x7f0203ea=zz_moto_stat_sys_data_suspended_4g_lte_wide mobileDataActivityIconId=0x7f020337=zz_moto_stat_sys_data_activity_empty_wide mobileCarrierDescription="Verizon Wireless" mobileSimDescription="" mobileSignalContentDescription="phone signal three bars" mobileRoamingDescription="" mobileDataTypeContentDescription="4 G L T E" mobileDataActivityContentDescription="mobile suspended for wifi" mobileIsRoaming=false isDataTypeIconWide=true mobileIsBidiDirectionEnabled=true mobileSubId=1
I/MotoNetwCtrlr.MotoNetwCtrlrImpl.MotorolaMobileSignalController( 1 ) ( 1449): MotorolaMobilePhoneStateListener.onSignalStrengthsChanged: completed: level=3
I/MotoNetwCtrlr( 1449): onReceive: Received intent=Intent { act=android.net.wifi.RSSI_CHANGED flg=0x4000010 (has extras) } Action=android.net.wifi.RSSI_CHANGED
I/MotoNetwCtrlr.MotoWifiSignalCtrlr( 1449): handleBroadcast: Entered: Intent=Intent { act=android.net.wifi.RSSI_CHANGED flg=0x4000010 (has extras) } Action=android.net.wifi.RSSI_CHANGED
I/MotoNetwCtrlr.MotorolaWifiSignalController( 1449): isDirty: returns false
I/MotoNetwCtrlr.MotoWifiSignalCtrlr( 1449): handleBroadcast: Completed
I/MotoNetwCtrlr( 1449): onReceive: Completed intent=Intent { act=android.net.wifi.RSSI_CHANGED flg=0x4000010 (has extras) } Action=android.net.wifi.RSSI_CHANGED
I/InputReader(  978): Reconfiguring input devices.  changes=0x00000010
I/ActivityManager(  978): Start proc 30328:com.google.android.talk/u0a118 for broadcast com.google.android.talk/com.google.android.apps.hangouts.phone.PackageReplacedReceiver
D/ClClient(22713): Not sending keepalive.  Current connection state=STOPPED
W/ResourcesManager( 1800): Asset path '/system/framework/com.google.android.media.effects.jar' does not exist or contains no resources.
W/ResourcesManager(30328): Asset path '/system/framework/com.google.android.media.effects.jar' does not exist or contains no resources.
W/ActivityManager(  978): getRunningAppProcesses: caller 10118 does not hold REAL_GET_TASKS; limiting output
I/Babel_telephony(30328): TeleModule.onApplicationCreate
D/BackupManagerService(  978): Received broadcast Intent { act=android.intent.action.PACKAGE_CHANGED dat=package:com.google.android.gms flg=0x4000010 (has extras) }
I/BackupManagerService(  978): Unbinding ComponentInfo{com.google.android.gms/com.google.android.gms.backup.BackupTransportService}
I/BackupManagerService(  978): Binding to transport host ComponentInfo{com.google.android.gms/com.google.android.gms.backup.BackupTransportService}
V/BackupManagerService(  978): Connected to transport ComponentInfo{com.google.android.gms/com.google.android.gms.backup.BackupTransportService}
V/BackupManagerService(  978): Registering transport com.google.android.gms/.backup.BackupTransportService::com.google.android.gms/.backup.BackupTransportService = com.android.internal.backup.IBackupTransport$Stub$Proxy@33824e6c
I/Babel_SMS(30328): MmsConfig: mnc/mcc: 311/480
I/Babel_SMS(30328): MmsConfig.loadMmsSettings
I/Babel_SMS(30328): MmsConfig.loadDeviceMmsSettings from API: mUserAgent=motoxt1096, mUaProfUrl=http://uaprof.vtext.com/mot/xt1096/xt1096.xml
I/Babel_SMS(30328): MmsConfig.loadFromDatabase
E/SQLiteLog(30328): (1) no such table: mmsconfig
I/Babel_SMS(30328): MmsConfig: no mmsconfig table android.database.sqlite.SQLiteException: no such table: mmsconfig (code 1): , while compiling: SELECT key, value, type FROM mmsconfig WHERE numeric=?
I/Babel_SMS(30328): MmsConfig.loadFromResources
E/Babel_SMS(30328): canonicalizeMccMnc: invalid mccmnc nullnull
W/Babel_SMS(30328): MmsConfig: invalid key=uaProfTagName or type=string
I/Babel_SMS(30328): MmsConfig.loadMmsSettings: mUserAgent=motoxt1096, mUaProfUrl=http://uaprof.vtext.com/mot/xt1096/xt1096.xml
D/WifiService(  978): acquireWifiLockLocked: WifiLock{NlpWifiLock type=2 binder=android.os.BinderProxy@3c46ea06}
E/WifiStateMachine(  978): WifiStateMachine CMD_START_SCAN source 10034 txSuccessRate=15.28 rxSuccessRate=33.24 targetRoamBSSID=any RSSI=-50
E/WifiStateMachine(  978): [1,459,882,637,000 ms] noteScanStartWorkSource{10067} uid 10034
I/art     (  978): Explicit concurrent mark sweep GC freed 42329(2MB) AllocSpace objects, 3(48KB) LOS objects, 25% free, 47MB/63MB, paused 1.350ms total 127.695ms
W/ResourcesManager(27477): Asset path '/system/framework/com.google.android.maps.jar' does not exist or contains no resources.
I/Babel_Crash(30328): Startup - clean
D/PkgBroadcastIntentOp(25456): Received broadcast action=android.intent.action.PACKAGE_CHANGED and uri=com.google.android.gms
I/PkgBroadcastIntentOp(25456): Null package name or gms related package.  Ignoreing.
I/ActivityManager(  978): Start proc 30366:com.google.android.apps.walletnfcrel/u0a7 for broadcast com.google.android.apps.walletnfcrel/com.google.commerce.tapandpay.android.account.RefreshActiveAccountReceiver
I/SFPerfTracer(  349):      triggers: (rate: 0:81) (8109670 sw vsyncs) (0 skipped) (541:5175379 vsyncs) (543:13640186)
D/WearableController(25456): Received broadcast action=android.intent.action.PACKAGE_CHANGED and uri=com.google.android.gms
I/Icing   (25456): updateResources: need to parse f{com.google.android.gms}
D/Babel   (30328): onCreate: Shutdown runnable posted in onCreate with a delay of 5000 ms.
W/ResourcesManager(30328): Asset path '/system/framework/com.android.media.remotedisplay.jar' does not exist or contains no resources.
W/ResourcesManager(30328): Asset path '/system/framework/com.android.location.provider.jar' does not exist or contains no resources.
V/JNIHelp (30328): Registering com/google/android/gms/org/conscrypt/NativeCrypto's 254 native methods...
I/ProviderInstaller(30328): Installed default security provider GmsCore_OpenSSL
D/Babel   (30328): Idle: Shutdown runnable posted in release with a delay of 5000 ms.
W/ResourcesManager(30366): Asset path '/system/framework/com.android.media.remotedisplay.jar' does not exist or contains no resources.
W/ResourcesManager(30366): Asset path '/system/framework/com.android.location.provider.jar' does not exist or contains no resources.
V/JNIHelp (30366): Registering com/google/android/gms/org/conscrypt/NativeCrypto's 254 native methods...
I/ProviderInstaller(30366): Installed default security provider GmsCore_OpenSSL
W/InstanceID/Rpc(30366): Found 10034
I/GunsAppRegManager(30366): GCM Project Id: 144105662513, View Id: tapandpay
I/UpdateIcingCorporaServi(30082): Updating corpora: APPS=com.google.android.gms, CONTACTS=MAYBE
I/UpdateIcingCorporaServi(30082): UpdateCorporaTask done [took 68 ms] updated apps [took 68 ms] 
I/ActivityManager(  978): Start proc 30396:com.android.vending/u0a52 for broadcast com.android.vending/com.google.android.finsky.receivers.PackageMonitorReceiver$RegisteredReceiver
I/MotoNetwCtrlr.MotoNetwCtrlrImpl.MotorolaMobileSignalController( 1 ) ( 1449): MotorolaMobilePhoneStateListener.onSignalStrengthsChanged: Entered: signalStrength=SignalStrength: 99 0 -75 -70 -120 -1 -1 20 -97 -4 166 2147483647 2147483647 cdma 0 -108 -1 false 0 0 5 0 3 16 99 99 5 0 level=3
D/ConnectivityManager( 1449): getMobileDataEnabled()+ subId=1
D/PhoneInterfaceManager( 1800): [PhoneIntfMgr] getDataEnabled: subId=1 phoneId=0
D/PhoneInterfaceManager( 1800): [PhoneIntfMgr] getDataEnabled: subId=1 retVal=true
D/ConnectivityManager( 1449): getMobileDataEnabled()- subId=1 retVal=true
I/MotoNetwCtrlr.MotoNetwCtrlrImpl.MotorolaMobileSignalController( 1 ) ( 1449): isDirty: returns true
I/MotoNetwCtrlr.MotoNetwCtrlrImpl.MotorolaMobileSignalController( 1 ) ( 1449): notifyListeners: calling SB [0] setMobileDataIndicators (Motorola api): mobileUseMotoUI=true mobileEnabled=true mobileSimIconId=( none ) mobileSignalIconId=0x7f020492=zz_moto_stat_sys_signal_3_of_5_fully_separated_wide mobileRoamingIconId=( none ) mobileDataTypeIconId=0x7f0203ea=zz_moto_stat_sys_data_suspended_4g_lte_wide mobileDataActivityIconId=0x7f020337=zz_moto_stat_sys_data_activity_empty_wide mobileCarrierDescription="Verizon Wireless" mobileSimDescription="" mobileSignalContentDescription="phone signal three bars" mobileRoamingDescription="" mobileDataTypeContentDescription="4 G L T E" mobileDataActivityContentDescription="mobile suspended for wifi" mobileIsRoaming=false isDataTypeIconWide=true mobileIsBidiDirectionEnabled=true mobileSubId=1
I/MotoNetwCtrlr.MotoNetwCtrlrImpl.MotorolaMobileSignalController( 1 ) ( 1449): notifyListeners: calling SB [1] setMobileDataIndicators (Motorola api): mobileUseMotoUI=true mobileEnabled=true mobileSimIconId=( none ) mobileSignalIconId=0x7f020492=zz_moto_stat_sys_signal_3_of_5_fully_separated_wide mobileRoamingIconId=( none ) mobileDataTypeIconId=0x7f0203ea=zz_moto_stat_sys_data_suspended_4g_lte_wide mobileDataActivityIconId=0x7f020337=zz_moto_stat_sys_data_activity_empty_wide mobileCarrierDescription="Verizon Wireless" mobileSimDescription="" mobileSignalContentDescription="phone signal three bars" mobileRoamingDescription="" mobileDataTypeContentDescription="4 G L T E" mobileDataActivityContentDescription="mobile suspended for wifi" mobileIsRoaming=false isDataTypeIconWide=true mobileIsBidiDirectionEnabled=true mobileSubId=1
I/MotoNetwCtrlr.MotoNetwCtrlrImpl.MotorolaMobileSignalController( 1 ) ( 1449): notifyListeners: calling SB [2] setMobileDataIndicators (Motorola api): mobileUseMotoUI=true mobileEnabled=true mobileSimIconId=( none ) mobileSignalIconId=0x7f020492=zz_moto_stat_sys_signal_3_of_5_fully_separated_wide mobileRoamingIconId=( none ) mobileDataTypeIconId=0x7f0203ea=zz_moto_stat_sys_data_suspended_4g_lte_wide mobileDataActivityIconId=0x7f020337=zz_moto_stat_sys_data_activity_empty_wide mobileCarrierDescription="Verizon Wireless" mobileSimDescription="" mobileSignalContentDescription="phone signal three bars" mobileRoamingDescription="" mobileDataTypeContentDescription="4 G L T E" mobileDataActivityContentDescription="mobile suspended for wifi" mobileIsRoaming=false isDataTypeIconWide=true mobileIsBidiDirectionEnabled=true mobileSubId=1
I/MotoNetwCtrlr.MotoNetwCtrlrImpl.MotorolaMobileSignalController( 1 ) ( 1449): MotorolaMobilePhoneStateListener.onSignalStrengthsChanged: completed: level=3
I/ActivityManager(  978): Killing 29825:com.google.android.apps.docs/u0a95 (adj 15): empty #13
I/Finsky  (30396): [1] com.google.android.finsky.FinskyApp.onCreate(369): Initializing network with DFE https://android.clients.google.com/fdfe/
I/Finsky  (30396): [1] com.google.android.finsky.services.DailyHygiene.a(123): No need to run daily hygiene.
W/Settings(30396): Setting download_manager_max_bytes_over_mobile has moved from android.provider.Settings.Secure to android.provider.Settings.Global.
W/Settings(30396): Setting download_manager_recommended_max_bytes_over_mobile has moved from android.provider.Settings.Secure to android.provider.Settings.Global.
D/Ads     (30396): Skipping gmscore version check
I/Finsky  (30396): [1] com.google.android.finsky.receivers.h.a(1152): Installer kick - no action, not running yet
I/Finsky  (30396): [1] com.google.android.finsky.i.j.run(208): Loaded library for account: [XcXb5xQj8BY362LYobZjzZVdPkM]
I/Finsky  (30396): [1] com.google.android.finsky.i.j.run(208): Loaded library for account: [Po-e1ITmA6YEDOc-DZ-yfV3oWm4]
I/Finsky  (30396): [1] com.google.android.finsky.i.j.run(214): Finished loading 2 libraries.
I/ActivityManager(  978): Start proc 30436:com.google.android.apps.plus/u0a127 for broadcast com.google.android.apps.plus/.service.PackagesMediaMonitor
I/ActivityManager(  978): Killing 29881:com.textra/u0a149 (adj 15): empty #13
W/ResourcesManager(30436): Asset path '/system/framework/com.google.android.maps.jar' does not exist or contains no resources.
I/Finsky  (30396): [1] com.google.android.finsky.b.j.a(270): result=false type=4
I/Finsky  (30396): [1] com.google.android.finsky.services.ar.a(1049): Restore complete with 0 success and 0 failed.
I/Icing   (25456): Indexing 2A5A9207DFC49E6AE617E39B0F08874005DAE53E from com.google.android.gms
I/Icing   (25456): Not enough disk space for indexing trimmable
I/Icing   (25456): Not enough disk space for indexing trimmable
I/Icing   (25456): Indexing done 2A5A9207DFC49E6AE617E39B0F08874005DAE53E
I/MotoNetwCtrlr.MotoWifiHndlr( 1449): handleMessage: Entered msg.what=1
I/MotoNetwCtrlr.MotorolaWifiSignalController( 1449): isDirty: returns true
I/MotoNetwCtrlr.MotorolaWifiSignalController( 1449): notifyListeners: calling SB [0] setWifiIndicators (Motorola api): UseMotoUI=true Vis=true SBSig=0x7f02014c=stat_sys_wifi_signal_4_fully SBAct=0x7f020503=zz_moto_stat_sys_wifi_inout_fully_wide DescSig="Wifi signal full." DescAct="wifi in and out" NetName=""MSFTOPEN""
I/MotoNetwCtrlr.MotorolaWifiSignalController( 1449): notifyListeners: calling SB [1] setWifiIndicators (Motorola api): UseMotoUI=true Vis=true SBSig=0x7f02014c=stat_sys_wifi_signal_4_fully SBAct=0x7f020503=zz_moto_stat_sys_wifi_inout_fully_wide DescSig="Wifi signal full." DescAct="wifi in and out" NetName=""MSFTOPEN""
I/MotoNetwCtrlr.MotorolaWifiSignalController( 1449): notifyListeners: calling SB [2] setWifiIndicators (Motorola api): UseMotoUI=true Vis=true SBSig=0x7f02014c=stat_sys_wifi_signal_4_fully SBAct=0x7f020503=zz_moto_stat_sys_wifi_inout_fully_wide DescSig="Wifi signal full." DescAct="wifi in and out" NetName=""MSFTOPEN""
I/MotoNetwCtrlr.MotoWifiHndlr( 1449): handleMessage: Completed
I/ActivityManager(  978): Start proc 30465:com.textra/u0a149 for broadcast com.textra/com.mplus.lib.fa
I/SFPerfTracer(  349):      triggers: (rate: 0:81) (8109670 sw vsyncs) (0 skipped) (51:5175488 vsyncs) (53:13640301)
I/MotoNetwCtrlr( 1449): onReceive: Received intent=Intent { act=android.net.wifi.RSSI_CHANGED flg=0x4000010 (has extras) } Action=android.net.wifi.RSSI_CHANGED
I/MotoNetwCtrlr.MotoWifiSignalCtrlr( 1449): handleBroadcast: Entered: Intent=Intent { act=android.net.wifi.RSSI_CHANGED flg=0x4000010 (has extras) } Action=android.net.wifi.RSSI_CHANGED
I/MotoNetwCtrlr.MotorolaWifiSignalController( 1449): isDirty: returns true
I/MotoNetwCtrlr.MotorolaWifiSignalController( 1449): notifyListeners: calling SB [0] setWifiIndicators (Motorola api): UseMotoUI=true Vis=true SBSig=0x7f02014c=stat_sys_wifi_signal_4_fully SBAct=0x7f020503=zz_moto_stat_sys_wifi_inout_fully_wide DescSig="Wifi signal full." DescAct="wifi in and out" NetName=""MSFTOPEN""
D/TCMD    (  571): NL - Read 56 bytes from update socket.
D/TCMD    (  571): NL - message type is RTM_NEWLINK
D/TCMD    (  571): Listening for incoming client connection request
I/MotoNetwCtrlr.MotorolaWifiSignalController( 1449): notifyListeners: calling SB [1] setWifiIndicators (Motorola api): UseMotoUI=true Vis=true SBSig=0x7f02014c=stat_sys_wifi_signal_4_fully SBAct=0x7f020503=zz_moto_stat_sys_wifi_inout_fully_wide DescSig="Wifi signal full." DescAct="wifi in and out" NetName=""MSFTOPEN""
I/MotoNetwCtrlr.MotorolaWifiSignalController( 1449): notifyListeners: calling SB [2] setWifiIndicators (Motorola api): UseMotoUI=true Vis=true SBSig=0x7f02014c=stat_sys_wifi_signal_4_fully SBAct=0x7f020503=zz_moto_stat_sys_wifi_inout_fully_wide DescSig="Wifi signal full." DescAct="wifi in and out" NetName=""MSFTOPEN""
E/WifiStateMachine(  978): [1,459,882,639,362 ms] noteScanEnd WorkSource{10067} onTime=0
I/MotoNetwCtrlr.MotoWifiSignalCtrlr( 1449): handleBroadcast: Completed
I/MotoNetwCtrlr( 1449): onReceive: Completed intent=Intent { act=android.net.wifi.RSSI_CHANGED flg=0x4000010 (has extras) } Action=android.net.wifi.RSSI_CHANGED
E/WifiStateMachine(  978): wifi setScanResults statecom.android.server.wifi.WifiStateMachine$ConnectedState@2562bc5b sup_state=COMPLETED debouncing=false mConnectionRequests=1 selection=<none>
I/ActivityManager(  978): Killing 30033:com.verizon.vzwavs/u0a68 (adj 15): empty #13
D/WifiService(  978): releaseWifiLockLocked: WifiLock{NlpWifiLock type=2 binder=android.os.BinderProxy@3c46ea06}
D/LocationFilter( 2702): Significant motion detection disabled.
I/GCoreUlr( 2702): Starting service, intent=Intent { act=com.google.android.location.reporting.ACTION_UPDATE_ACTIVE_STATE cmp=com.google.android.gms/com.google.android.location.reporting.service.DispatchingService (has extras) }, extras=Bundle[{source=PowerModeReceiver}]
W/ActivityManager(  978): getRunningAppProcesses: caller 10149 does not hold REAL_GET_TASKS; limiting output
I/ACRA    (30465): ACRA is enabled for com.textra, initializing...
D/LocationFilter( 2702): Forcing stable location. Original location:Location[fused 47.643296,-122.127808 acc=21 et=+16d11h17m36s745ms {Bundle[{wifiScan=[B@3db9cb38, noGPSLocation=Location[fused 47.643296,-122.127808 acc=21 et=+16d11h17m36s745ms {Bundle[mParcelledData.dataSize=300]}], locationType=3}]}] because connected WiFi network is the same, bssid=18:64:72:5e:8b:71
I/GCoreUlr( 2702): DispatchingService.updateActiveState+PowerModeReceiver: Ensuring that reporting is active for [account#12#]
I/ActivityManager(  978): Start proc 30484:com.textra:acra/u0a149 for service com.textra/org.acra.sender.SenderService
W/ActivityManager(  978): getRunningAppProcesses: caller 10149 does not hold REAL_GET_TASKS; limiting output
I/GCoreUlr( 2702): GMS FLP location and AR updates requested: {"description":"default","newRequest":true,"samplePeriodMs":120000,"sampleReason":"default","sampleSource":"internal","timestampMs":1459882639603}
I/GCoreUlr( 2702): Not changing BLE scan rates: active time: 2000ms alarm delay: 600000ms min delay: 300000ms
I/GCoreUlr( 2702): GMS BLE scans enabled.
I/GCoreUlr( 2702): Place inference reporting - stopped
I/GCoreUlr( 2702): Successfully inserted 1 locations
I/GCoreUlr( 2702): Cancelling scheduled uploads
I/GCoreUlr( 2702): Not calling LocationReporter, hasMoved: false, elapsed millis: 9442, request: Stationary(3600000)
I/GCoreUlr( 2702): Scheduling next upload for 3590558ms from now
W/ActivityManager(  978): getRunningAppProcesses: caller 10149 does not hold REAL_GET_TASKS; limiting output
W/ActivityManager(  978): getRunningAppProcesses: caller 10149 does not hold REAL_GET_TASKS; limiting output
I/GCoreUlr( 2702): Cancelling scheduled uploads
I/GCoreUlr( 2702): Not calling LocationReporter, hasMoved: true, elapsed millis: 9468, request: Moving(600000)
I/GCoreUlr( 2702): Scheduling next upload for 590532ms from now
I/ActivityManager(  978): Killing 30149:com.google.android.apps.magazines/u0a124 (adj 15): empty #13
I/ActivityManager(  978): Killing 30126:com.google.android.apps.cloudprint/u0a93 (adj 15): empty #14
I/Finsky  (30396): [205775] com.google.android.finsky.billing.iab.m.a(3174): com.textra: Account determined from installer data - [XcXb5xQj8BY362LYobZjzZVdPkM]
I/Finsky  (30396): [205774] com.google.android.finsky.billing.iab.m.a(3174): com.textra: Account determined from installer data - [XcXb5xQj8BY362LYobZjzZVdPkM]
E/LocationReceiver(30082): Received bad location: null
I/ActivityManager(  978): Start proc 30535:com.google.android.partnersetup/u0a45 for content provider com.google.android.partnersetup/.RlzAppProvider
I/ActivityManager(  978): Start proc 30544:com.android.providers.calendar/u0a48 for content provider com.android.providers.calendar/.CalendarProvider2
I/MotoNetwCtrlr.MotoNetwCtrlrImpl.MotorolaMobileSignalController( 1 ) ( 1449): MotorolaMobilePhoneStateListener.onSignalStrengthsChanged: Entered: signalStrength=SignalStrength: 99 0 -76 -70 -120 -1 -1 20 -97 -4 156 2147483647 2147483647 cdma 0 -108 -1 false 0 0 4 0 3 8 99 99 5 0 level=3
D/ConnectivityManager( 1449): getMobileDataEnabled()+ subId=1
D/PhoneInterfaceManager( 1800): [PhoneIntfMgr] getDataEnabled: subId=1 phoneId=0
D/PhoneInterfaceManager( 1800): [PhoneIntfMgr] getDataEnabled: subId=1 retVal=true
D/ConnectivityManager( 1449): getMobileDataEnabled()- subId=1 retVal=true
I/MotoNetwCtrlr.MotoNetwCtrlrImpl.MotorolaMobileSignalController( 1 ) ( 1449): isDirty: returns true
I/MotoNetwCtrlr.MotoNetwCtrlrImpl.MotorolaMobileSignalController( 1 ) ( 1449): notifyListeners: calling SB [0] setMobileDataIndicators (Motorola api): mobileUseMotoUI=true mobileEnabled=true mobileSimIconId=( none ) mobileSignalIconId=0x7f020492=zz_moto_stat_sys_signal_3_of_5_fully_separated_wide mobileRoamingIconId=( none ) mobileDataTypeIconId=0x7f0203ea=zz_moto_stat_sys_data_suspended_4g_lte_wide mobileDataActivityIconId=0x7f020337=zz_moto_stat_sys_data_activity_empty_wide mobileCarrierDescription="Verizon Wireless" mobileSimDescription="" mobileSignalContentDescription="phone signal three bars" mobileRoamingDescription="" mobileDataTypeContentDescription="4 G L T E" mobileDataActivityContentDescription="mobile suspended for wifi" mobileIsRoaming=false isDataTypeIconWide=true mobileIsBidiDirectionEnabled=true mobileSubId=1
I/MotoNetwCtrlr.MotoNetwCtrlrImpl.MotorolaMobileSignalController( 1 ) ( 1449): notifyListeners: calling SB [1] setMobileDataIndicators (Motorola api): mobileUseMotoUI=true mobileEnabled=true mobileSimIconId=( none ) mobileSignalIconId=0x7f020492=zz_moto_stat_sys_signal_3_of_5_fully_separated_wide mobileRoamingIconId=( none ) mobileDataTypeIconId=0x7f0203ea=zz_moto_stat_sys_data_suspended_4g_lte_wide mobileDataActivityIconId=0x7f020337=zz_moto_stat_sys_data_activity_empty_wide mobileCarrierDescription="Verizon Wireless" mobileSimDescription="" mobileSignalContentDescription="phone signal three bars" mobileRoamingDescription="" mobileDataTypeContentDescription="4 G L T E" mobileDataActivityContentDescription="mobile suspended for wifi" mobileIsRoaming=false isDataTypeIconWide=true mobileIsBidiDirectionEnabled=true mobileSubId=1
I/MotoNetwCtrlr.MotoNetwCtrlrImpl.MotorolaMobileSignalController( 1 ) ( 1449): notifyListeners: calling SB [2] setMobileDataIndicators (Motorola api): mobileUseMotoUI=true mobileEnabled=true mobileSimIconId=( none ) mobileSignalIconId=0x7f020492=zz_moto_stat_sys_signal_3_of_5_fully_separated_wide mobileRoamingIconId=( none ) mobileDataTypeIconId=0x7f0203ea=zz_moto_stat_sys_data_suspended_4g_lte_wide mobileDataActivityIconId=0x7f020337=zz_moto_stat_sys_data_activity_empty_wide mobileCarrierDescription="Verizon Wireless" mobileSimDescription="" mobileSignalContentDescription="phone signal three bars" mobileRoamingDescription="" mobileDataTypeContentDescription="4 G L T E" mobileDataActivityContentDescription="mobile suspended for wifi" mobileIsRoaming=false isDataTypeIconWide=true mobileIsBidiDirectionEnabled=true mobileSubId=1
I/MotoNetwCtrlr.MotoNetwCtrlrImpl.MotorolaMobileSignalController( 1 ) ( 1449): MotorolaMobilePhoneStateListener.onSignalStrengthsChanged: completed: level=3
W/NowCardsDexResources(30082): canvas jar not available
W/ResourcesManager(30544): Asset path '/system/framework/android.test.runner.jar' does not exist or contains no resources.
D/WearableService( 2702): callingUid 10034, callindPid: 2702
V/AlarmManager(  978): sending alarm {3594d938 type 0 *walarm*:com.vcast.mediamanager/com.newbay.syncdrive.android.model.util.AlarmReceiver}
V/AlarmManager(  978): sending alarm {1921caea type 0 *walarm*:com.android.vending/com.google.android.finsky.services.ContentSyncService}
V/AlarmManager(  978): done {1921caea, *walarm*:com.android.vending/com.google.android.finsky.services.ContentSyncService} [5ms]
E/CardSyncManagerImpl(30082): onConnectionFailed: ConnectionResult{statusCode=API_UNAVAILABLE, resolution=null, message=null}
E/CardSyncManagerImpl(30082): Failed to connect to GoogleApiClient: null
I/CalendarProvider2(30544): Created com.android.providers.calendar.CalendarAlarmManager@1e523fb1(com.android.providers.calendar.CalendarProvider2@2c533c96)
W/art     (30082): Verification of void com.google.android.apps.gsa.extradex.nowcards.a.<init>(com.google.android.apps.gsa.extradex.nowcards.b) took 132.356ms
I/art     (  978): Explicit concurrent mark sweep GC freed 24898(1308KB) AllocSpace objects, 0(0B) LOS objects, 25% free, 47MB/63MB, paused 17.280ms total 165.472ms
D/LocationFilter( 2702): Forcing stable location. Original location:Location[fused 47.643296,-122.127808 acc=21 et=+16d11h17m36s745ms {Bundle[{wifiScan=[B@28ff0f05, noGPSLocation=Location[fused 47.643296,-122.127808 acc=21 et=+16d11h17m36s745ms {Bundle[mParcelledData.dataSize=300]}], locationType=3}]}] because connected WiFi network is the same, bssid=18:64:72:5e:8b:71
V/AlarmManager(  978): done {3594d938, *walarm*:com.vcast.mediamanager/com.newbay.syncdrive.android.model.util.AlarmReceiver} [272ms]
D/LocationFilter( 2702): Forcing stable location. Original location:Location[fused 47.643296,-122.127808 acc=21 et=+16d11h17m36s745ms {Bundle[{wifiScan=[B@7d27268, noGPSLocation=Location[fused 47.643296,-122.127808 acc=21 et=+16d11h17m36s745ms {Bundle[mParcelledData.dataSize=300]}], locationType=3}]}] because connected WiFi network is the same, bssid=18:64:72:5e:8b:71
I/Finsky  (30396): [205793] com.google.android.finsky.b.c.a(289): Completed 0 account content syncs with 0 successful.
I/Finsky  (30396): [1] com.google.android.finsky.services.j.a(150): Installation state replication succeeded.
E/SQLiteLog(28436): (284) automatic index on sqlite_sq_B76BC928(STAT_DATA_ID)
E/SQLiteLog(28436): (284) automatic index on sqlite_sq_B77114D0(STAT_DATA_ID)
I/ActivityManager(  978): Killing 29936:com.yahoo.mobile.client.android.weather:com.yahoo.snp.service/u0a170 (adj 15): empty #13
W/Settings(22661): Setting wifi_sleep_policy has moved from android.provider.Settings.System to android.provider.Settings.Global, returning read-only value.
I/CalendarProvider2(30544): Sending notification intent: Intent { act=android.intent.action.PROVIDER_CHANGED dat=content://com.android.calendar }
W/ContentResolver(30544): Failed to get type for: content://com.android.calendar (Unknown URL content://com.android.calendar)
I/ActivityManager(  978): Killing 30220:com.yahoo.mobile.client.android.weather/u0a170 (adj 15): empty #13
I/ActivityManager(  978): Start proc 30582:com.google.android.calendar/u0a85 for broadcast com.google.android.calendar/com.android.calendar.alerts.AlertReceiver
W/Settings(22661): Setting wifi_sleep_policy has moved from android.provider.Settings.System to android.provider.Settings.Global, returning read-only value.
I/ThermalEngine(  432): Sensor:chg_therm:32000 mC
E/SQLiteLog(30582): (283) recovered 30 frames from WAL file /data/data/com.google.android.calendar/databases/timelydata.db-wal
I/AnalyticsLogBase(30582): PlayLogger.onLoggerConnected
I/AnalyticsLogBase(30582): PlayLogger.onLoggerConnected
I/MotoNetwCtrlr( 1449): onReceive: Received intent=Intent { act=android.net.wifi.RSSI_CHANGED flg=0x4000010 (has extras) } Action=android.net.wifi.RSSI_CHANGED
I/MotoNetwCtrlr.MotoWifiSignalCtrlr( 1449): handleBroadcast: Entered: Intent=Intent { act=android.net.wifi.RSSI_CHANGED flg=0x4000010 (has extras) } Action=android.net.wifi.RSSI_CHANGED
I/MotoNetwCtrlr.MotorolaWifiSignalController( 1449): isDirty: returns false
I/MotoNetwCtrlr.MotoWifiSignalCtrlr( 1449): handleBroadcast: Completed
I/MotoNetwCtrlr( 1449): onReceive: Completed intent=Intent { act=android.net.wifi.RSSI_CHANGED flg=0x4000010 (has extras) } Action=android.net.wifi.RSSI_CHANGED
D/Babel   (30328): RefCountedService(com.google.android.apps.hangouts.requestwriter.RequestWriter) onDestroy (count=0, startId=1 stopped=true)
I/ActivityManager(  978): Killing 30263:ch.bitspin.timely/u0a144 (adj 15): empty #13
W/CardSyncManagerImpl(30082): Too many retries to wait for connected Wear devices.
I/art     (  978): Explicit concurrent mark sweep GC freed 9394(400KB) AllocSpace objects, 0(0B) LOS objects, 25% free, 47MB/63MB, paused 1.331ms total 118.906ms
V/AlarmManager(  978): sending alarm {1940ba54 type 3 *alarm*:android.appwidget.action.APPWIDGET_UPDATE}
V/AlarmManager(  978): done {1940ba54, *alarm*:android.appwidget.action.APPWIDGET_UPDATE} [4ms]
I/GCoreUlr( 2702): Starting service, intent=Intent { act=com.google.android.location.reporting.ACTION_UPDATE_ACTIVE_STATE cmp=com.google.android.gms/com.google.android.location.reporting.service.DispatchingService (has extras) }, extras=Bundle[{source=PowerModeReceiver}]
D/LocationFilter( 2702): Significant motion detection enabled.
I/art     (28436): Explicit concurrent mark sweep GC freed 8409(555KB) AllocSpace objects, 0(0B) LOS objects, 24% free, 17MB/22MB, paused 2.039ms total 35.236ms
I/GCoreUlr( 2702): DispatchingService.updateActiveState+PowerModeReceiver: Ensuring that reporting is active for [account#12#]
I/GCoreUlr( 2702): GMS FLP location and AR updates requested: {"description":"stationary","newRequest":true,"samplePeriodMs":2160000,"sampleReason":"stationary","sampleSource":"internal","timestampMs":1459882643089}
I/GCoreUlr( 2702): Not changing BLE scan rates: active time: 2000ms alarm delay: 600000ms min delay: 300000ms
I/GCoreUlr( 2702): GMS BLE scans enabled.
I/GCoreUlr( 2702): Place inference reporting - stopped
I/GCoreUlr( 2702): Cancelling scheduled uploads
I/GCoreUlr( 2702): Not calling LocationReporter, hasMoved: false, elapsed millis: 12922, request: Stationary(3600000)
I/GCoreUlr( 2702): Scheduling next upload for 3587078ms from now
I/art     (22661): Explicit concurrent mark sweep GC freed 17205(753KB) AllocSpace objects, 0(0B) LOS objects, 24% free, 20MB/27MB, paused 337us total 26.648ms
I/art     (28436): Explicit concurrent mark sweep GC freed 5137(227KB) AllocSpace objects, 0(0B) LOS objects, 25% free, 17MB/22MB, paused 239us total 22.741ms
I/art     (  978): Explicit concurrent mark sweep GC freed 7289(399KB) AllocSpace objects, 0(0B) LOS objects, 25% free, 47MB/63MB, paused 1.264ms total 94.687ms
I/art     (28436): Explicit concurrent mark sweep GC freed 4915(210KB) AllocSpace objects, 0(0B) LOS objects, 24% free, 17MB/22MB, paused 357us total 20.789ms
