I/ActivityManager(  978): Start proc 27167:com.yahoo.mobile.client.android.weather:com.yahoo.snp.service/u0a170 for broadcast com.yahoo.mobile.client.android.weather/com.yahoo.platform.mobile.push.PushAgentReceiver
I/ActivityManager(  978): Killing 26865:com.tumblr/u0a178 (adj 15): empty #13
W/ActivityManager(  978): getRunningAppProcesses: caller 10170 does not hold REAL_GET_TASKS; limiting output
I/ActivityManager(  978): Killing 26919:com.google.android.partnersetup/u0a45 (adj 15): empty #13
I/ActivityManager(  978): Start proc 27192:com.google.android.calendar/u0a85 for broadcast com.google.android.calendar/com.android.calendar.alerts.AlertReceiver
I/ActivityManager(  978): Start proc 27212:com.android.providers.calendar/u0a48 for content provider com.android.providers.calendar/.CalendarProvider2
W/ResourcesManager(27212): Asset path '/system/framework/android.test.runner.jar' does not exist or contains no resources.
V/AlarmManager(  978): done {15bd4fc, *walarm*:ALARM_WAKEUP_ACTIVITY_DETECTION} [3289ms]
V/AlarmManager(  978): done {14577874, *alarm*:com.google.android.gms/.lockbox.LockboxAlarmReceiver} [2242ms]
I/ActivityManager(  978): Killing 26967:com.quickoffice.android/u0a128 (adj 15): empty #13
V/AlarmManager(  978): sending alarm {25f3ed8c type 3 *alarm*:send_events}
V/AlarmManager(  978): done {25f3ed8c, *alarm*:send_events} [7ms]
D/BatteryService(  978): uevent={POWER_SUPPLY_TEMP=319, POWER_SUPPLY_STATUS=Charging, POWER_SUPPLY_CAPACITY=100, ACTION=change, DEVPATH=/devices/qpnp-charger-ed22e400/power_supply/battery, POWER_SUPPLY_VOLTAGE_OCV=-22, POWER_SUPPLY_ONLINE=1, SUBSYSTEM=power_supply, POWER_SUPPLY_NUM_SYSTEM_TEMP_LEVELS=17, POWER_SUPPLY_INPUT_CURRENT_MAX=500000, POWER_SUPPLY_VOLTAGE_MAX_DESIGN=4350000, POWER_SUPPLY_CHARGE_FULL=2271000, POWER_SUPPLY_NAME=battery, POWER_SUPPLY_VOLTAGE_MIN_DESIGN=4300000, POWER_SUPPLY_VOLTAGE_MIN=4300000, POWER_SUPPLY_HEALTH=Good, POWER_SUPPLY_CYCLE_COUNT=34, POWER_SUPPLY_TECHNOLOGY=Li-ion, POWER_SUPPLY_CHARGE_TYPE=Fast, POWER_SUPPLY_PRESENT=1, POWER_SUPPLY_INPUT_CURRENT_SETTLED=0, POWER_SUPPLY_MODEL_NAME=EY30-LG, POWER_SUPPLY_VOLTAGE_NOW=4280678, SEQNUM=52133, POWER_SUPPLY_TEMP_WARM=450, POWER_SUPPLY_TEMP_COOL=0, POWER_SUPPLY_CHARGE_FULL_DESIGN=2281000, POWER_SUPPLY_CURRENT_NOW=-36613, POWER_SUPPLY_CHARGE_COUNTER=-30424, POWER_SUPPLY_SYSTEM_TEMP_LEVEL=0, POWER_SUPPLY_INPUT_CURRENT_TRIM=33, POWER_SUPPLY_VOLTAGE_EMPTY=3000000, POWER_SUPPLY_CHARGE_RATE=Normal, POWER_SUPPLY_INPUT_VOLTAGE_REGULATION=0, POWER_SUPPLY_CHARGING_ENABLED=1}
V/AlarmManager(  978): sending alarm {15bd4fc type 2 *walarm*:ALARM_WAKEUP_ACTIVITY_DETECTION}
V/AlarmManager(  978): done {15bd4fc, *walarm*:ALARM_WAKEUP_ACTIVITY_DETECTION} [14ms]
W/ResourcesManager( 1800): Asset path '/system/framework/com.google.android.media.effects.jar' does not exist or contains no resources.
I/ActivityManager(  978): Start proc 27258:com.google.android.talk/u0a118 for broadcast com.google.android.talk/com.google.android.apps.hangouts.phone.PackageReplacedReceiver
I/SFPerfTracer(  349):      triggers: (rate: 0:81) (8084108 sw vsyncs) (0 skipped) (580:5165862 vsyncs) (582:13604861)
W/ResourcesManager(27258): Asset path '/system/framework/com.google.android.media.effects.jar' does not exist or contains no resources.
W/ActivityManager(  978): getRunningAppProcesses: caller 10118 does not hold REAL_GET_TASKS; limiting output
D/BackupManagerService(  978): Received broadcast Intent { act=android.intent.action.PACKAGE_CHANGED dat=package:com.google.android.gms flg=0x4000010 (has extras) }
I/BackupManagerService(  978): Unbinding ComponentInfo{com.google.android.gms/com.google.android.gms.backup.BackupTransportService}
I/BackupManagerService(  978): Binding to transport host ComponentInfo{com.google.android.gms/com.google.android.gms.backup.BackupTransportService}
V/BackupManagerService(  978): Connected to transport ComponentInfo{com.google.android.gms/com.google.android.gms.backup.BackupTransportService}
V/BackupManagerService(  978): Registering transport com.google.android.gms/.backup.BackupTransportService::com.google.android.gms/.backup.BackupTransportService = com.android.internal.backup.IBackupTransport$Stub$Proxy@19899399
D/WifiService(  978): acquireWifiLockLocked: WifiLock{NlpWifiLock type=2 binder=android.os.BinderProxy@531dc41}
I/ActivityManager(  978): Start proc 27297:com.google.android.apps.walletnfcrel/u0a7 for broadcast com.google.android.apps.walletnfcrel/com.google.commerce.tapandpay.android.account.RefreshActiveAccountReceiver
W/ResourcesManager(27258): Asset path '/system/framework/com.android.media.remotedisplay.jar' does not exist or contains no resources.
W/ResourcesManager(27258): Asset path '/system/framework/com.android.location.provider.jar' does not exist or contains no resources.
W/ResourcesManager(27477): Asset path '/system/framework/com.google.android.maps.jar' does not exist or contains no resources.
W/ResourcesManager(27297): Asset path '/system/framework/com.android.media.remotedisplay.jar' does not exist or contains no resources.
W/ResourcesManager(27297): Asset path '/system/framework/com.android.location.provider.jar' does not exist or contains no resources.
I/ActivityManager(  978): Killing 27052:com.google.android.apps.docs/u0a95 (adj 15): empty #13
I/ActivityManager(  978): Killing 26941:com.verizon.vzwavs/u0a68 (adj 15): empty #13
D/WifiService(  978): releaseWifiLockLocked: WifiLock{NlpWifiLock type=2 binder=android.os.BinderProxy@531dc41}
V/AlarmManager(  978): sending alarm {25f52f46 type 0 *walarm*:com.android.vending/com.google.android.finsky.services.ContentSyncService}
V/AlarmManager(  978): done {25f52f46, *walarm*:com.android.vending/com.google.android.finsky.services.ContentSyncService} [5ms]
I/ActivityManager(  978): Killing 27103:com.google.android.apps.cloudprint/u0a93 (adj 15): empty #13
V/AlarmManager(  978): sending alarm {33f0a507 type 2 *walarm*:ALARM_WAKEUP92265}
V/AlarmManager(  978): done {33f0a507, *walarm*:ALARM_WAKEUP92265} [11ms]
V/AlarmManager(  978): sending alarm {4bf74f3 type 2 *walarm*:android.net.ConnectivityService.action.PKT_CNT_SAMPLE_INTERVAL_ELAPSED}
V/AlarmManager(  978): done {4bf74f3, *walarm*:android.net.ConnectivityService.action.PKT_CNT_SAMPLE_INTERVAL_ELAPSED} [2ms]
W/Telecom (  978): TelecomServiceImpl: null is not visible for the calling user
W/Telecom (  978): TelecomServiceImpl: ComponentInfo{com.google.android.talk/com.google.android.apps.hangouts.telephony.TeleConnectionService}, [e44cca915afc0390d8a77c0ff4608152603e7fa3], UserHandle{0} is not visible for the calling user
W/Telecom (  978): TelecomServiceImpl: null is not visible for the calling user
W/Telecom (  978): TelecomServiceImpl: ComponentInfo{com.google.android.talk/com.google.android.apps.hangouts.telephony.TeleConnectionService}, [e44cca915afc0390d8a77c0ff4608152603e7fa3], UserHandle{0} is not visible for the calling user
I/SFPerfTracer(  349):      triggers: (rate: 10610:468501) (compose: 0:41) (post: 0:37) (render: 0:1479) (2348:4072836 frames) (2349:4333960)
D/SFPerfTracer(  349):        layers: (3:11) (FocusedStackFrame (0xb74d6218): 0:13129)* (DimLayer (0xb74ef550): 0:45)* (DimLayer (0xb74f1a20): 0:25)* (DimLayer (0xb75912f0): 0:8868)* (DimLayer (0xb75939a8): 0:2460)* (StatusBar (0xb753d3f8): 32:329314) (com.android.systemui.ImageWallpaper (0xb7543fa0): 0:16418)* (NavigationBar (0xb75401d8): 0:138) (com.google.android.googlequicksearchbox/com.google.android.launcher.GEL (0xb75a9958): 0:58)- (Starting io.cordova.myappba547e (0xb7572e30): 0:36)- (io.cordova.myappba547e/io.cordova.myappba547e.MainActivity (0xb75a9958): 2349:2361) 
V/WindowManager(  978): Adding window Window{13f744b8 u0 SurfaceView} at 7 of 15 (before Window{26490159 u0 com.motorola.actions})
I/SFPerfTracer(  349):      triggers: (rate: 10610:468501) (compose: 0:41) (post: 0:37) (render: 0:1479) (59:4072970 frames) (60:4334098)
D/SFPerfTracer(  349):        layers: (3:11) (FocusedStackFrame (0xb74d6218): 0:13129)* (DimLayer (0xb74ef550): 0:45)* (DimLayer (0xb74f1a20): 0:25)* (DimLayer (0xb75912f0): 0:8868)* (DimLayer (0xb75939a8): 0:2460)* (StatusBar (0xb753d3f8): 1:329315) (com.android.systemui.ImageWallpaper (0xb7543fa0): 0:16418)* (NavigationBar (0xb75401d8): 0:138) (io.cordova.myappba547e/io.cordova.myappba547e.MainActivity (0xb75a9958): 60:2499) ( (0xb7572e30): 1:5)* (SurfaceView (0xb759b998): 2:2)* 
I/SFPerfTracer(  349):      triggers: (rate: 10610:468501) (compose: 0:41) (post: 0:37) (render: 0:1482) (29:4072999 frames) (30:4334128)
D/SFPerfTracer(  349):        layers: (4:11) (FocusedStackFrame (0xb74d6218): 0:13129)* (DimLayer (0xb74ef550): 0:45)* (DimLayer (0xb74f1a20): 0:25)* (DimLayer (0xb75912f0): 0:8868)* (DimLayer (0xb75939a8): 0:2460)* (StatusBar (0xb753d3f8): 1:329316) (com.android.systemui.ImageWallpaper (0xb7543fa0): 0:16418)* (NavigationBar (0xb75401d8): 0:138) (io.cordova.myappba547e/io.cordova.myappba547e.MainActivity (0xb75a9958): 30:2529) ( (0xb7572e30): 0:5)* (SurfaceView (0xb759b998): 16:18) 
I/ActivityManager(  978): Start proc 27440:com.google.android.partnersetup/u0a45 for content provider com.google.android.partnersetup/.RlzAppProvider
I/ActivityManager(  978): Killing 27121:com.google.android.apps.magazines/u0a124 (adj 15): empty #13
V/WindowManager(  978): removeAppToken make exiting: AppWindowToken{5cc599a token=Token{8a15e45 ActivityRecord{b882ebc u0 io.cordova.myappba547e/.MainActivity t2623}}}
I/SFPerfTracer(  349):      triggers: (rate: 0:81) (8084108 sw vsyncs) (0 skipped) (1634:5167537 vsyncs) (1636:13606540)
V/AlarmManager(  978): sending alarm {31ce5bde type 3 *alarm*:android.intent.action.TIME_TICK}
I/ActivityManager(  978): Start proc 27467:com.yahoo.mobile.client.android.weather/u0a170 for broadcast com.yahoo.mobile.client.android.weather/.WeatherWidgetHourlyProvider
V/AlarmManager(  978): done {31ce5bde, *alarm*:android.intent.action.TIME_TICK} [287ms]
W/ActivityManager(  978): getRunningAppProcesses: caller 10170 does not hold REAL_GET_TASKS; limiting output
I/ActivityManager(  978): START u0 {act=android.intent.action.MAIN cat=[android.intent.category.HOME] flg=0x10200000 cmp=com.google.android.googlequicksearchbox/com.google.android.launcher.GEL} from uid 1000 on display 0
I/ActivityManager(  978): Killing 27167:com.yahoo.mobile.client.android.weather:com.yahoo.snp.service/u0a170 (adj 15): empty #13
I/SFPerfTracer(  349):      triggers: (rate: 10610:468501) (compose: 0:41) (post: 0:37) (render: 0:1482) (59:4073124 frames) (60:4334267)
D/SFPerfTracer(  349):        layers: (4:13) (FocusedStackFrame (0xb74d6218): 0:13132)* (DimLayer (0xb74ef550): 0:45)* (DimLayer (0xb74f1a20): 0:25)* (DimLayer (0xb75912f0): 0:8868)* (DimLayer (0xb75939a8): 0:2460)* (StatusBar (0xb753d3f8): 1:329320) (com.android.systemui.ImageWallpaper (0xb7543fa0): 0:16419) (NavigationBar (0xb75401d8): 34:206) (io.cordova.myappba547e/io.cordova.myappba547e.MainActivity (0xb75a9958): 0:2587)- ( (0xb7572e30): 0:5)- (SurfaceView (0xb759b998): 0:18)- ( (0xb7547d98): 0:2)- (com.google.android.googlequicksearchbox/com.google.android.launcher.GEL (0xb759b998): 47:70) 
V/AlarmManager(  978): sending alarm {194ba6e type 1 *alarm*:ch.bitspin.timely.widget.UPDATE_ACTION}
I/ActivityManager(  978): Start proc 27544:ch.bitspin.timely/u0a144 for broadcast ch.bitspin.timely/.widget.WidgetProvider_
V/AlarmManager(  978): sending alarm {1aa3c0cb type 3 *alarm*:android.appwidget.action.APPWIDGET_UPDATE}
W/ResourcesManager(27544): Asset path '/system/framework/com.android.media.remotedisplay.jar' does not exist or contains no resources.
W/ResourcesManager(27544): Asset path '/system/framework/com.android.location.provider.jar' does not exist or contains no resources.
V/AlarmManager(  978): done {194ba6e, *alarm*:ch.bitspin.timely.widget.UPDATE_ACTION} [652ms]
V/AlarmManager(  978): done {1aa3c0cb, *alarm*:android.appwidget.action.APPWIDGET_UPDATE} [656ms]
I/ActivityManager(  978): Killing 27192:com.google.android.calendar/u0a85 (adj 15): empty #13
V/AlarmManager(  978): sending alarm {2c453cbc type 2 *walarm*:com.google.android.gms.gcm.ACTION_CHECK_QUEUE}
V/AlarmManager(  978): done {2c453cbc, *walarm*:com.google.android.gms.gcm.ACTION_CHECK_QUEUE} [9ms]
V/AlarmManager(  978): sending alarm {3168b28f type 2 *walarm*:com.motorola.slpc.ALARM_MODALITY}
V/AlarmManager(  978): done {3168b28f, *walarm*:com.motorola.slpc.ALARM_MODALITY} [11ms]
I/SFPerfTracer(  349):      triggers: (rate: 0:81) (8084108 sw vsyncs) (0 skipped) (47:5167672 vsyncs) (49:13606687)
I/ActivityManager(  978): Start proc 27578:com.google.android.deskclock/u0a102 for broadcast com.google.android.deskclock/com.android.alarmclock.DigitalAppWidgetProvider
I/ActivityManager(  978): Killing 25246:android.process.acore/u0a13 (adj 15): empty #13
I/SFPerfTracer(  349):      triggers: (rate: 0:81) (8084108 sw vsyncs) (0 skipped) (66:5167774 vsyncs) (68:13606793)
I/SFPerfTracer(  349):      triggers: (rate: 10610:468503) (compose: 0:41) (post: 0:37) (render: 0:1482) (60:4073280 frames) (61:4334427)
D/SFPerfTracer(  349):        layers: (4:9) (FocusedStackFrame (0xb74d6218): 0:13132)* (DimLayer (0xb74ef550): 0:45)* (DimLayer (0xb74f1a20): 0:25)* (DimLayer (0xb75912f0): 0:8868)* (DimLayer (0xb75939a8): 0:2460)* (StatusBar (0xb753d3f8): 1:329324) (com.android.systemui.ImageWallpaper (0xb7543fa0): 0:16419) (NavigationBar (0xb75401d8): 0:206) (com.google.android.googlequicksearchbox/com.google.android.launcher.GEL (0xb759b998): 61:230) 
V/AlarmManager(  978): sending alarm {15bd4fc type 2 *walarm*:ALARM_WAKEUP_ACTIVITY_DETECTION}
V/AlarmManager(  978): done {15bd4fc, *walarm*:ALARM_WAKEUP_ACTIVITY_DETECTION} [14ms]
I/ActivityManager(  978): START u0 {act=android.intent.action.DELETE dat=package:io.cordova.myapp8065e5 flg=0x10800000 cmp=com.android.packageinstaller/.UninstallerActivity (has extras)} from uid 10067 on display 0
V/WindowManager(  978): addAppToken: AppWindowToken{1f73125 token=Token{16d8011c ActivityRecord{1df0ca8f u0 com.android.packageinstaller/.UninstallerActivity t2624}}} to stack=1 task=2624 at 0
I/ActivityManager(  978): Start proc 27610:com.android.packageinstaller/u0a74 for activity com.android.packageinstaller/.UninstallerActivity
V/WindowManager(  978): Adding window Window{2778fa4d u0 com.android.packageinstaller/com.android.packageinstaller.UninstallerActivity} at 6 of 12 (after Window{1c01ff26 u0 com.google.android.gm/com.google.android.gm.ConversationListActivityGmail})
V/WindowManager(  978): Adding window Window{9c71213 u0 com.android.packageinstaller/com.android.packageinstaller.UninstallerActivity} at 6 of 13 (before Window{2778fa4d u0 com.android.packageinstaller/com.android.packageinstaller.UninstallerActivity})
I/LaunchCheckinHandler(  978): Displayed com.android.packageinstaller/.UninstallerActivity,cp,ca,431
I/SFPerfTracer(  349):      triggers: (rate: 10610:468506) (compose: 0:41) (post: 0:37) (render: 0:1482) (0:4073372 frames) (1:4334527)
D/SFPerfTracer(  349):        layers: (4:11) (FocusedStackFrame (0xb74d6218): 0:13134)* (DimLayer (0xb74ef550): 0:45)* (DimLayer (0xb74f1a20): 0:25)* (DimLayer (0xb75912f0): 0:8868)* (DimLayer (0xb75939a8): 0:2460)* (StatusBar (0xb753d3f8): 0:329327) (com.android.systemui.ImageWallpaper (0xb7543fa0): 0:16419) (NavigationBar (0xb75401d8): 0:206) (com.google.android.googlequicksearchbox/com.google.android.launcher.GEL (0xb759b998): 1:330) (com.android.packageinstaller/com.android.packageinstaller.UninstallerActivity (0xb75a9958): 1:8)* (com.android.packageinstaller/com.android.packageinstaller.UninstallerActivity (0xb7572e30): 1:4)* 
I/SFPerfTracer(  349):      triggers: (rate: 0:81) (8084108 sw vsyncs) (0 skipped) (35:5167881 vsyncs) (37:13606906)
I/ActivityManager(  978): START u0 {act=android.intent.action.VIEW cmp=com.android.packageinstaller/.UninstallAppProgress (has extras)} from uid 10074 on display 0
V/WindowManager(  978): addAppToken: AppWindowToken{2e223d7c token=Token{1506bc6f ActivityRecord{1550e34e u0 com.android.packageinstaller/.UninstallAppProgress t2624}}} to stack=1 task=2624 at 1
I/ActivityManager(  978): Killing 27258:com.google.android.talk/u0a118 (adj 15): empty #13
I/ActivityManager(  978): Force stopping io.cordova.myapp8065e5 appid=10191 user=-1: uninstall pkg
V/WindowManager(  978): Adding window Window{2fecb08b u0 com.android.packageinstaller/com.android.packageinstaller.UninstallAppProgress} at 8 of 14 (after Window{2778fa4d u0 com.android.packageinstaller/com.android.packageinstaller.UninstallerActivity EXITING})
I/ActivityManager(  978): Force stopping io.cordova.myapp8065e5 appid=10191 user=0: pkg removed
V/WindowManager(  978): removeAppToken make exiting: AppWindowToken{1f73125 token=Token{16d8011c ActivityRecord{1df0ca8f u0 com.android.packageinstaller/.UninstallerActivity t2624}}}
I/ActivityManager(  978): Start proc 27642:android.process.acore/u0a13 for broadcast com.android.providers.contacts/.PackageIntentReceiver
I/LaunchCheckinHandler(  978): Displayed com.android.packageinstaller/.UninstallAppProgress,wp,ca,367
I/ActivityManager(  978): Start proc 27664:com.verizon.vzwavs/u0a68 for broadcast com.verizon.vzwavs/.WakeupReceiver
I/ActivityManager(  978): Start proc 27685:com.android.keychain/1000 for broadcast com.android.keychain/.KeyChainBroadcastReceiver
I/ActivityManager(  978): Killing 27012:com.google.android.apps.plus/u0a127 (adj 15): empty #13
W/InputMethodInfo(  978): Duplicated subtype definition found: , voice
W/ContextImpl(27685): Calling a method in the system process without a qualified user: android.app.ContextImpl.startService:1831 android.content.ContextWrapper.startService:516 android.content.ContextWrapper.startService:516 com.android.keychain.KeyChainBroadcastReceiver.onReceive:12 android.app.ActivityThread.handleReceiver:2639 
I/ActivityManager(  978): Killing 26754:com.textra/u0a149 (adj 15): empty #13
D/JobSchedulerService(  978): Receieved: android.intent.action.PACKAGE_REMOVED
D/BackupManagerService(  978): Received broadcast Intent { act=android.intent.action.PACKAGE_REMOVED dat=package:io.cordova.myapp8065e5 flg=0x4000010 (has extras) }
I/ActivityManager(  978): Killing 26458:com.android.vending/u0a52 (adj 15): empty #13
I/ActivityManager(  978): Start proc 27705:com.android.defcontainer/u0a37 for service com.android.defcontainer/.DefaultContainerService
I/ActivityManager(  978): Start proc 27724:com.quickoffice.android/u0a128 for broadcast com.quickoffice.android/com.qo.android.quickoffice.QOBroadcastReceiver
I/LaunchCheckinHandler(  978): Displayed com.google.android.googlequicksearchbox/com.google.android.launcher.GEL,wp,wa,10162
I/LaunchCheckinHandler(  978): Displayed com.google.android.googlequicksearchbox/com.google.android.launcher.GEL,cp,ca,2819 (total)
I/ActivityManager(  978): Killing 27440:com.google.android.partnersetup/u0a45 (adj 15): empty #13
W/ActivityManager(  978): No permission grants found for com.quickoffice.android
I/ActivityManager(  978): Start proc 27776:com.android.vending/u0a52 for broadcast com.android.vending/com.google.android.finsky.receivers.PackageMonitorReceiver$RegisteredReceiver
V/WindowManager(  978): removeAppToken make exiting: AppWindowToken{2e223d7c token=Token{1506bc6f ActivityRecord{1550e34e u0 com.android.packageinstaller/.UninstallAppProgress t2624}}}
I/SFPerfTracer(  349):      triggers: (rate: 10610:468511) (compose: 0:41) (post: 0:37) (render: 0:1482) (8:4073444 frames) (9:4334627)
D/SFPerfTracer(  349):        layers: (5:14) (FocusedStackFrame (0xb74d6218): 0:13141)* (DimLayer (0xb74ef550): 0:45)* (DimLayer (0xb74f1a20): 0:25)* (DimLayer (0xb75912f0): 0:8887)* (DimLayer (0xb75939a8): 0:2463)* (StatusBar (0xb753d3f8): 0:329330) (com.android.systemui.ImageWallpaper (0xb7543fa0): 0:16421) (NavigationBar (0xb75401d8): 0:206) (com.google.android.googlequicksearchbox/com.google.android.launcher.GEL (0xb759b998): 0:344)- (com.android.packageinstaller/com.android.packageinstaller.UninstallerActivity (0xb75a9958): 0:30)- (com.android.packageinstaller/com.android.packageinstaller.UninstallerActivity (0xb7572e30): 0:5)- (com.android.packageinstaller/com.android.packageinstaller.UninstallAppProgress (0xb75a9958): 8:67)* (Toast (0xb7572e30): 9:27) (com.google.android.googlequicksearchbox/com.google.android.launcher.GEL (0xb759b998): 0:4) 
I/SFPerfTracer(  349):      triggers: (rate: 0:81) (8084108 sw vsyncs) (0 skipped) (40:5167986 vsyncs) (42:13607025)
I/ActivityManager(  978): Start proc 27832:com.google.android.apps.plus/u0a127 for broadcast com.google.android.apps.plus/.service.PackagesMediaMonitor
I/ActivityManager(  978): Killing 26646:io.cordova.myappba547e/u0a197 (adj 15): empty #13
E/libprocessgroup(  978): failed to kill 1 processes for processgroup 26646
W/ResourcesManager(27832): Asset path '/system/framework/com.google.android.maps.jar' does not exist or contains no resources.
I/ActivityManager(  978): Start proc 27862:com.google.android.apps.docs/u0a95 for broadcast com.google.android.apps.docs/.receivers.AppPackageAddRemoveReceiver
I/ActivityManager(  978): Killing 27467:com.yahoo.mobile.client.android.weather/u0a170 (adj 15): empty #13
W/ActivityManager(  978): getRunningAppProcesses: caller 10095 does not hold REAL_GET_TASKS; limiting output
W/ActivityManager(  978): getRunningAppProcesses: caller 10095 does not hold REAL_GET_TASKS; limiting output
W/ActivityManager(  978): getRunningAppProcesses: caller 10095 does not hold REAL_GET_TASKS; limiting output
W/ActivityManager(  978): getRunningAppProcesses: caller 10095 does not hold REAL_GET_TASKS; limiting output
I/ActivityManager(  978): Start proc 27902:com.textra/u0a149 for broadcast com.textra/com.mplus.lib.fa
I/ActivityManager(  978): Killing 27212:com.android.providers.calendar/u0a48 (adj 15): empty #13
W/ActivityManager(  978): getRunningAppProcesses: caller 10149 does not hold REAL_GET_TASKS; limiting output
W/ResourcesManager(27862): Asset path '/system/framework/com.android.media.remotedisplay.jar' does not exist or contains no resources.
W/ResourcesManager(27862): Asset path '/system/framework/com.android.location.provider.jar' does not exist or contains no resources.
I/ActivityManager(  978): START u0 {act=com.android.systemui.recents.SHOW_RECENTS flg=0x10804000 cmp=com.android.systemui/.recents.RecentsActivity} from uid 10005 on display 0
I/ActivityManager(  978): Start proc 27922:com.textra:acra/u0a149 for service com.textra/org.acra.sender.SenderService
W/ActivityManager(  978): getRunningAppProcesses: caller 10149 does not hold REAL_GET_TASKS; limiting output
I/ActivityManager(  978): Killing 27297:com.google.android.apps.walletnfcrel/u0a7 (adj 15): empty #13
D/TaskPersister(  978): removeObsoleteFile: deleting file=2095_task_thumbnail.png
W/ActivityManager(  978): getRunningAppProcesses: caller 10149 does not hold REAL_GET_TASKS; limiting output
W/ActivityManager(  978): getRunningAppProcesses: caller 10149 does not hold REAL_GET_TASKS; limiting output
I/LaunchCheckinHandler(  978): Displayed com.android.systemui/.recents.RecentsActivity,wp,wa,475
I/ActivityManager(  978): Start proc 27957:com.yahoo.mobile.client.android.weather:com.yahoo.snp.service/u0a170 for broadcast com.yahoo.mobile.client.android.weather/com.yahoo.platform.mobile.push.PushAgentReceiver
I/ActivityManager(  978): Killing 27578:com.google.android.deskclock/u0a102 (adj 15): empty #13
I/SFPerfTracer(  349):      triggers: (rate: 10610:468518) (compose: 0:41) (post: 0:37) (render: 0:1482) (7:4073533 frames) (8:4334727)
D/SFPerfTracer(  349):        layers: (6:11) (FocusedStackFrame (0xb74d6218): 0:13144)* (DimLayer (0xb74ef550): 0:45)* (DimLayer (0xb74f1a20): 0:25)* (DimLayer (0xb75912f0): 0:8887)* (DimLayer (0xb75939a8): 0:2463)* (StatusBar (0xb753d3f8): 0:329331) (com.android.systemui.ImageWallpaper (0xb7543fa0): 0:16421) (NavigationBar (0xb75401d8): 0:238) (Toast (0xb7572e30): 0:32) (com.google.android.googlequicksearchbox/com.google.android.launcher.GEL (0xb759b998): 8:70) (com.android.systemui/com.android.systemui.recents.RecentsActivity (0xb75a9958): 8:12) 
I/ActivityManager(  978): Killing 27544:ch.bitspin.timely/u0a144 (adj 15): empty #14
I/ActivityManager(  978): Killing 27664:com.verizon.vzwavs/u0a68 (adj 15): empty #13
W/ActivityManager(  978): getRunningAppProcesses: caller 10170 does not hold REAL_GET_TASKS; limiting output
I/ActivityManager(  978): Killing 27685:com.android.keychain/1000 (adj 15): empty #13
I/ActivityManager(  978): Start proc 27983:com.tumblr/u0a178 for broadcast com.tumblr/com.appsflyer.AppsFlyerLib
I/SFPerfTracer(  349):      triggers: (rate: 0:81) (8084108 sw vsyncs) (0 skipped) (21:5168094 vsyncs) (23:13607146)
I/ActivityManager(  978): START u0 {act=android.intent.action.MAIN flg=0x10100000 cmp=io.cordova.myappba547e/.MainActivity} from uid 2000 on display 0
V/WindowManager(  978): addAppToken: AppWindowToken{368d8d05 token=Token{160e07c ActivityRecord{375e0b6f u0 io.cordova.myappba547e/.MainActivity t2623}}} to stack=1 task=2623 at 0
V/WindowManager(  978): Adding window Window{23eec503 u0 Starting io.cordova.myappba547e} at 4 of 13 (after Window{1c01ff26 u0 com.google.android.gm/com.google.android.gm.ConversationListActivityGmail})
I/ActivityManager(  978): Start proc 28009:io.cordova.myappba547e/u0a197 for activity io.cordova.myappba547e/.MainActivity
V/WindowManager(  978): Adding window Window{3a8505f8 u0 io.cordova.myappba547e/io.cordova.myappba547e.MainActivity} at 6 of 13 (before Window{23eec503 u0 Starting io.cordova.myappba547e})
I/ActivityManager(  978): Killing 27705:com.android.defcontainer/u0a37 (adj 15): empty #13
I/LaunchCheckinHandler(  978): Displayed io.cordova.myappba547e/.MainActivity,cp,ca,636
I/ActivityManager(  978): Start proc 28095:com.android.documentsui/u0a101 for broadcast com.android.documentsui/.PackageReceiver
I/ActivityManager(  978): Start proc 28117:com.android.externalstorage/u0a50 for content provider com.android.externalstorage/.ExternalStorageProvider
I/ActivityManager(  978): Killing 27724:com.quickoffice.android/u0a128 (adj 15): empty #13
I/ActivityManager(  978): Killing 27610:com.android.packageinstaller/u0a74 (adj 15): empty #13
V/AlarmManager(  978): sending alarm {15bd4fc type 2 *walarm*:ALARM_WAKEUP_ACTIVITY_DETECTION}
V/AlarmManager(  978): done {15bd4fc, *walarm*:ALARM_WAKEUP_ACTIVITY_DETECTION} [9ms]
V/AlarmManager(  978): sending alarm {3ae058 type 3 *alarm*:send_events}
V/AlarmManager(  978): done {3ae058, *alarm*:send_events} [12ms]
V/AlarmManager(  978): sending alarm {14577874 type 3 *alarm*:com.google.android.gms/.lockbox.LockboxAlarmReceiver}
V/AlarmManager(  978): done {14577874, *alarm*:com.google.android.gms/.lockbox.LockboxAlarmReceiver} [3ms]
I/SFPerfTracer(  349):      triggers: (rate: 10610:468522) (compose: 0:41) (post: 0:37) (render: 0:1482) (496:4074100 frames) (497:4335310)
D/SFPerfTracer(  349):        layers: (3:14) (FocusedStackFrame (0xb74d6218): 0:13148)* (DimLayer (0xb74ef550): 0:45)* (DimLayer (0xb74f1a20): 0:25)* (DimLayer (0xb75912f0): 0:8887)* (DimLayer (0xb75939a8): 0:2463)* (StatusBar (0xb753d3f8): 10:329343) (com.android.systemui.ImageWallpaper (0xb7543fa0): 0:16422)* (NavigationBar (0xb75401d8): 3:241) (Toast (0xb7572e30): 0:63)- (com.google.android.googlequicksearchbox/com.google.android.launcher.GEL (0xb759b998): 0:72)- (com.android.systemui/com.android.systemui.recents.RecentsActivity (0xb75a9958): 0:37)- (Starting io.cordova.myappba547e (0xb7547d98): 0:34)- (thumbnail anim (0xb759b998): 0:21)- (io.cordova.myappba547e/io.cordova.myappba547e.MainActivity (0xb7572e30): 496:513) 
V/WindowManager(  978): removeAppToken make exiting: AppWindowToken{368d8d05 token=Token{160e07c ActivityRecord{375e0b6f u0 io.cordova.myappba547e/.MainActivity t2623}}}
V/AlarmManager(  978): sending alarm {15bd4fc type 2 *walarm*:ALARM_WAKEUP_ACTIVITY_DETECTION}
V/AlarmManager(  978): done {15bd4fc, *walarm*:ALARM_WAKEUP_ACTIVITY_DETECTION} [8ms]
I/ActivityManager(  978): START u0 {act=android.intent.action.MAIN cat=[android.intent.category.LAUNCHER] flg=0x10200000 cmp=io.cordova.myappba547e/.MainActivity (has extras)} from uid 10067 on display 0
I/SFPerfTracer(  349):      triggers: (rate: 0:81) (8084108 sw vsyncs) (0 skipped) (527:5168681 vsyncs) (529:13607743)
V/WindowManager(  978): addAppToken: AppWindowToken{2c4247a0 token=Token{cfdc8a3 ActivityRecord{1b906fd2 u0 io.cordova.myappba547e/.MainActivity t2625}}} to stack=1 task=2625 at 0
V/WindowManager(  978): Adding window Window{d51a91b u0 Starting io.cordova.myappba547e} at 6 of 12 (after Window{1c01ff26 u0 com.google.android.gm/com.google.android.gm.ConversationListActivityGmail})
I/ActivityManager(  978): Start proc 28166:com.motorola.dataoffloading/u0a71 for broadcast com.motorola.dataoffloading/.DataOffloadReceiver
D/WifiService(  978): New client listening to asynchronous messages
V/WindowManager(  978): Adding window Window{1ad6c085 u0 io.cordova.myappba547e/io.cordova.myappba547e.MainActivity} at 6 of 13 (before Window{d51a91b u0 Starting io.cordova.myappba547e})
I/ActivityManager(  978): Killing 27642:android.process.acore/u0a13 (adj 15): empty #13
I/LaunchCheckinHandler(  978): Displayed io.cordova.myappba547e/.MainActivity,wp,ca,246
V/AlarmManager(  978): sending alarm {25f52f46 type 0 *walarm*:com.android.vending/com.google.android.finsky.services.ContentSyncService}
V/AlarmManager(  978): done {25f52f46, *walarm*:com.android.vending/com.google.android.finsky.services.ContentSyncService} [7ms]
D/TaskPersister(  978): removeObsoleteFile: deleting file=2623_task.xml
D/TaskPersister(  978): removeObsoleteFile: deleting file=2623_task_thumbnail.png
D/BatteryService(  978): uevent={POWER_SUPPLY_TEMP=329, POWER_SUPPLY_STATUS=Charging, POWER_SUPPLY_CAPACITY=100, ACTION=change, DEVPATH=/devices/qpnp-charger-ed22e400/power_supply/battery, POWER_SUPPLY_VOLTAGE_OCV=-22, POWER_SUPPLY_ONLINE=1, SUBSYSTEM=power_supply, POWER_SUPPLY_NUM_SYSTEM_TEMP_LEVELS=17, POWER_SUPPLY_INPUT_CURRENT_MAX=500000, POWER_SUPPLY_VOLTAGE_MAX_DESIGN=4350000, POWER_SUPPLY_CHARGE_FULL=2269000, POWER_SUPPLY_NAME=battery, POWER_SUPPLY_VOLTAGE_MIN_DESIGN=4300000, POWER_SUPPLY_VOLTAGE_MIN=4300000, POWER_SUPPLY_HEALTH=Good, POWER_SUPPLY_CYCLE_COUNT=34, POWER_SUPPLY_TECHNOLOGY=Li-ion, POWER_SUPPLY_CHARGE_TYPE=Fast, POWER_SUPPLY_PRESENT=1, POWER_SUPPLY_INPUT_CURRENT_SETTLED=0, POWER_SUPPLY_MODEL_NAME=EY30-LG, POWER_SUPPLY_VOLTAGE_NOW=4272057, SEQNUM=52137, POWER_SUPPLY_TEMP_WARM=450, POWER_SUPPLY_TEMP_COOL=0, POWER_SUPPLY_CHARGE_FULL_DESIGN=2281000, POWER_SUPPLY_CURRENT_NOW=-79731, POWER_SUPPLY_CHARGE_COUNTER=-28443, POWER_SUPPLY_SYSTEM_TEMP_LEVEL=0, POWER_SUPPLY_INPUT_CURRENT_TRIM=33, POWER_SUPPLY_VOLTAGE_EMPTY=3000000, POWER_SUPPLY_CHARGE_RATE=Normal, POWER_SUPPLY_INPUT_VOLTAGE_REGULATION=0, POWER_SUPPLY_CHARGING_ENABLED=1}
I/SFPerfTracer(  349):      triggers: (rate: 10610:468524) (compose: 0:41) (post: 0:37) (render: 0:1482) (290:4074436 frames) (291:4335667)
D/SFPerfTracer(  349):        layers: (3:12) (FocusedStackFrame (0xb74d6218): 1:13158)* (DimLayer (0xb74ef550): 0:45)* (DimLayer (0xb74f1a20): 0:25)* (DimLayer (0xb75912f0): 0:8887)* (DimLayer (0xb75939a8): 1:2465)* (StatusBar (0xb753d3f8): 7:329352) (com.android.systemui.ImageWallpaper (0xb7543fa0): 1:16424)* (NavigationBar (0xb75401d8): 5:276) (io.cordova.myappba547e/io.cordova.myappba547e.MainActivity (0xb7572e30): 0:546)- (com.google.android.googlequicksearchbox/com.google.android.launcher.GEL (0xb75a9958): 0:8)- (Starting io.cordova.myappba547e (0xb7572e30): 0:28)- (io.cordova.myappba547e/io.cordova.myappba547e.MainActivity (0xb759b998): 291:311) 
V/WindowManager(  978): removeAppToken make exiting: AppWindowToken{2c4247a0 token=Token{cfdc8a3 ActivityRecord{1b906fd2 u0 io.cordova.myappba547e/.MainActivity t2625}}}
I/SFPerfTracer(  349):      triggers: (rate: 0:81) (8084108 sw vsyncs) (0 skipped) (352:5169034 vsyncs) (354:13608100)
I/ActivityManager(  978): START u0 {act=android.intent.action.MAIN cat=[android.intent.category.LAUNCHER] flg=0x10200000 cmp=io.cordova.myappba547e/.MainActivity (has extras)} from uid 10067 on display 0
V/WindowManager(  978): addAppToken: AppWindowToken{1a7281d7 token=Token{3f343d56 ActivityRecord{2787cb71 u0 io.cordova.myappba547e/.MainActivity t2626}}} to stack=1 task=2626 at 0
V/WindowManager(  978): Adding window Window{3185a12e u0 Starting io.cordova.myappba547e} at 6 of 12 (after Window{1c01ff26 u0 com.google.android.gm/com.google.android.gm.ConversationListActivityGmail})
V/WindowManager(  978): Adding window Window{5949cf4 u0 io.cordova.myappba547e/io.cordova.myappba547e.MainActivity} at 6 of 13 (before Window{3185a12e u0 Starting io.cordova.myappba547e})
I/LaunchCheckinHandler(  978): Displayed io.cordova.myappba547e/.MainActivity,wp,ca,108
V/AlarmManager(  978): sending alarm {15bd4fc type 2 *walarm*:ALARM_WAKEUP_ACTIVITY_DETECTION}
V/AlarmManager(  978): done {15bd4fc, *walarm*:ALARM_WAKEUP_ACTIVITY_DETECTION} [33ms]
I/SFPerfTracer(  349):      triggers: (rate: 10610:468527) (compose: 0:41) (post: 0:37) (render: 0:1482) (87:4074573 frames) (88:4335822)
D/SFPerfTracer(  349):        layers: (3:12) (FocusedStackFrame (0xb74d6218): 1:13167)* (DimLayer (0xb74ef550): 0:45)* (DimLayer (0xb74f1a20): 0:25)* (DimLayer (0xb75912f0): 0:8887)* (DimLayer (0xb75939a8): 1:2467)* (StatusBar (0xb753d3f8): 2:329359) (com.android.systemui.ImageWallpaper (0xb7543fa0): 1:16426)* (NavigationBar (0xb75401d8): 7:312) (io.cordova.myappba547e/io.cordova.myappba547e.MainActivity (0xb759b998): 0:342)- (com.google.android.googlequicksearchbox/com.google.android.launcher.GEL (0xb75a9958): 0:10)- (Starting io.cordova.myappba547e (0xb7572e30): 0:19)- (io.cordova.myappba547e/io.cordova.myappba547e.MainActivity (0xb759b998): 88:113) 
V/WindowManager(  978): removeAppToken make exiting: AppWindowToken{1a7281d7 token=Token{3f343d56 ActivityRecord{2787cb71 u0 io.cordova.myappba547e/.MainActivity t2626}}}
I/SFPerfTracer(  349):      triggers: (rate: 0:81) (8084108 sw vsyncs) (0 skipped) (152:5169186 vsyncs) (154:13608260)
I/ActivityManager(  978): START u0 {act=com.android.systemui.recents.SHOW_RECENTS flg=0x10804000 cmp=com.android.systemui/.recents.RecentsActivity} from uid 10005 on display 0
I/ActivityManager(  978): Killing 27832:com.google.android.apps.plus/u0a127 (adj 15): empty #13
I/LaunchCheckinHandler(  978): Displayed com.android.systemui/.recents.RecentsActivity,wp,wa,165
D/TaskPersister(  978): removeObsoleteFile: deleting file=2625_task.xml
D/TaskPersister(  978): removeObsoleteFile: deleting file=2625_task_thumbnail.png
I/ActivityManager(  978): START u0 {act=android.intent.action.MAIN cat=[android.intent.category.HOME] flg=0x10200000 cmp=com.google.android.googlequicksearchbox/com.google.android.launcher.GEL} from uid 10005 on display 0
I/SFPerfTracer(  349):      triggers: (rate: 10610:468529) (compose: 0:41) (post: 0:37) (render: 0:1482) (21:4074662 frames) (22:4335929)
D/SFPerfTracer(  349):        layers: (4:11) (FocusedStackFrame (0xb74d6218): 0:13173)* (DimLayer (0xb74ef550): 0:45)* (DimLayer (0xb74f1a20): 0:25)* (DimLayer (0xb75912f0): 0:8887)* (DimLayer (0xb75939a8): 0:2467)* (StatusBar (0xb753d3f8): 0:329360) (com.android.systemui.ImageWallpaper (0xb7543fa0): 0:16427) (NavigationBar (0xb75401d8): 19:396) (io.cordova.myappba547e/io.cordova.myappba547e.MainActivity (0xb759b998): 0:145)- (com.google.android.googlequicksearchbox/com.google.android.launcher.GEL (0xb75a9958): 0:18)- (com.android.systemui/com.android.systemui.recents.RecentsActivity (0xb7572e30): 21:55) 
I/LaunchCheckinHandler(  978): Displayed com.google.android.googlequicksearchbox/com.google.android.launcher.GEL,wp,wa,130
I/SFPerfTracer(  349):      triggers: (rate: 0:81) (8084108 sw vsyncs) (0 skipped) (62:5169298 vsyncs) (64:13608376)
I/ActivityManager(  978): START u0 {act=com.android.systemui.recents.SHOW_RECENTS flg=0x10804000 cmp=com.android.systemui/.recents.RecentsActivity} from uid 10005 on display 0
I/LaunchCheckinHandler(  978): Displayed com.android.systemui/.recents.RecentsActivity,wp,wa,89
I/ActivityManager(  978): START u0 {act=android.intent.action.MAIN cat=[android.intent.category.LAUNCHER] flg=0x10300000 cmp=io.cordova.myappba547e/.MainActivity (has extras)} from uid 10067 on display 0
V/WindowManager(  978): addAppToken: AppWindowToken{29432e8b token=Token{c259c5a ActivityRecord{36def405 u0 io.cordova.myappba547e/.MainActivity t2626}}} to stack=1 task=2626 at 0
I/SFPerfTracer(  349):      triggers: (rate: 10610:468531) (compose: 0:41) (post: 0:37) (render: 0:1482) (22:4074747 frames) (23:4336030)
D/SFPerfTracer(  349):        layers: (4:11) (FocusedStackFrame (0xb74d6218): 0:13178)* (DimLayer (0xb74ef550): 0:45)* (DimLayer (0xb74f1a20): 0:25)* (DimLayer (0xb75912f0): 0:8887)* (DimLayer (0xb75939a8): 0:2467)* (StatusBar (0xb753d3f8): 0:329361) (com.android.systemui.ImageWallpaper (0xb7543fa0): 0:16427) (NavigationBar (0xb75401d8): 13:446) (com.android.systemui/com.android.systemui.recents.RecentsActivity (0xb7572e30): 0:67)- (com.google.android.googlequicksearchbox/com.google.android.launcher.GEL (0xb75a9958): 0:59)- (com.android.systemui/com.android.systemui.recents.RecentsActivity (0xb7572e30): 21:34) 
V/WindowManager(  978): Adding window Window{262ec614 u0 io.cordova.myappba547e/io.cordova.myappba547e.MainActivity} at 4 of 12 (after Window{1c01ff26 u0 com.google.android.gm/com.google.android.gm.ConversationListActivityGmail})
I/LaunchCheckinHandler(  978): Displayed io.cordova.myappba547e/.MainActivity,wp,ca,119
V/AlarmManager(  978): sending alarm {3d1969b9 type 3 *alarm*:send_events}
V/AlarmManager(  978): done {3d1969b9, *alarm*:send_events} [8ms]
V/WindowManager(  978): Adding window Window{30805662 u0 SurfaceView} at 7 of 15 (before Window{28c0d07b u0 com.motorola.actions})
I/SFPerfTracer(  349):      triggers: (rate: 10610:468534) (compose: 0:41) (post: 0:37) (render: 0:1482) (991:4075756 frames) (992:4337049)
D/SFPerfTracer(  349):        layers: (3:11) (FocusedStackFrame (0xb74d6218): 0:13181)* (DimLayer (0xb74ef550): 0:45)* (DimLayer (0xb74f1a20): 0:25)* (DimLayer (0xb75912f0): 0:8887)* (DimLayer (0xb75939a8): 0:2467)* (StatusBar (0xb753d3f8): 11:329372) (com.android.systemui.ImageWallpaper (0xb7543fa0): 1:16428)* (NavigationBar (0xb75401d8): 2:448) (com.android.systemui/com.android.systemui.recents.RecentsActivity (0xb7572e30): 0:41)- (io.cordova.myappba547e/io.cordova.myappba547e.MainActivity (0xb75a9958): 991:1015) (thumbnail anim (0xb759b998): 0:21)- 
V/WindowManager(  978): removeAppToken make exiting: AppWindowToken{29432e8b token=Token{c259c5a ActivityRecord{36def405 u0 io.cordova.myappba547e/.MainActivity t2626}}}
I/SFPerfTracer(  349):      triggers: (rate: 0:81) (8084108 sw vsyncs) (0 skipped) (1071:5170429 vsyncs) (1073:13609516)
V/AlarmManager(  978): sending alarm {31ce5bde type 3 *alarm*:android.intent.action.TIME_TICK}
I/ActivityManager(  978): Start proc 28272:com.yahoo.mobile.client.android.weather/u0a170 for broadcast com.yahoo.mobile.client.android.weather/.WeatherWidgetHourlyProvider
V/AlarmManager(  978): done {31ce5bde, *alarm*:android.intent.action.TIME_TICK} [239ms]
W/ActivityManager(  978): getRunningAppProcesses: caller 10170 does not hold REAL_GET_TASKS; limiting output
I/SFPerfTracer(  349):      triggers: (rate: 10610:468536) (compose: 0:41) (post: 0:37) (render: 0:1482) (22:4075847 frames) (23:4337156)
D/SFPerfTracer(  349):        layers: (4:11) (FocusedStackFrame (0xb74d6218): 0:13184)* (DimLayer (0xb74ef550): 0:45)* (DimLayer (0xb74f1a20): 0:25)* (DimLayer (0xb75912f0): 0:8887)* (DimLayer (0xb75939a8): 0:2467)* (StatusBar (0xb753d3f8): 1:329375) (com.android.systemui.ImageWallpaper (0xb7543fa0): 0:16429) (NavigationBar (0xb75401d8): 0:480) (io.cordova.myappba547e/io.cordova.myappba547e.MainActivity (0xb75a9958): 0:1058)- ( (0xb7547d98): 0:3)* (com.google.android.googlequicksearchbox/com.google.android.launcher.GEL (0xb7572e30): 23:74) 
I/ActivityManager(  978): START u0 {act=android.intent.action.MAIN cat=[android.intent.category.LAUNCHER] flg=0x10200000 cmp=io.cordova.myappba547e/.MainActivity (has extras)} from uid 10067 on display 0
V/WindowManager(  978): addAppToken: AppWindowToken{325796ca token=Token{46b9235 ActivityRecord{286bfc6c u0 io.cordova.myappba547e/.MainActivity t2627}}} to stack=1 task=2627 at 0
V/WindowManager(  978): Adding window Window{2618d2ed u0 Starting io.cordova.myappba547e} at 6 of 15 (after Window{1c01ff26 u0 com.google.android.gm/com.google.android.gm.ConversationListActivityGmail})
V/WindowManager(  978): Adding window Window{316b467a u0 io.cordova.myappba547e/io.cordova.myappba547e.MainActivity} at 6 of 16 (before Window{2618d2ed u0 Starting io.cordova.myappba547e})
I/LaunchCheckinHandler(  978): Displayed io.cordova.myappba547e/.MainActivity,wp,ca,133
D/TaskPersister(  978): removeObsoleteFile: deleting file=2626_task.xml
D/TaskPersister(  978): removeObsoleteFile: deleting file=2626_task_thumbnail.png
I/SFPerfTracer(  349):      triggers: (rate: 10610:468538) (compose: 0:41) (post: 0:37) (render: 0:1482) (294:4076160 frames) (295:4337480)
D/SFPerfTracer(  349):        layers: (3:12) (FocusedStackFrame (0xb74d6218): 1:13189)* (DimLayer (0xb74ef550): 0:45)* (DimLayer (0xb74f1a20): 0:25)* (DimLayer (0xb75912f0): 0:8887)* (DimLayer (0xb75939a8): 1:2469)* (StatusBar (0xb753d3f8): 5:329381) (com.android.systemui.ImageWallpaper (0xb7543fa0): 1:16430)* (NavigationBar (0xb75401d8): 0:480) ( (0xb7547d98): 0:3)* (com.google.android.googlequicksearchbox/com.google.android.launcher.GEL (0xb7572e30): 0:77)- (Starting io.cordova.myappba547e (0xb75a9958): 0:20)- (io.cordova.myappba547e/io.cordova.myappba547e.MainActivity (0xb759b998): 295:318) 
I/ActivityManager(  978): START u0 {act=android.intent.action.MAIN cat=[android.intent.category.HOME] flg=0x10200000 cmp=com.google.android.googlequicksearchbox/com.google.android.launcher.GEL} from uid 1000 on display 0
I/LaunchCheckinHandler(  978): Displayed com.google.android.googlequicksearchbox/com.google.android.launcher.GEL,wp,wa,151
I/ActivityManager(  978): START u0 {act=com.android.systemui.recents.SHOW_RECENTS flg=0x10804000 cmp=com.android.systemui/.recents.RecentsActivity} from uid 10005 on display 0
I/LaunchCheckinHandler(  978): Displayed com.android.systemui/.recents.RecentsActivity,wp,wa,108
W/InputMethodManagerService(  978): Starting input on non-focused client com.android.internal.view.IInputMethodClient$Stub$Proxy@d557a3a (uid=10067 pid=27477)
I/SFPerfTracer(  349):      triggers: (rate: 0:81) (8084108 sw vsyncs) (0 skipped) (423:5170915 vsyncs) (425:13610015)
I/SFPerfTracer(  349):      triggers: (rate: 10610:468538) (compose: 0:41) (post: 0:37) (render: 0:1482) (0:4076246 frames) (1:4337580)
D/SFPerfTracer(  349):        layers: (4:11) (FocusedStackFrame (0xb74d6218): 0:13191)* (DimLayer (0xb74ef550): 0:45)* (DimLayer (0xb74f1a20): 0:25)* (DimLayer (0xb75912f0): 0:8887)* (DimLayer (0xb75939a8): 0:2469)* (StatusBar (0xb753d3f8): 0:329382) (com.android.systemui.ImageWallpaper (0xb7543fa0): 0:16431) (NavigationBar (0xb75401d8): 0:546) (io.cordova.myappba547e/io.cordova.myappba547e.MainActivity (0xb759b998): 0:376)- (com.google.android.googlequicksearchbox/com.google.android.launcher.GEL (0xb7572e30): 0:16)- (com.android.systemui/com.android.systemui.recents.RecentsActivity (0xb75a9958): 1:36) 
I/ActivityManager(  978): START u0 {act=android.intent.action.MAIN cat=[android.intent.category.HOME] flg=0x10200000 cmp=com.google.android.googlequicksearchbox/com.google.android.launcher.GEL} from uid 1000 on display 0
I/SFPerfTracer(  349):      triggers: (rate: 10610:468539) (compose: 0:41) (post: 0:37) (render: 0:1482) (162:4076426 frames) (163:4337767)
D/SFPerfTracer(  349):        layers: (3:11) (FocusedStackFrame (0xb74d6218): 0:13193)* (DimLayer (0xb74ef550): 0:45)* (DimLayer (0xb74f1a20): 0:25)* (DimLayer (0xb75912f0): 0:8887)* (DimLayer (0xb75939a8): 0:2469)* (StatusBar (0xb753d3f8): 4:329387) (com.android.systemui.ImageWallpaper (0xb7543fa0): 1:16432)* (NavigationBar (0xb75401d8): 8:554) (com.android.systemui/com.android.systemui.recents.RecentsActivity (0xb75a9958): 0:40)- (io.cordova.myappba547e/io.cordova.myappba547e.MainActivity (0xb759b998): 162:186) (thumbnail anim (0xb7572e30): 0:22)- 
I/LaunchCheckinHandler(  978): Displayed com.google.android.googlequicksearchbox/com.google.android.launcher.GEL,wp,wa,142
V/DeadZone( 1449): consuming errant click: (832.0,11.0)
I/ActivityManager(  978): START u0 {act=com.android.systemui.recents.SHOW_RECENTS flg=0x10804000 cmp=com.android.systemui/.recents.RecentsActivity} from uid 10005 on display 0
I/LaunchCheckinHandler(  978): Displayed com.android.systemui/.recents.RecentsActivity,wp,wa,104
I/SFPerfTracer(  349):      triggers: (rate: 0:81) (8084108 sw vsyncs) (0 skipped) (288:5171203 vsyncs) (290:13610305)
I/SFPerfTracer(  349):      triggers: (rate: 10610:468541) (compose: 0:41) (post: 0:37) (render: 0:1482) (5:4076509 frames) (6:4337870)
D/SFPerfTracer(  349):        layers: (6:13) (FocusedStackFrame (0xb74d6218): 0:13197)* (DimLayer (0xb74ef550): 0:45)* (DimLayer (0xb74f1a20): 0:25)* (DimLayer (0xb75912f0): 0:8887)* (DimLayer (0xb75939a8): 0:2469)* (StatusBar (0xb753d3f8): 0:329390) (com.android.systemui.ImageWallpaper (0xb7543fa0): 0:16433) (NavigationBar (0xb75401d8): 0:616) (io.cordova.myappba547e/io.cordova.myappba547e.MainActivity (0xb759b998): 0:216)- (com.google.android.googlequicksearchbox/com.google.android.launcher.GEL (0xb75a9958): 0:29)- (com.android.systemui/com.android.systemui.recents.RecentsActivity (0xb7572e30): 1:38) (io.cordova.myappba547e/io.cordova.myappba547e.MainActivity (0xb75a9958): 6:9) (thumbnail anim (0xb759b998): 6:7) 
V/AlarmManager(  978): sending alarm {2ecef29a type 2 *walarm*:com.android.server.task.controllers.BatteryController.ACTION_CHARGING_STABLE}
V/AlarmManager(  978): sending alarm {194ba6e type 1 *alarm*:ch.bitspin.timely.widget.UPDATE_ACTION}
V/AlarmManager(  978): done {2ecef29a, *walarm*:com.android.server.task.controllers.BatteryController.ACTION_CHARGING_STABLE} [7ms]
I/ActivityManager(  978): Start proc 28356:ch.bitspin.timely/u0a144 for broadcast ch.bitspin.timely/.widget.WidgetProvider_
W/ResourcesManager(28356): Asset path '/system/framework/com.android.media.remotedisplay.jar' does not exist or contains no resources.
W/ResourcesManager(28356): Asset path '/system/framework/com.android.location.provider.jar' does not exist or contains no resources.
V/AlarmManager(  978): done {194ba6e, *alarm*:ch.bitspin.timely.widget.UPDATE_ACTION} [620ms]
I/ActivityManager(  978): Start proc 28390:com.google.android.apps.plus/u0a127 for service com.google.android.apps.plus/.service.EsSyncAdapterService
I/ActivityManager(  978): Killing 27862:com.google.android.apps.docs/u0a95 (adj 15): empty #13
I/SFPerfTracer(  349):      triggers: (rate: 0:81) (8084108 sw vsyncs) (0 skipped) (227:5171430 vsyncs) (229:13610534)
W/ResourcesManager(28390): Asset path '/system/framework/com.google.android.maps.jar' does not exist or contains no resources.
I/ActivityManager(  978): Start proc 28410:com.soundcloud.android/u0a169 for service com.soundcloud.android/.sync.SyncAdapterService
I/ActivityManager(  978): Start proc 28436:android.process.acore/u0a13 for content provider com.android.providers.contacts/.ContactsProvider2
I/ActivityManager(  978): Killing 27922:com.textra:acra/u0a149 (adj 15): empty #13
D/ConnectivityService(  978): listenForNetwork for NetworkRequest [ id=2577, legacyType=-1, [ Capabilities: INTERNET&NOT_RESTRICTED&TRUSTED&NOT_VPN] ]
D/ConnectivityService(  978): handleRegisterNetworkRequest checking NetworkAgentInfo [WIFI () - 351]
D/ConnectivityService(  978): apparently satisfied.  currentScore=60
W/ActivityManager(  978): Permission Denial: Accessing service ComponentInfo{com.google.android.music/com.google.android.music.dial.DialMediaRouteProviderService} from pid=28410, uid=10169 that is not exported from uid 10123
I/ActivityManager(  978): Start proc 28541:com.google.android.deskclock/u0a102 for broadcast com.google.android.deskclock/com.android.alarmclock.DigitalAppWidgetProvider
I/SFPerfTracer(  349):      triggers: (rate: 0:81) (8084108 sw vsyncs) (0 skipped) (112:5171542 vsyncs) (114:13610648)
I/ActivityManager(  978): Killing 27957:com.yahoo.mobile.client.android.weather:com.yahoo.snp.service/u0a170 (adj 15): empty #13
I/ActivityManager(  978): Killing 27983:com.tumblr/u0a178 (adj 15): empty #13
I/ActivityManager(  978): Killing 28095:com.android.documentsui/u0a101 (adj 15): empty #13
V/AlarmManager(  978): sending alarm {ff899f7 type 3 *alarm*:send_events}
V/AlarmManager(  978): done {ff899f7, *alarm*:send_events} [7ms]
V/AlarmManager(  978): sending alarm {14577874 type 3 *alarm*:com.google.android.gms/.lockbox.LockboxAlarmReceiver}
V/AlarmManager(  978): done {14577874, *alarm*:com.google.android.gms/.lockbox.LockboxAlarmReceiver} [5ms]
V/AlarmManager(  978): sending alarm {12d0324d type 3 *alarm*:com.google.android.apps.gsa.sidekick.shared.a.a.UPDATE_CALENDAR_ACTION}
V/AlarmManager(  978): done {12d0324d, *alarm*:com.google.android.apps.gsa.sidekick.shared.a.a.UPDATE_CALENDAR_ACTION} [7ms]
I/ActivityManager(  978): Start proc 28594:com.android.providers.calendar/u0a48 for content provider com.android.providers.calendar/.CalendarProvider2
W/ResourcesManager(28594): Asset path '/system/framework/android.test.runner.jar' does not exist or contains no resources.
I/ActivityManager(  978): Killing 28117:com.android.externalstorage/u0a50 (adj 15): empty #13
I/ActivityManager(  978): Start proc 28614:com.google.android.calendar/u0a85 for broadcast com.google.android.calendar/com.android.calendar.alerts.AlertReceiver
I/SFPerfTracer(  349):      triggers: (rate: 0:81) (8084108 sw vsyncs) (0 skipped) (419:5171961 vsyncs) (421:13611069)
