D/SFPerfTracer(  349):        layers: (3:9) (FocusedStackFrame (0xb74d6218): 0:13111)* (DimLayer (0xb74ef550): 0:45)* (DimLayer (0xb74f1a20): 0:25)* (DimLayer (0xb75912f0): 0:8868)* (DimLayer (0xb75939a8): 0:2449)* (StatusBar (0xb753d3f8): 1:329038) (com.android.systemui.ImageWallpaper (0xb7543fa0): 1:16401)* (io.cordova.myappba547e/io.cordova.myappba547e.MainActivity (0xb7572e30): 83:4664) (NavigationBar (0xb75401d8): 8:46) 
I/LaunchCheckinHandler(  978): Displayed com.android.systemui/.recents.RecentsActivity,wp,wa,287
I/ActivityManager(  978): Killing 24091:android.process.acore/u0a13 (adj 15): empty #13
I/ActivityManager(  978): Killing 24499:io.cordova.myappba547e/u0a197 (adj 9): remove task
I/WindowState(  978): WIN DEATH: Window{11da2488 u0 io.cordova.myappba547e/io.cordova.myappba547e.MainActivity}
I/SFPerfTracer(  349):      triggers: (rate: 0:81) (8077530 sw vsyncs) (0 skipped) (422:5161150 vsyncs) (424:13593490)
D/TaskPersister(  978): removeObsoleteFile: deleting file=2621_task.xml
D/TaskPersister(  978): removeObsoleteFile: deleting file=2621_task_thumbnail.png
I/ActivityManager(  978): Start proc 25195:com.android.defcontainer/u0a37 for service com.android.defcontainer/.DefaultContainerService
I/ActivityManager(  978): START u0 {act=android.intent.action.MAIN cat=[android.intent.category.HOME] flg=0x10200000 cmp=com.google.android.googlequicksearchbox/com.google.android.launcher.GEL} from uid 10005 on display 0
I/LaunchCheckinHandler(  978): Displayed com.google.android.googlequicksearchbox/com.google.android.launcher.GEL,wp,wa,205
I/SFPerfTracer(  349):      triggers: (rate: 10610:468462) (compose: 0:41) (post: 0:37) (render: 0:1477) (4:4066862 frames) (5:4327896)
D/SFPerfTracer(  349):        layers: (4:12) (FocusedStackFrame (0xb74d6218): 0:13113)* (DimLayer (0xb74ef550): 0:45)* (DimLayer (0xb74f1a20): 0:25)* (DimLayer (0xb75912f0): 0:8868)* (DimLayer (0xb75939a8): 0:2449)* (StatusBar (0xb753d3f8): 0:329042) (com.android.systemui.ImageWallpaper (0xb7543fa0): 0:16402) (io.cordova.myappba547e/io.cordova.myappba547e.MainActivity (0xb7572e30): 0:4687)- (NavigationBar (0xb75401d8): 5:102) (com.android.systemui/com.android.systemui.recents.RecentsActivity (0xb759b998): 0:50) (thumbnail anim (0xb75a9958): 0:22)- (com.google.android.googlequicksearchbox/com.google.android.launcher.GEL (0xb7572e30): 5:5)* 
D/DefContainer(25195): Copying /data/local/tmp/android-debug.apk to base.apk
D/PackageManager(  978): Renaming /data/app/vmdl216222534.tmp to /data/app/io.cordova.myappba547e-2
I/ActivityManager(  978): Force stopping io.cordova.myappba547e appid=10197 user=-1: uninstall pkg
I/PackageManager(  978): Package io.cordova.myappba547e codePath changed from /data/app/io.cordova.myappba547e-1 to /data/app/io.cordova.myappba547e-2; Retaining data and using new
I/ActivityManager(  978): Force stopping io.cordova.myappba547e appid=10197 user=-1: update pkg
W/PackageManager(  978): Code path for pkg : io.cordova.myappba547e changing from /data/app/io.cordova.myappba547e-1 to /data/app/io.cordova.myappba547e-2
W/PackageManager(  978): Resource path for pkg : io.cordova.myappba547e changing from /data/app/io.cordova.myappba547e-1 to /data/app/io.cordova.myappba547e-2
I/ActivityManager(  978): Force stopping io.cordova.myappba547e appid=10197 user=0: pkg removed
D/JobSchedulerService(  978): Receieved: android.intent.action.PACKAGE_REMOVED
D/BackupManagerService(  978): Received broadcast Intent { act=android.intent.action.PACKAGE_REMOVED dat=package:io.cordova.myappba547e flg=0x4000010 (has extras) }
I/ActivityManager(  978): Start proc 25246:android.process.acore/u0a13 for broadcast com.android.providers.contacts/.PackageIntentReceiver
W/InputMethodInfo(  978): Duplicated subtype definition found: , voice
I/ActivityManager(  978): Start proc 25272:com.verizon.vzwavs/u0a68 for broadcast com.verizon.vzwavs/.WakeupReceiver
I/ActivityManager(  978): Start proc 25293:com.android.keychain/1000 for broadcast com.android.keychain/.KeyChainBroadcastReceiver
I/ActivityManager(  978): Killing 24469:com.google.android.apps.plus/u0a127 (adj 15): empty #13
I/SFPerfTracer(  349):      triggers: (rate: 0:81) (8077530 sw vsyncs) (0 skipped) (3:5161243 vsyncs) (5:13593594)
W/ContextImpl(25293): Calling a method in the system process without a qualified user: android.app.ContextImpl.startService:1831 android.content.ContextWrapper.startService:516 android.content.ContextWrapper.startService:516 com.android.keychain.KeyChainBroadcastReceiver.onReceive:12 android.app.ActivityThread.handleReceiver:2639 
I/ActivityManager(  978): Start proc 25330:com.quickoffice.android/u0a128 for broadcast com.quickoffice.android/com.qo.android.quickoffice.QOBroadcastReceiver
I/ActivityManager(  978): Killing 24567:com.google.android.apps.docs/u0a95 (adj 15): empty #13
D/BackupManagerService(  978): Received broadcast Intent { act=android.intent.action.PACKAGE_ADDED dat=package:io.cordova.myappba547e flg=0x4000010 (has extras) }
W/BackupManagerService(  978): Removing schedule queue dupe of io.cordova.myappba547e
I/ActivityManager(  978): START u0 {act=android.intent.action.MAIN flg=0x10000000 cmp=io.cordova.myappba547e/.MainActivity} from uid 2000 on display 0
V/WindowManager(  978): addAppToken: AppWindowToken{1948bd70 token=Token{20033b3 ActivityRecord{3c5c5d22 u0 io.cordova.myappba547e/.MainActivity t2622}}} to stack=1 task=2622 at 0
I/ActivityManager(  978): Killing 24641:com.textra:acra/u0a149 (adj 15): empty #13
V/WindowManager(  978): Adding window Window{1ab4662b u0 Starting io.cordova.myappba547e} at 6 of 12 (after Window{1c01ff26 u0 com.google.android.gm/com.google.android.gm.ConversationListActivityGmail})
I/ActivityManager(  978): Start proc 25363:io.cordova.myappba547e/u0a197 for activity io.cordova.myappba547e/.MainActivity
I/ActivityManager(  978): Killing 24621:com.textra/u0a149 (adj 15): empty #13
W/ActivityManager(  978): No permission grants found for com.quickoffice.android
I/ActivityManager(  978): Start proc 25392:com.google.android.apps.plus/u0a127 for broadcast com.google.android.apps.plus/.service.PackagesMediaMonitor
W/ResourcesManager(27477): Asset path '/system/framework/com.google.android.maps.jar' does not exist or contains no resources.
W/ResourcesManager(25392): Asset path '/system/framework/com.google.android.maps.jar' does not exist or contains no resources.
I/ActivityManager(  978): Start proc 25426:com.google.process.gapps/u0a34 for content provider com.google.android.gsf/.settings.GoogleSettingsProvider
V/WindowManager(  978): Adding window Window{34fb100 u0 io.cordova.myappba547e/io.cordova.myappba547e.MainActivity} at 6 of 13 (before Window{1ab4662b u0 Starting io.cordova.myappba547e})
I/ActivityManager(  978): Killing 24877:com.google.android.deskclock/u0a102 (adj 15): empty #13
I/LaunchCheckinHandler(  978): Displayed io.cordova.myappba547e/.MainActivity,cp,ca,971
I/SFPerfTracer(  349):      triggers: (rate: 10610:468469) (compose: 0:41) (post: 0:37) (render: 0:1477) (8:4066949 frames) (9:4328003)
D/SFPerfTracer(  349):        layers: (4:12) (FocusedStackFrame (0xb74d6218): 0:13117)* (DimLayer (0xb74ef550): 0:45)* (DimLayer (0xb74f1a20): 0:25)* (DimLayer (0xb75912f0): 0:8868)* (DimLayer (0xb75939a8): 0:2453)* (StatusBar (0xb753d3f8): 0:329045) (com.android.systemui.ImageWallpaper (0xb7543fa0): 0:16403)* (NavigationBar (0xb75401d8): 0:104) (com.android.systemui/com.android.systemui.recents.RecentsActivity (0xb759b998): 0:61)- (com.google.android.googlequicksearchbox/com.google.android.launcher.GEL (0xb7572e30): 0:70)- (Starting io.cordova.myappba547e (0xb75a9958): 9:36) (io.cordova.myappba547e/io.cordova.myappba547e.MainActivity (0xb7572e30): 9:14) 
I/ActivityManager(  978): Start proc 25511:com.google.android.apps.docs/u0a95 for broadcast com.google.android.apps.docs/.receivers.AppPackageAddRemoveReceiver
I/SFPerfTracer(  349):      triggers: (rate: 0:81) (8077530 sw vsyncs) (0 skipped) (31:5161332 vsyncs) (33:13593698)
I/ActivityManager(  978): Killing 25085:free.reddit.news/u0a153 (adj 15): empty #13
W/ActivityManager(  978): getRunningAppProcesses: caller 10095 does not hold REAL_GET_TASKS; limiting output
W/ActivityManager(  978): getRunningAppProcesses: caller 10095 does not hold REAL_GET_TASKS; limiting output
W/ActivityManager(  978): getRunningAppProcesses: caller 10095 does not hold REAL_GET_TASKS; limiting output
W/ActivityManager(  978): getRunningAppProcesses: caller 10095 does not hold REAL_GET_TASKS; limiting output
I/ActivityManager(  978): Start proc 25583:com.textra/u0a149 for broadcast com.textra/com.mplus.lib.fa
I/ActivityManager(  978): Killing 24798:ch.bitspin.timely/u0a144 (adj 15): empty #13
W/ResourcesManager(25511): Asset path '/system/framework/com.android.media.remotedisplay.jar' does not exist or contains no resources.
W/ResourcesManager(25511): Asset path '/system/framework/com.android.location.provider.jar' does not exist or contains no resources.
W/ActivityManager(  978): getRunningAppProcesses: caller 10149 does not hold REAL_GET_TASKS; limiting output
I/ActivityManager(  978): Start proc 25602:com.textra:acra/u0a149 for service com.textra/org.acra.sender.SenderService
W/ActivityManager(  978): getRunningAppProcesses: caller 10149 does not hold REAL_GET_TASKS; limiting output
W/ActivityManager(  978): getRunningAppProcesses: caller 10149 does not hold REAL_GET_TASKS; limiting output
W/ActivityManager(  978): getRunningAppProcesses: caller 10149 does not hold REAL_GET_TASKS; limiting output
I/ActivityManager(  978): Start proc 25636:com.yahoo.mobile.client.android.weather:com.yahoo.snp.service/u0a170 for broadcast com.yahoo.mobile.client.android.weather/com.yahoo.platform.mobile.push.PushAgentReceiver
I/ActivityManager(  978): Killing 24832:com.yahoo.mobile.client.android.weather/u0a170 (adj 15): empty #13
I/ActivityManager(  978): Killing 24953:com.vzw.hss.myverizon/u0a62 (adj 15): empty #14
W/ActivityManager(  978): getRunningAppProcesses: caller 10170 does not hold REAL_GET_TASKS; limiting output
I/ActivityManager(  978): Killing 25195:com.android.defcontainer/u0a37 (adj 15): empty #13
I/ActivityManager(  978): Start proc 25660:com.tumblr/u0a178 for broadcast com.tumblr/com.appsflyer.AppsFlyerLib
I/ActivityManager(  978): Killing 25272:com.verizon.vzwavs/u0a68 (adj 15): empty #13
I/ActivityManager(  978): Start proc 25711:com.google.android.partnersetup/u0a45 for broadcast com.google.android.partnersetup/.RlzPingBroadcastReceiver
I/ActivityManager(  978): Start proc 25735:com.verizon.vzwavs/u0a68 for broadcast com.verizon.vzwavs/.WakeupReceiver
I/ActivityManager(  978): Killing 25293:com.android.keychain/1000 (adj 15): empty #13
I/ActivityManager(  978): Killing 25330:com.quickoffice.android/u0a128 (adj 15): empty #13
I/ActivityManager(  978): Start proc 25759:com.quickoffice.android/u0a128 for broadcast com.quickoffice.android/com.qo.android.quickoffice.QOBroadcastReceiver
I/ActivityManager(  978): Killing 23630:com.google.android.googlequicksearchbox:search/u0a67 (adj 15): empty #13
D/ConnectivityService(  978): ConnectivityService NetworkRequestInfo binderDied(NetworkRequest [ id=2576, legacyType=-1, [ Capabilities: INTERNET&NOT_RESTRICTED&TRUSTED&NOT_VPN] ], android.os.BinderProxy@5791b11)
D/WifiService(  978): Client connection lost with reason: 4
D/ConnectivityService(  978): releasing NetworkRequest NetworkRequest [ id=2576, legacyType=-1, [ Capabilities: INTERNET&NOT_RESTRICTED&TRUSTED&NOT_VPN] ]
E/ConnectivityService(  978): RemoteException caught trying to send a callback msg for NetworkRequest [ id=2576, legacyType=-1, [ Capabilities: INTERNET&NOT_RESTRICTED&TRUSTED&NOT_VPN] ]
W/ActivityManager(  978): No permission grants found for com.quickoffice.android
I/ActivityManager(  978): Start proc 25784:com.google.android.googlequicksearchbox:search/u0a67 for broadcast com.google.android.googlequicksearchbox/com.google.android.apps.gsa.search.core.icingsync.IcingCorporaChangedReceiver
D/WifiService(  978): New client listening to asynchronous messages
I/ActivityManager(  978): Start proc 25830:com.google.android.apps.cloudprint/u0a93 for broadcast com.google.android.apps.cloudprint/.printdialog.receivers.UpgradeBroadcastReceiver
I/ActivityManager(  978): Killing 25426:com.google.process.gapps/u0a34 (adj 15): empty #13
I/ActivityManager(  978): Start proc 25848:com.google.android.apps.magazines/u0a124 for broadcast com.google.android.apps.magazines/com.google.apps.dots.android.app.receiver.FirstInstallNotificationReceiver
I/ActivityManager(  978): Killing 25602:com.textra:acra/u0a149 (adj 15): empty #13
W/ActivityManager(  978): getRunningAppProcesses: caller 10124 does not hold REAL_GET_TASKS; limiting output
W/ActivityManager(  978): getRunningAppProcesses: caller 10124 does not hold REAL_GET_TASKS; limiting output
I/ActivityManager(  978): Start proc 25873:com.google.process.gapps/u0a34 for content provider com.google.android.gsf/.gservices.GservicesProvider
W/ActivityManager(  978): getRunningAppProcesses: caller 10124 does not hold REAL_GET_TASKS; limiting output
W/ActivityManager(  978): getRunningAppProcesses: caller 10124 does not hold REAL_GET_TASKS; limiting output
I/ActivityManager(  978): Killing 25660:com.tumblr/u0a178 (adj 15): empty #13
I/ActivityManager(  978): Killing 25711:com.google.android.partnersetup/u0a45 (adj 15): empty #13
V/AlarmManager(  978): sending alarm {21f0ce9d type 3 *alarm*:send_events}
V/AlarmManager(  978): done {21f0ce9d, *alarm*:send_events} [7ms]
D/BatteryService(  978): uevent={POWER_SUPPLY_TEMP=311, POWER_SUPPLY_STATUS=Charging, POWER_SUPPLY_CAPACITY=100, ACTION=change, DEVPATH=/devices/qpnp-charger-ed22e400/power_supply/battery, POWER_SUPPLY_VOLTAGE_OCV=-22, POWER_SUPPLY_ONLINE=1, SUBSYSTEM=power_supply, POWER_SUPPLY_NUM_SYSTEM_TEMP_LEVELS=17, POWER_SUPPLY_INPUT_CURRENT_MAX=500000, POWER_SUPPLY_VOLTAGE_MAX_DESIGN=4350000, POWER_SUPPLY_CHARGE_FULL=2272000, POWER_SUPPLY_NAME=battery, POWER_SUPPLY_VOLTAGE_MIN_DESIGN=4300000, POWER_SUPPLY_VOLTAGE_MIN=4300000, POWER_SUPPLY_HEALTH=Good, POWER_SUPPLY_CYCLE_COUNT=34, POWER_SUPPLY_TECHNOLOGY=Li-ion, POWER_SUPPLY_CHARGE_TYPE=Fast, POWER_SUPPLY_PRESENT=1, POWER_SUPPLY_INPUT_CURRENT_SETTLED=0, POWER_SUPPLY_MODEL_NAME=EY30-LG, POWER_SUPPLY_VOLTAGE_NOW=4298977, SEQNUM=52131, POWER_SUPPLY_TEMP_WARM=450, POWER_SUPPLY_TEMP_COOL=0, POWER_SUPPLY_CHARGE_FULL_DESIGN=2281000, POWER_SUPPLY_CURRENT_NOW=-23290, POWER_SUPPLY_CHARGE_COUNTER=-27116, POWER_SUPPLY_SYSTEM_TEMP_LEVEL=0, POWER_SUPPLY_INPUT_CURRENT_TRIM=33, POWER_SUPPLY_VOLTAGE_EMPTY=3000000, POWER_SUPPLY_CHARGE_RATE=Normal, POWER_SUPPLY_INPUT_VOLTAGE_REGULATION=0, POWER_SUPPLY_CHARGING_ENABLED=1}
I/ActivityManager(  978): Start proc 25927:com.google.android.talk/u0a118 for broadcast com.google.android.talk/com.google.android.apps.hangouts.phone.PackageReplacedReceiver
W/ResourcesManager(25927): Asset path '/system/framework/com.google.android.media.effects.jar' does not exist or contains no resources.
W/ActivityManager(  978): getRunningAppProcesses: caller 10118 does not hold REAL_GET_TASKS; limiting output
D/BackupManagerService(  978): Received broadcast Intent { act=android.intent.action.PACKAGE_CHANGED dat=package:com.google.android.gms flg=0x4000010 (has extras) }
I/BackupManagerService(  978): Unbinding ComponentInfo{com.google.android.gms/com.google.android.gms.backup.BackupTransportService}
I/BackupManagerService(  978): Binding to transport host ComponentInfo{com.google.android.gms/com.google.android.gms.backup.BackupTransportService}
V/BackupManagerService(  978): Connected to transport ComponentInfo{com.google.android.gms/com.google.android.gms.backup.BackupTransportService}
V/BackupManagerService(  978): Registering transport com.google.android.gms/.backup.BackupTransportService::com.google.android.gms/.backup.BackupTransportService = com.android.internal.backup.IBackupTransport$Stub$Proxy@2ccf74c7
D/WifiService(  978): acquireWifiLockLocked: WifiLock{NlpWifiLock type=2 binder=android.os.BinderProxy@32b92390}
I/ActivityManager(  978): Start proc 25963:com.google.android.apps.walletnfcrel/u0a7 for broadcast com.google.android.apps.walletnfcrel/com.google.commerce.tapandpay.android.account.RefreshActiveAccountReceiver
W/ResourcesManager(27477): Asset path '/system/framework/com.google.android.maps.jar' does not exist or contains no resources.
I/SFPerfTracer(  349):      triggers: (rate: 0:81) (8077530 sw vsyncs) (0 skipped) (821:5162210 vsyncs) (823:13594584)
W/ResourcesManager(25927): Asset path '/system/framework/com.android.media.remotedisplay.jar' does not exist or contains no resources.
W/ResourcesManager(25927): Asset path '/system/framework/com.android.location.provider.jar' does not exist or contains no resources.
W/ResourcesManager(25963): Asset path '/system/framework/com.android.media.remotedisplay.jar' does not exist or contains no resources.
W/ResourcesManager(25963): Asset path '/system/framework/com.android.location.provider.jar' does not exist or contains no resources.
I/ActivityManager(  978): Killing 25759:com.quickoffice.android/u0a128 (adj 15): empty #13
D/WifiService(  978): releaseWifiLockLocked: WifiLock{NlpWifiLock type=2 binder=android.os.BinderProxy@32b92390}
V/AlarmManager(  978): sending alarm {94b751c type 0 *walarm*:com.android.vending/com.google.android.finsky.services.ContentSyncService}
V/AlarmManager(  978): done {94b751c, *walarm*:com.android.vending/com.google.android.finsky.services.ContentSyncService} [8ms]
I/ActivityManager(  978): Killing 25511:com.google.android.apps.docs/u0a95 (adj 15): empty #13
W/Telecom (  978): TelecomServiceImpl: null is not visible for the calling user
W/Telecom (  978): TelecomServiceImpl: ComponentInfo{com.google.android.talk/com.google.android.apps.hangouts.telephony.TeleConnectionService}, [e44cca915afc0390d8a77c0ff4608152603e7fa3], UserHandle{0} is not visible for the calling user
W/Telecom (  978): TelecomServiceImpl: null is not visible for the calling user
W/Telecom (  978): TelecomServiceImpl: ComponentInfo{com.google.android.talk/com.google.android.apps.hangouts.telephony.TeleConnectionService}, [e44cca915afc0390d8a77c0ff4608152603e7fa3], UserHandle{0} is not visible for the calling user
V/AlarmManager(  978): sending alarm {852fad2 type 3 *alarm*:android.content.jobscheduler.JOB_DELAY_EXPIRED}
V/AlarmManager(  978): done {852fad2, *alarm*:android.content.jobscheduler.JOB_DELAY_EXPIRED} [3ms]
V/AlarmManager(  978): sending alarm {31ce5bde type 3 *alarm*:android.intent.action.TIME_TICK}
V/AlarmManager(  978): done {31ce5bde, *alarm*:android.intent.action.TIME_TICK} [240ms]
I/ActivityManager(  978): Start proc 26013:com.yahoo.mobile.client.android.weather/u0a170 for broadcast com.yahoo.mobile.client.android.weather/.WeatherWidgetHourlyProvider
W/ActivityManager(  978): getRunningAppProcesses: caller 10170 does not hold REAL_GET_TASKS; limiting output
I/ActivityManager(  978): Killing 25735:com.verizon.vzwavs/u0a68 (adj 15): empty #13
I/SFPerfTracer(  349):      triggers: (rate: 10610:468476) (compose: 0:41) (post: 0:37) (render: 0:1477) (2562:4069512 frames) (2563:4330569)
D/SFPerfTracer(  349):        layers: (3:10) (FocusedStackFrame (0xb74d6218): 0:13117)* (DimLayer (0xb74ef550): 0:45)* (DimLayer (0xb74f1a20): 0:25)* (DimLayer (0xb75912f0): 0:8868)* (DimLayer (0xb75939a8): 0:2453)* (StatusBar (0xb753d3f8): 30:329075) (com.android.systemui.ImageWallpaper (0xb7543fa0): 0:16403)* (NavigationBar (0xb75401d8): 0:104) (Starting io.cordova.myappba547e (0xb75a9958): 0:37)- (io.cordova.myappba547e/io.cordova.myappba547e.MainActivity (0xb7572e30): 2563:2580) 
V/WindowManager(  978): Adding window Window{29ed977 u0 SurfaceView} at 7 of 15 (before Window{7645d4c u0 com.motorola.actions})
V/AlarmManager(  978): sending alarm {14577874 type 3 *alarm*:com.google.android.gms/.lockbox.LockboxAlarmReceiver}
V/AlarmManager(  978): sending alarm {2c453cbc type 2 *walarm*:com.google.android.gms.gcm.ACTION_CHECK_QUEUE}
V/AlarmManager(  978): sending alarm {194ba6e type 1 *alarm*:ch.bitspin.timely.widget.UPDATE_ACTION}
V/AlarmManager(  978): done {14577874, *alarm*:com.google.android.gms/.lockbox.LockboxAlarmReceiver} [14ms]
V/AlarmManager(  978): done {2c453cbc, *walarm*:com.google.android.gms.gcm.ACTION_CHECK_QUEUE} [18ms]
I/ActivityManager(  978): Start proc 26059:ch.bitspin.timely/u0a144 for broadcast ch.bitspin.timely/.widget.WidgetProvider_
I/SFPerfTracer(  349):      triggers: (rate: 0:81) (8077530 sw vsyncs) (0 skipped) (1837:5164047 vsyncs) (1839:13596423)
W/ResourcesManager(26059): Asset path '/system/framework/com.android.media.remotedisplay.jar' does not exist or contains no resources.
W/ResourcesManager(26059): Asset path '/system/framework/com.android.location.provider.jar' does not exist or contains no resources.
V/AlarmManager(  978): done {194ba6e, *alarm*:ch.bitspin.timely.widget.UPDATE_ACTION} [713ms]
I/ActivityManager(  978): Killing 25830:com.google.android.apps.cloudprint/u0a93 (adj 15): empty #13
I/ActivityManager(  978): Start proc 26093:com.google.android.deskclock/u0a102 for broadcast com.google.android.deskclock/com.android.alarmclock.DigitalAppWidgetProvider
I/ActivityManager(  978): Killing 25848:com.google.android.apps.magazines/u0a124 (adj 15): empty #13
I/PowerManagerService(  978): Going to sleep due to screen timeout (uid 1000)...
I/SFPerfTracer(  349):      triggers: (rate: 10610:468476) (compose: 0:41) (post: 0:37) (render: 0:1477) (400:4069912 frames) (401:4330971)
D/SFPerfTracer(  349):        layers: (3:10) (FocusedStackFrame (0xb74d6218): 0:13117)* (DimLayer (0xb74ef550): 0:45)* (DimLayer (0xb74f1a20): 0:25)* (DimLayer (0xb75912f0): 0:8868)* (DimLayer (0xb75939a8): 0:2453)* (StatusBar (0xb753d3f8): 6:329081) (com.android.systemui.ImageWallpaper (0xb7543fa0): 0:16403)* (NavigationBar (0xb75401d8): 0:104) (io.cordova.myappba547e/io.cordova.myappba547e.MainActivity (0xb7572e30): 401:2982) ( (0xb75a9958): 2:3)* 
I/DisplayManagerService(  978): Display device changed: DisplayDeviceInfo{"Built-in Screen": uniqueId="local:0", 1080 x 1920, 60.0 fps, supportedRefreshRates [60.0], density 480, 422.03 x 424.069 dpi, appVsyncOff 7500000, presDeadline 12666667, touch INTERNAL, rotation 0, type BUILT_IN, state OFF, FLAG_DEFAULT_DISPLAY, FLAG_ROTATES_WITH_CONTENT, FLAG_SECURE, FLAG_SUPPORTS_PROTECTED_BUFFERS}
V/ActivityManager(  978): Display changed displayId=0
I/SFPerfTracer(  349):      triggers: (rate: 0:81) (8077530 sw vsyncs) (0 skipped) (253:5164300 vsyncs) (255:13596678)
V/WindowManager(  978): mAppsToBeHidden add Token{20033b3 ActivityRecord{3c5c5d22 u0 io.cordova.myappba547e/.MainActivity t2622}}
V/WindowManager(  978): mAppsToBeHidden add Token{20033b3 ActivityRecord{3c5c5d22 u0 io.cordova.myappba547e/.MainActivity t2622}}
I/PowerManagerService(  978): Sleeping (uid 1000)...
V/WindowManager(  978): mAppsToBeHidden add Token{20033b3 ActivityRecord{3c5c5d22 u0 io.cordova.myappba547e/.MainActivity t2622}}
V/WindowManager(  978): mAppsToBeHidden add Token{20033b3 ActivityRecord{3c5c5d22 u0 io.cordova.myappba547e/.MainActivity t2622}}
V/WindowManager(  978): mAppsToBeHidden add Token{20033b3 ActivityRecord{3c5c5d22 u0 io.cordova.myappba547e/.MainActivity t2622}}
V/AlarmManager(  978): sending alarm {16b799f3 type 0 *walarm*:com.facebook.analytics.service.a.ACTION_ALARM}
V/AlarmManager(  978): sending alarm {2206c6b0 type 2 *walarm*:com.android.internal.policy.impl.PhoneWindowManager.DELAYED_KEYGUARD}
V/AlarmManager(  978): done {16b799f3, *walarm*:com.facebook.analytics.service.a.ACTION_ALARM} [3ms]
V/AlarmManager(  978): done {2206c6b0, *walarm*:com.android.internal.policy.impl.PhoneWindowManager.DELAYED_KEYGUARD} [11ms]
V/WindowManager(  978): mAppsToBeHidden add Token{20033b3 ActivityRecord{3c5c5d22 u0 io.cordova.myappba547e/.MainActivity t2622}}
V/WindowManager(  978): mAppsToBeHidden add Token{20033b3 ActivityRecord{3c5c5d22 u0 io.cordova.myappba547e/.MainActivity t2622}}
V/WindowManager(  978): mAppsToBeHidden add Token{20033b3 ActivityRecord{3c5c5d22 u0 io.cordova.myappba547e/.MainActivity t2622}}
V/WindowManager(  978): mAppsToBeHidden add Token{20033b3 ActivityRecord{3c5c5d22 u0 io.cordova.myappba547e/.MainActivity t2622}}
V/WindowManager(  978): mAppsToBeHidden add Token{20033b3 ActivityRecord{3c5c5d22 u0 io.cordova.myappba547e/.MainActivity t2622}}
V/WindowManager(  978): mAppsToBeHidden add Token{20033b3 ActivityRecord{3c5c5d22 u0 io.cordova.myappba547e/.MainActivity t2622}}
V/WindowManager(  978): mAppsToBeHidden add Token{20033b3 ActivityRecord{3c5c5d22 u0 io.cordova.myappba547e/.MainActivity t2622}}
V/WindowManager(  978): mAppsToBeHidden add Token{20033b3 ActivityRecord{3c5c5d22 u0 io.cordova.myappba547e/.MainActivity t2622}}
V/AlarmManager(  978): sending alarm {1c20cc95 type 2 *walarm*:com.facebook.common.executors.WakingExecutorService.ACTION_ALARM.com.facebook.katana.Mqtt_Wakeup}
V/AlarmManager(  978): done {1c20cc95, *walarm*:com.facebook.common.executors.WakingExecutorService.ACTION_ALARM.com.facebook.katana.Mqtt_Wakeup} [6ms]
V/AlarmManager(  978): sending alarm {88ab1aa type 2 *walarm*:com.facebook.common.executors.dx.ACTION_ALARM.com.facebook.orca.Mqtt_Wakeup}
V/AlarmManager(  978): done {88ab1aa, *walarm*:com.facebook.common.executors.dx.ACTION_ALARM.com.facebook.orca.Mqtt_Wakeup} [2ms]
V/AlarmManager(  978): sending alarm {17285426 type 2 *walarm*:com.google.android.intent.action.SEND_IDLE}
V/AlarmManager(  978): done {17285426, *walarm*:com.google.android.intent.action.SEND_IDLE} [14ms]
V/AlarmManager(  978): sending alarm {bc882a5 type 3 *alarm*:com.android.server.action.NETWORK_STATS_POLL}
V/AlarmManager(  978): sending alarm {31ce5bde type 3 *alarm*:android.intent.action.TIME_TICK}
V/AlarmManager(  978): sending alarm {2ecef29a type 2 *walarm*:com.android.server.task.controllers.BatteryController.ACTION_CHARGING_STABLE}
V/AlarmManager(  978): sending alarm {14bb5d10 type 0 *walarm*:com.verizon.messaging.vzmsgs/com.verizon.report.ReportAlarmReceiver}
V/AlarmManager(  978): sending alarm {194ba6e type 1 *alarm*:ch.bitspin.timely.widget.UPDATE_ACTION}
V/AlarmManager(  978): sending alarm {14577874 type 3 *alarm*:com.google.android.gms/.lockbox.LockboxAlarmReceiver}
V/AlarmManager(  978): done {bc882a5, *alarm*:com.android.server.action.NETWORK_STATS_POLL} [87ms]
I/ActivityManager(  978): Start proc 26140:com.verizon.messaging.vzmsgs/u0a131 for broadcast com.verizon.messaging.vzmsgs/com.verizon.report.ReportAlarmReceiver
V/AlarmManager(  978): done {2ecef29a, *walarm*:com.android.server.task.controllers.BatteryController.ACTION_CHARGING_STABLE} [146ms]
V/AlarmManager(  978): done {31ce5bde, *alarm*:android.intent.action.TIME_TICK} [206ms]
D/WifiService(  978): New client listening to asynchronous messages
V/AlarmManager(  978): done {14bb5d10, *walarm*:com.verizon.messaging.vzmsgs/com.verizon.report.ReportAlarmReceiver} [950ms]
V/AlarmManager(  978): done {194ba6e, *alarm*:ch.bitspin.timely.widget.UPDATE_ACTION} [964ms]
V/AlarmManager(  978): done {14577874, *alarm*:com.google.android.gms/.lockbox.LockboxAlarmReceiver} [968ms]
I/ActivityManager(  978): Start proc 26192:com.verizon.messaging.vzmsgs:AniwaysService/u0a131 for service com.verizon.messaging.vzmsgs/com.aniways.service.AniwaysIntentService
W/ResourcesManager(26140): Asset path '/system/framework/com.google.android.media.effects.jar' does not exist or contains no resources.
I/ActivityManager(  978): Killing 25636:com.yahoo.mobile.client.android.weather:com.yahoo.snp.service/u0a170 (adj 15): empty #13
W/ActivityManager(  978): Unable to start service Intent { act=aniways.com.google.android.gms.analytics.service.START cmp=aniways.com.google.android.gms/.analytics.service.AnalyticsService (has extras) } U=0: not found
W/ActivityManager(  978): Unable to start service Intent { act=aniways.com.google.android.gms.analytics.service.START cmp=aniways.com.google.android.gms/.analytics.service.AnalyticsService (has extras) } U=0: not found
W/ResourcesManager(26140): Asset path '/system/framework/com.google.android.media.effects.jar' does not exist or contains no resources.
W/ActivityManager(  978): Unable to start service Intent { act=aniways.com.google.android.gms.analytics.service.START cmp=aniways.com.google.android.gms/.analytics.service.AnalyticsService (has extras) } U=0: not found
W/ActivityManager(  978): Unable to start service Intent { act=aniways.com.google.android.gms.analytics.service.START cmp=aniways.com.google.android.gms/.analytics.service.AnalyticsService (has extras) } U=0: not found
V/AlarmManager(  978): sending alarm {286d33e8 type 2 *walarm*:ALARM_WAKEUP_LOCATOR}
D/WifiService(  978): acquireWifiLockLocked: WifiLock{NlpWifiLock type=2 binder=android.os.BinderProxy@24e62e1b}
V/AlarmManager(  978): done {286d33e8, *walarm*:ALARM_WAKEUP_LOCATOR} [9ms]
D/WifiService(  978): releaseWifiLockLocked: WifiLock{NlpWifiLock type=2 binder=android.os.BinderProxy@24e62e1b}
I/ActivityManager(  978): Waited long enough for: ServiceRecord{157fe42b u0 com.verizon.messaging.vzmsgs/com.aniways.service.AniwaysIntentService}
I/PowerManagerService(  978): Waking up from sleep (uid 1000)...
V/WindowManager(  978): mAppsToBeHidden add Token{20033b3 ActivityRecord{3c5c5d22 u0 io.cordova.myappba547e/.MainActivity t2622}}
I/DisplayManagerService(  978): Display device changed: DisplayDeviceInfo{"Built-in Screen": uniqueId="local:0", 1080 x 1920, 60.0 fps, supportedRefreshRates [60.0], density 480, 422.03 x 424.069 dpi, appVsyncOff 7500000, presDeadline 12666667, touch INTERNAL, rotation 0, type BUILT_IN, state ON, FLAG_DEFAULT_DISPLAY, FLAG_ROTATES_WITH_CONTENT, FLAG_SECURE, FLAG_SUPPORTS_PROTECTED_BUFFERS}
V/AlarmManager(  978): sending alarm {31ce5bde type 3 *alarm*:android.intent.action.TIME_TICK}
V/WindowManager(  978): mAppsToBeHidden add Token{20033b3 ActivityRecord{3c5c5d22 u0 io.cordova.myappba547e/.MainActivity t2622}}
V/ActivityManager(  978): Display changed displayId=0
V/WindowManager(  978): mAppsToBeHidden add Token{20033b3 ActivityRecord{3c5c5d22 u0 io.cordova.myappba547e/.MainActivity t2622}}
V/WindowManager(  978): mAppsToBeHidden add Token{20033b3 ActivityRecord{3c5c5d22 u0 io.cordova.myappba547e/.MainActivity t2622}}
V/WindowManager(  978): mAppsToBeHidden add Token{20033b3 ActivityRecord{3c5c5d22 u0 io.cordova.myappba547e/.MainActivity t2622}}
V/WindowManager(  978): mAppsToBeHidden add Token{20033b3 ActivityRecord{3c5c5d22 u0 io.cordova.myappba547e/.MainActivity t2622}}
I/SFPerfTracer(  349):      triggers: (rate: 0:81) (8084108 sw vsyncs) (0 skipped) (0:5164315 vsyncs) (6577:13603273)
V/AlarmManager(  978): done {31ce5bde, *alarm*:android.intent.action.TIME_TICK} [485ms]
I/SFPerfTracer(  349):      triggers: (rate: 10610:468477) (compose: 0:41) (post: 0:37) (render: 0:1479) (97:4070041 frames) (98:4331110)
D/SFPerfTracer(  349):        layers: (2:11) (FocusedStackFrame (0xb74d6218): 1:13121)* (DimLayer (0xb74ef550): 0:45)* (DimLayer (0xb74f1a20): 0:25)* (DimLayer (0xb75912f0): 0:8868)* (DimLayer (0xb75939a8): 0:2453)* (StatusBar (0xb753d3f8): 28:329113) (com.android.systemui.ImageWallpaper (0xb7543fa0): 0:16404) (NavigationBar (0xb75401d8): 0:104)- (io.cordova.myappba547e/io.cordova.myappba547e.MainActivity (0xb7572e30): 98:3118)* ( (0xb75a9958): 0:3)- (ColorFade (0xb759b998): 0:30)- 
I/SFPerfTracer(  349):      triggers: (rate: 10610:468477) (compose: 0:41) (post: 0:37) (render: 0:1479) (136:4070179 frames) (137:4331251)
D/SFPerfTracer(  349):        layers: (3:9) (FocusedStackFrame (0xb74d6218): 0:13121)* (DimLayer (0xb74ef550): 0:45)* (DimLayer (0xb74f1a20): 0:25)* (DimLayer (0xb75912f0): 0:8868)* (DimLayer (0xb75939a8): 0:2453)* (StatusBar (0xb753d3f8): 131:329247) (com.android.systemui.ImageWallpaper (0xb7543fa0): 0:16404) (io.cordova.myappba547e/io.cordova.myappba547e.MainActivity (0xb7572e30): 137:3259)* (NavigationBar (0xb75401d8): 15:18) 
W/InputMethodManagerService(  978): Window already focused, ignoring focus gain of: com.android.internal.view.IInputMethodClient$Stub$Proxy@149211f5 attribute=android.view.inputmethod.EditorInfo@1c287b8a, token = android.os.BinderProxy@1b637b83
I/ActivityManager(  978): Start proc 26288:com.vzw.hss.myverizon/u0a62 for broadcast com.vzw.hss.myverizon/com.vzw.geofencing.smart.receiver.MVSPrefsReceiver
I/SFPerfTracer(  349):      triggers: (rate: 0:81) (8084108 sw vsyncs) (0 skipped) (253:5164568 vsyncs) (255:13603528)
W/ResourcesManager(26288): Asset path '/system/framework/com.google.android.maps.jar' does not exist or contains no resources.
I/ActivityManager(  978): Killing 25927:com.google.android.talk/u0a118 (adj 15): empty #13
I/ActivityManager(  978): START u0 {act=android.intent.action.MAIN cat=[android.intent.category.HOME] flg=0x10200000 cmp=com.google.android.googlequicksearchbox/com.google.android.launcher.GEL} from uid 1000 on display 0
I/SFPerfTracer(  349):      triggers: (rate: 10610:468478) (compose: 0:41) (post: 0:37) (render: 0:1479) (71:4070285 frames) (72:4331365)
D/SFPerfTracer(  349):        layers: (3:9) (FocusedStackFrame (0xb74d6218): 0:13123)* (DimLayer (0xb74ef550): 0:45)* (DimLayer (0xb74f1a20): 0:25)* (DimLayer (0xb75912f0): 0:8868)* (DimLayer (0xb75939a8): 0:2455)* (StatusBar (0xb753d3f8): 2:329276) (com.android.systemui.ImageWallpaper (0xb7543fa0): 1:16416)* (io.cordova.myappba547e/io.cordova.myappba547e.MainActivity (0xb7572e30): 71:3353) (NavigationBar (0xb75401d8): 5:43) 
I/LaunchCheckinHandler(  978): Displayed com.google.android.googlequicksearchbox/com.google.android.launcher.GEL,wp,wa,183
I/ActivityManager(  978): Start proc 26330:com.google.android.partnersetup/u0a45 for content provider com.google.android.partnersetup/.RlzAppProvider
I/ActivityManager(  978): Start proc 26365:com.android.providers.calendar/u0a48 for content provider com.android.providers.calendar/.CalendarProvider2
W/ResourcesManager(26365): Asset path '/system/framework/android.test.runner.jar' does not exist or contains no resources.
I/ActivityManager(  978): Killing 25392:com.google.android.apps.plus/u0a127 (adj 15): empty #13
I/ActivityManager(  978): START u0 {act=com.android.systemui.recents.SHOW_RECENTS flg=0x10804000 cmp=com.android.systemui/.recents.RecentsActivity} from uid 10005 on display 0
W/InputMethodManagerService(  978): Starting input on non-focused client com.android.internal.view.IInputMethodClient$Stub$Proxy@d557a3a (uid=10067 pid=27477)
I/LaunchCheckinHandler(  978): Displayed com.android.systemui/.recents.RecentsActivity,wp,wa,142
I/ActivityManager(  978): Killing 25583:com.textra/u0a149 (adj 15): empty #13
I/ActivityManager(  978): Start proc 26394:com.google.android.calendar/u0a85 for broadcast com.google.android.calendar/com.android.calendar.alerts.AlertReceiver
V/AlarmManager(  978): sending alarm {1a833c29 type 3 *alarm*:com.verizon.messaging.vzmsgs/com.verizon.mms.util.RecyclerScheduleReceiver}
V/AlarmManager(  978): sending alarm {194ba6e type 1 *alarm*:ch.bitspin.timely.widget.UPDATE_ACTION}
V/AlarmManager(  978): sending alarm {23b4404c type 3 *alarm*:android.appwidget.action.APPWIDGET_UPDATE}
I/SFPerfTracer(  349):      triggers: (rate: 0:81) (8084108 sw vsyncs) (0 skipped) (253:5164821 vsyncs) (255:13603783)
I/SFPerfTracer(  349):      triggers: (rate: 10610:468481) (compose: 0:41) (post: 0:37) (render: 0:1479) (20:4070382 frames) (21:4331476)
D/SFPerfTracer(  349):        layers: (4:11) (FocusedStackFrame (0xb74d6218): 0:13125)* (DimLayer (0xb74ef550): 0:45)* (DimLayer (0xb74f1a20): 0:25)* (DimLayer (0xb75912f0): 0:8868)* (DimLayer (0xb75939a8): 0:2455)* (StatusBar (0xb753d3f8): 0:329278) (com.android.systemui.ImageWallpaper (0xb7543fa0): 0:16417) (io.cordova.myappba547e/io.cordova.myappba547e.MainActivity (0xb7572e30): 0:3381)- (NavigationBar (0xb75401d8): 8:106) (com.google.android.googlequicksearchbox/com.google.android.launcher.GEL (0xb75a9958): 0:49)- (com.android.systemui/com.android.systemui.recents.RecentsActivity (0xb7572e30): 20:35) 
I/ActivityManager(  978): Killing 3688:com.android.vending/u0a52 (adj 15): empty #13
I/ActivityManager(  978): Killing 25363:io.cordova.myappba547e/u0a197 (adj 9): remove task
I/WindowState(  978): WIN DEATH: Window{34fb100 u0 io.cordova.myappba547e/io.cordova.myappba547e.MainActivity}
V/AlarmManager(  978): sending alarm {15bd4fc type 2 *walarm*:ALARM_WAKEUP_ACTIVITY_DETECTION}
D/TaskPersister(  978): removeObsoleteFile: deleting file=2622_task.xml
D/TaskPersister(  978): removeObsoleteFile: deleting file=2622_task_thumbnail.png
I/ActivityManager(  978): Start proc 26436:com.android.defcontainer/u0a37 for service com.android.defcontainer/.DefaultContainerService
V/AlarmManager(  978): done {1a833c29, *alarm*:com.verizon.messaging.vzmsgs/com.verizon.mms.util.RecyclerScheduleReceiver} [642ms]
V/AlarmManager(  978): done {194ba6e, *alarm*:ch.bitspin.timely.widget.UPDATE_ACTION} [669ms]
V/AlarmManager(  978): done {23b4404c, *alarm*:android.appwidget.action.APPWIDGET_UPDATE} [672ms]
I/ActivityManager(  978): Start proc 26458:com.android.vending/u0a52 for broadcast com.android.vending/com.google.android.vending.verifier.PackageVerificationReceiver
V/AlarmManager(  978): done {15bd4fc, *walarm*:ALARM_WAKEUP_ACTIVITY_DETECTION} [407ms]
I/ActivityManager(  978): START u0 {act=android.intent.action.MAIN cat=[android.intent.category.HOME] flg=0x10200000 cmp=com.google.android.googlequicksearchbox/com.google.android.launcher.GEL} from uid 10005 on display 0
I/LaunchCheckinHandler(  978): Displayed com.google.android.googlequicksearchbox/com.google.android.launcher.GEL,wp,wa,116
D/DefContainer(26436): Copying /data/local/tmp/android-debug.apk to base.apk
D/PackageManager(  978): Renaming /data/app/vmdl571498113.tmp to /data/app/io.cordova.myappba547e-1
I/ActivityManager(  978): Force stopping io.cordova.myappba547e appid=10197 user=-1: uninstall pkg
I/PackageManager(  978): Package io.cordova.myappba547e codePath changed from /data/app/io.cordova.myappba547e-2 to /data/app/io.cordova.myappba547e-1; Retaining data and using new
I/ActivityManager(  978): Force stopping io.cordova.myappba547e appid=10197 user=-1: update pkg
W/PackageManager(  978): Code path for pkg : io.cordova.myappba547e changing from /data/app/io.cordova.myappba547e-2 to /data/app/io.cordova.myappba547e-1
W/PackageManager(  978): Resource path for pkg : io.cordova.myappba547e changing from /data/app/io.cordova.myappba547e-2 to /data/app/io.cordova.myappba547e-1
I/ActivityManager(  978): Force stopping io.cordova.myappba547e appid=10197 user=0: pkg removed
D/JobSchedulerService(  978): Receieved: android.intent.action.PACKAGE_REMOVED
D/BackupManagerService(  978): Received broadcast Intent { act=android.intent.action.PACKAGE_REMOVED dat=package:io.cordova.myappba547e flg=0x4000010 (has extras) }
I/ActivityManager(  978): Start proc 26524:com.verizon.vzwavs/u0a68 for broadcast com.verizon.vzwavs/.WakeupReceiver
I/ActivityManager(  978): Start proc 26543:com.android.keychain/1000 for broadcast com.android.keychain/.KeyChainBroadcastReceiver
I/ActivityManager(  978): Killing 25963:com.google.android.apps.walletnfcrel/u0a7 (adj 15): empty #13
W/InputMethodInfo(  978): Duplicated subtype definition found: , voice
W/ContextImpl(26543): Calling a method in the system process without a qualified user: android.app.ContextImpl.startService:1831 android.content.ContextWrapper.startService:516 android.content.ContextWrapper.startService:516 com.android.keychain.KeyChainBroadcastReceiver.onReceive:12 android.app.ActivityThread.handleReceiver:2639 
I/ActivityManager(  978): Start proc 26573:com.quickoffice.android/u0a128 for broadcast com.quickoffice.android/com.qo.android.quickoffice.QOBroadcastReceiver
I/ActivityManager(  978): Killing 26093:com.google.android.deskclock/u0a102 (adj 15): empty #13
I/ActivityManager(  978): Killing 26288:com.vzw.hss.myverizon/u0a62 (adj 15): empty #13
W/ActivityManager(  978): No permission grants found for com.quickoffice.android
D/BackupManagerService(  978): Received broadcast Intent { act=android.intent.action.PACKAGE_ADDED dat=package:io.cordova.myappba547e flg=0x4000010 (has extras) }
I/ActivityManager(  978): Start proc 26599:com.google.android.apps.plus/u0a127 for broadcast com.google.android.apps.plus/.service.PackagesMediaMonitor
W/BackupManagerService(  978): Removing schedule queue dupe of io.cordova.myappba547e
W/ResourcesManager(26599): Asset path '/system/framework/com.google.android.maps.jar' does not exist or contains no resources.
W/ResourcesManager(27477): Asset path '/system/framework/com.google.android.maps.jar' does not exist or contains no resources.
I/ActivityManager(  978): START u0 {act=android.intent.action.MAIN flg=0x10000000 cmp=io.cordova.myappba547e/.MainActivity} from uid 2000 on display 0
V/WindowManager(  978): addAppToken: AppWindowToken{5cc599a token=Token{8a15e45 ActivityRecord{b882ebc u0 io.cordova.myappba547e/.MainActivity t2623}}} to stack=1 task=2623 at 0
I/SFPerfTracer(  349):      triggers: (rate: 0:81) (8084108 sw vsyncs) (0 skipped) (20:5164921 vsyncs) (22:13603897)
V/WindowManager(  978): Adding window Window{279a10fd u0 Starting io.cordova.myappba547e} at 6 of 12 (after Window{1c01ff26 u0 com.google.android.gm/com.google.android.gm.ConversationListActivityGmail})
I/ActivityManager(  978): Start proc 26646:io.cordova.myappba547e/u0a197 for activity io.cordova.myappba547e/.MainActivity
I/ActivityManager(  978): Killing 26013:com.yahoo.mobile.client.android.weather/u0a170 (adj 15): empty #13
I/ActivityManager(  978): Start proc 26671:com.google.android.apps.docs/u0a95 for broadcast com.google.android.apps.docs/.receivers.AppPackageAddRemoveReceiver
I/ActivityManager(  978): Killing 26330:com.google.android.partnersetup/u0a45 (adj 15): empty #13
W/ActivityManager(  978): getRunningAppProcesses: caller 10095 does not hold REAL_GET_TASKS; limiting output
W/ActivityManager(  978): getRunningAppProcesses: caller 10095 does not hold REAL_GET_TASKS; limiting output
I/SFPerfTracer(  349):      triggers: (rate: 10610:468486) (compose: 0:41) (post: 0:37) (render: 0:1479) (7:4070470 frames) (8:4331581)
D/SFPerfTracer(  349):        layers: (5:11) (FocusedStackFrame (0xb74d6218): 0:13126)* (DimLayer (0xb74ef550): 0:45)* (DimLayer (0xb74f1a20): 0:25)* (DimLayer (0xb75912f0): 0:8868)* (DimLayer (0xb75939a8): 0:2456)* (StatusBar (0xb753d3f8): 0:329281) (com.android.systemui.ImageWallpaper (0xb7543fa0): 0:16417) (NavigationBar (0xb75401d8): 0:138) (com.android.systemui/com.android.systemui.recents.RecentsActivity (0xb7572e30): 0:79)- (com.google.android.googlequicksearchbox/com.google.android.launcher.GEL (0xb75a9958): 0:57) (Starting io.cordova.myappba547e (0xb7572e30): 8:11) 
W/ActivityManager(  978): getRunningAppProcesses: caller 10095 does not hold REAL_GET_TASKS; limiting output
V/WindowManager(  978): Adding window Window{2f62d520 u0 io.cordova.myappba547e/io.cordova.myappba547e.MainActivity} at 6 of 13 (before Window{279a10fd u0 Starting io.cordova.myappba547e})
W/ActivityManager(  978): getRunningAppProcesses: caller 10095 does not hold REAL_GET_TASKS; limiting output
I/LaunchCheckinHandler(  978): Displayed io.cordova.myappba547e/.MainActivity,cp,ca,867
V/WindowStateAnimator(  978): windowAnimating in WindowStateAnimator{1d222838 Starting io.cordova.myappba547e}
I/ActivityManager(  978): Start proc 26754:com.textra/u0a149 for broadcast com.textra/com.mplus.lib.fa
I/ActivityManager(  978): Killing 26365:com.android.providers.calendar/u0a48 (adj 15): empty #13
I/ActivityManager(  978): Start proc 26772:com.android.providers.calendar/u0a48 for content provider com.android.providers.calendar/.CalendarProvider2
W/ResourcesManager(26772): Asset path '/system/framework/android.test.runner.jar' does not exist or contains no resources.
W/ActivityManager(  978): getRunningAppProcesses: caller 10149 does not hold REAL_GET_TASKS; limiting output
W/ResourcesManager(26671): Asset path '/system/framework/com.android.media.remotedisplay.jar' does not exist or contains no resources.
W/ResourcesManager(26671): Asset path '/system/framework/com.android.location.provider.jar' does not exist or contains no resources.
I/ActivityManager(  978): Killing 26394:com.google.android.calendar/u0a85 (adj 15): empty #13
I/ActivityManager(  978): Start proc 26807:com.textra:acra/u0a149 for service com.textra/org.acra.sender.SenderService
W/ActivityManager(  978): getRunningAppProcesses: caller 10149 does not hold REAL_GET_TASKS; limiting output
W/ActivityManager(  978): getRunningAppProcesses: caller 10149 does not hold REAL_GET_TASKS; limiting output
W/ActivityManager(  978): getRunningAppProcesses: caller 10149 does not hold REAL_GET_TASKS; limiting output
I/ActivityManager(  978): Start proc 26842:com.yahoo.mobile.client.android.weather:com.yahoo.snp.service/u0a170 for broadcast com.yahoo.mobile.client.android.weather/com.yahoo.platform.mobile.push.PushAgentReceiver
I/ActivityManager(  978): Killing 26059:ch.bitspin.timely/u0a144 (adj 15): empty #13
I/SFPerfTracer(  349):      triggers: (rate: 0:81) (8084108 sw vsyncs) (0 skipped) (13:5165011 vsyncs) (15:13604002)
I/ActivityManager(  978): Killing 26140:com.verizon.messaging.vzmsgs/u0a131 (adj 15): empty #14
D/WifiService(  978): Client connection lost with reason: 4
W/ActivityManager(  978): getRunningAppProcesses: caller 10170 does not hold REAL_GET_TASKS; limiting output
I/ActivityManager(  978): Killing 26436:com.android.defcontainer/u0a37 (adj 15): empty #13
I/ActivityManager(  978): Start proc 26865:com.tumblr/u0a178 for broadcast com.tumblr/com.appsflyer.AppsFlyerLib
I/ActivityManager(  978): Killing 26524:com.verizon.vzwavs/u0a68 (adj 15): empty #13
I/ActivityManager(  978): Killing 26543:com.android.keychain/1000 (adj 15): empty #13
I/ActivityManager(  978): Start proc 26919:com.google.android.partnersetup/u0a45 for broadcast com.google.android.partnersetup/.RlzPingBroadcastReceiver
I/ActivityManager(  978): Start proc 26941:com.verizon.vzwavs/u0a68 for broadcast com.verizon.vzwavs/.WakeupReceiver
I/ActivityManager(  978): Killing 26573:com.quickoffice.android/u0a128 (adj 15): empty #13
I/ActivityManager(  978): Killing 25784:com.google.android.googlequicksearchbox:search/u0a67 (adj 15): empty #13
D/WifiService(  978): Client connection lost with reason: 4
I/ActivityManager(  978): Start proc 26967:com.quickoffice.android/u0a128 for broadcast com.quickoffice.android/com.qo.android.quickoffice.QOBroadcastReceiver
I/SFPerfTracer(  349):      triggers: (rate: 0:81) (8084108 sw vsyncs) (0 skipped) (115:5165126 vsyncs) (117:13604119)
I/ActivityManager(  978): Killing 26599:com.google.android.apps.plus/u0a127 (adj 15): empty #13
W/ActivityManager(  978): No permission grants found for com.quickoffice.android
I/ActivityManager(  978): Start proc 26992:com.google.android.googlequicksearchbox:search/u0a67 for broadcast com.google.android.googlequicksearchbox/com.google.android.apps.gsa.search.core.icingsync.IcingCorporaChangedReceiver
I/ActivityManager(  978): Start proc 27012:com.google.android.apps.plus/u0a127 for broadcast com.google.android.apps.plus/.service.PackagesMediaMonitor
V/AlarmManager(  978): sending alarm {15bd4fc type 2 *walarm*:ALARM_WAKEUP_ACTIVITY_DETECTION}
W/ResourcesManager(27012): Asset path '/system/framework/com.google.android.maps.jar' does not exist or contains no resources.
D/WifiService(  978): New client listening to asynchronous messages
I/ActivityManager(  978): Killing 26671:com.google.android.apps.docs/u0a95 (adj 15): empty #13
I/ActivityManager(  978): Start proc 27052:com.google.android.apps.docs/u0a95 for broadcast com.google.android.apps.docs/.receivers.AppPackageAddRemoveReceiver
I/ActivityManager(  978): Killing 26772:com.android.providers.calendar/u0a48 (adj 15): empty #13
W/ActivityManager(  978): getRunningAppProcesses: caller 10095 does not hold REAL_GET_TASKS; limiting output
W/ActivityManager(  978): getRunningAppProcesses: caller 10095 does not hold REAL_GET_TASKS; limiting output
V/AlarmManager(  978): sending alarm {14577874 type 3 *alarm*:com.google.android.gms/.lockbox.LockboxAlarmReceiver}
W/ActivityManager(  978): getRunningAppProcesses: caller 10095 does not hold REAL_GET_TASKS; limiting output
W/ActivityManager(  978): getRunningAppProcesses: caller 10095 does not hold REAL_GET_TASKS; limiting output
I/ActivityManager(  978): Killing 26807:com.textra:acra/u0a149 (adj 15): empty #13
W/ResourcesManager(27052): Asset path '/system/framework/com.android.media.remotedisplay.jar' does not exist or contains no resources.
W/ResourcesManager(27052): Asset path '/system/framework/com.android.location.provider.jar' does not exist or contains no resources.
I/ActivityManager(  978): Start proc 27103:com.google.android.apps.cloudprint/u0a93 for broadcast com.google.android.apps.cloudprint/.printdialog.receivers.UpgradeBroadcastReceiver
I/SFPerfTracer(  349):      triggers: (rate: 0:81) (8084108 sw vsyncs) (0 skipped) (151:5165277 vsyncs) (153:13604272)
I/ActivityManager(  978): Start proc 27121:com.google.android.apps.magazines/u0a124 for broadcast com.google.android.apps.magazines/com.google.apps.dots.android.app.receiver.FirstInstallNotificationReceiver
I/ActivityManager(  978): Killing 26842:com.yahoo.mobile.client.android.weather:com.yahoo.snp.service/u0a170 (adj 15): empty #13
W/ActivityManager(  978): getRunningAppProcesses: caller 10124 does not hold REAL_GET_TASKS; limiting output
W/ActivityManager(  978): getRunningAppProcesses: caller 10124 does not hold REAL_GET_TASKS; limiting output
W/ActivityManager(  978): getRunningAppProcesses: caller 10124 does not hold REAL_GET_TASKS; limiting output
W/ActivityManager(  978): getRunningAppProcesses: caller 10124 does not hold REAL_GET_TASKS; limiting output
