D/SFPerfTracer(  349):        layers: (4:12) (FocusedStackFrame (0xb74d6218): 1:13495)* (DimLayer (0xb74ef550): 0:45)* (DimLayer (0xb74f1a20): 0:25)* (DimLayer (0xb75912f0): 0:9034)* (DimLayer (0xb75939a8): 0:2519)* (StatusBar (0xb753d3f8): 0:334099) (com.android.systemui.ImageWallpaper (0xb7543fa0): 0:16702) (NavigationBar (0xb75401d8): 0:274) (io.cordova.myappba547e/io.cordova.myappba547e.MainActivity (0xb7572e30): 0:134)- (com.google.android.googlequicksearchbox/com.google.android.launcher.GEL (0xb75a9958): 0:18)- (com.android.systemui/com.android.systemui.recents.RecentsActivity (0xb7572e30): 2:43) (io.cordova.myappba547e/io.cordova.myappba547e.MainActivity (0xb75a9958): 4:5)* 
I/LaunchCheckinHandler(  978): Displayed io.cordova.myappba547e/.MainActivity,wp,ca,206
W/BroadcastQueue(  978): Permission Denial: broadcasting Intent { act=android.net.conn.CONNECTIVITY_CHANGE flg=0x4000010 (has extras) } from null (pid=-1, uid=-1) requires com.facebook.permission.prod.FB_APP_COMMUNICATION due to registered receiver BroadcastFilter{138994f7 u0 ReceiverList{5fd28f6 23466 com.facebook.katana/10140/u0 remote:bb8a191}}
W/BroadcastQueue(  978): Permission Denial: broadcasting Intent { act=android.net.conn.INET_CONDITION_ACTION flg=0x4000010 (has extras) } from null (pid=-1, uid=-1) requires com.facebook.permission.prod.FB_APP_COMMUNICATION due to registered receiver BroadcastFilter{138994f7 u0 ReceiverList{5fd28f6 23466 com.facebook.katana/10140/u0 remote:bb8a191}}
W/BroadcastQueue(  978): Permission Denial: broadcasting Intent { act=android.net.conn.CONNECTIVITY_CHANGE flg=0x4000010 (has extras) } from null (pid=-1, uid=-1) requires com.facebook.permission.prod.FB_APP_COMMUNICATION due to registered receiver BroadcastFilter{1dd4f1c9 u0 ReceiverList{13af8dd0 23466 com.facebook.katana/10140/u0 remote:3388993}}
V/AlarmManager(  978): sending alarm {328d6b92 type 3 *alarm*:com.google.android.location.fused.LOCATION_STATUS_ALARM_ACTION_0}
V/AlarmManager(  978): done {328d6b92, *alarm*:com.google.android.location.fused.LOCATION_STATUS_ALARM_ACTION_0} [2ms]
V/AlarmManager(  978): sending alarm {15bd4fc type 2 *walarm*:ALARM_WAKEUP_ACTIVITY_DETECTION}
V/AlarmManager(  978): done {15bd4fc, *walarm*:ALARM_WAKEUP_ACTIVITY_DETECTION} [23ms]
V/AlarmManager(  978): sending alarm {b07c33e type 2 *walarm*:com.facebook.rti.mqtt.keepalive.KeepaliveManager.ACTION_INEXACT_ALARM.MqttLite.com.facebook.katana}
V/AlarmManager(  978): sending alarm {2d16daea type 3 *alarm*:send_events}
V/AlarmManager(  978): done {2d16daea, *alarm*:send_events} [5ms]
V/AlarmManager(  978): done {b07c33e, *walarm*:com.facebook.rti.mqtt.keepalive.KeepaliveManager.ACTION_INEXACT_ALARM.MqttLite.com.facebook.katana} [7ms]
V/AlarmManager(  978): sending alarm {34d890b7 type 0 *walarm*:com.google.android.gms/com.google.android.libraries.social.mediamonitor.MediaMonitorIntentService}
V/AlarmManager(  978): done {34d890b7, *walarm*:com.google.android.gms/com.google.android.libraries.social.mediamonitor.MediaMonitorIntentService} [9ms]
V/AlarmManager(  978): sending alarm {13469c72 type 2 *walarm*:com.google.android.gms.gcm.HEARTBEAT_ALARM}
V/AlarmManager(  978): done {13469c72, *walarm*:com.google.android.gms.gcm.HEARTBEAT_ALARM} [23ms]
V/DeadZone( 1449): consuming errant click: (21.0,3.0)
I/SFPerfTracer(  349):      triggers: (rate: 10626:469471) (compose: 0:43) (post: 0:39) (render: 0:1503) (1249:4116432 frames) (1250:4379884)
D/SFPerfTracer(  349):        layers: (3:11) (FocusedStackFrame (0xb74d6218): 0:13496)* (DimLayer (0xb74ef550): 0:45)* (DimLayer (0xb74f1a20): 0:25)* (DimLayer (0xb75912f0): 0:9034)* (DimLayer (0xb75939a8): 0:2519)* (StatusBar (0xb753d3f8): 16:334115) (com.android.systemui.ImageWallpaper (0xb7543fa0): 1:16703)* (NavigationBar (0xb75401d8): 5:279) (com.android.systemui/com.android.systemui.recents.RecentsActivity (0xb7572e30): 0:44)- (io.cordova.myappba547e/io.cordova.myappba547e.MainActivity (0xb75a9958): 1249:1276) (thumbnail anim (0xb759b998): 0:22)- 
V/WindowManager(  978): removeAppToken make exiting: AppWindowToken{11347a0f token=Token{190e936e ActivityRecord{f0bcae9 u0 io.cordova.myappba547e/.MainActivity t2640}}}
I/SFPerfTracer(  349):      triggers: (rate: 0:81) (8186363 sw vsyncs) (0 skipped) (1321:5215018 vsyncs) (1323:13758531)
I/ActivityManager(  978): START u0 {act=com.android.systemui.recents.SHOW_RECENTS flg=0x10804000 cmp=com.android.systemui/.recents.RecentsActivity} from uid 10005 on display 0
I/LaunchCheckinHandler(  978): Displayed com.android.systemui/.recents.RecentsActivity,wp,wa,81
I/ActivityManager(  978): START u0 {act=android.intent.action.MAIN flg=0x10100000 cmp=io.cordova.myappba547e/.MainActivity} from uid 2000 on display 0
V/WindowManager(  978): addAppToken: AppWindowToken{2ca85bd9 token=Token{5051620 ActivityRecord{1fe8c123 u0 io.cordova.myappba547e/.MainActivity t2640}}} to stack=1 task=2640 at 0
I/SFPerfTracer(  349):      triggers: (rate: 10626:469475) (compose: 0:43) (post: 0:39) (render: 0:1503) (0:4116514 frames) (1:4379984)
D/SFPerfTracer(  349):        layers: (4:11) (FocusedStackFrame (0xb74d6218): 0:13502)* (DimLayer (0xb74ef550): 0:45)* (DimLayer (0xb74f1a20): 0:25)* (DimLayer (0xb75912f0): 0:9034)* (DimLayer (0xb75939a8): 0:2519)* (StatusBar (0xb753d3f8): 0:334117) (com.android.systemui.ImageWallpaper (0xb7543fa0): 0:16704) (NavigationBar (0xb75401d8): 0:341) (io.cordova.myappba547e/io.cordova.myappba547e.MainActivity (0xb75a9958): 0:1308)- (com.google.android.googlequicksearchbox/com.google.android.launcher.GEL (0xb7572e30): 0:36)- (com.android.systemui/com.android.systemui.recents.RecentsActivity (0xb75a9958): 1:35) 
V/WindowManager(  978): Adding window Window{21681aa u0 io.cordova.myappba547e/io.cordova.myappba547e.MainActivity} at 4 of 12 (after Window{3ab4e65 u0 com.google.android.gm/com.google.android.gm.ConversationListActivityGmail})
I/LaunchCheckinHandler(  978): Displayed io.cordova.myappba547e/.MainActivity,wp,ca,114
V/AlarmManager(  978): sending alarm {3168b28f type 2 *walarm*:com.motorola.slpc.ALARM_MODALITY}
V/AlarmManager(  978): done {3168b28f, *walarm*:com.motorola.slpc.ALARM_MODALITY} [10ms]
I/SFPerfTracer(  349):      triggers: (rate: 10626:469476) (compose: 0:43) (post: 0:39) (render: 0:1503) (176:4116709 frames) (177:4380188)
D/SFPerfTracer(  349):        layers: (3:11) (FocusedStackFrame (0xb74d6218): 0:13505)* (DimLayer (0xb74ef550): 0:45)* (DimLayer (0xb74f1a20): 0:25)* (DimLayer (0xb75912f0): 0:9034)* (DimLayer (0xb75939a8): 0:2519)* (StatusBar (0xb753d3f8): 3:334120) (com.android.systemui.ImageWallpaper (0xb7543fa0): 0:16705)* (NavigationBar (0xb75401d8): 5:346) (com.android.systemui/com.android.systemui.recents.RecentsActivity (0xb75a9958): 0:41)- (io.cordova.myappba547e/io.cordova.myappba547e.MainActivity (0xb7572e30): 177:201) (thumbnail anim (0xb759b998): 0:22)- 
V/WindowManager(  978): removeAppToken make exiting: AppWindowToken{2ca85bd9 token=Token{5051620 ActivityRecord{1fe8c123 u0 io.cordova.myappba547e/.MainActivity t2640}}}
I/ActivityManager(  978): START u0 {act=com.android.systemui.recents.SHOW_RECENTS flg=0x10804000 cmp=com.android.systemui/.recents.RecentsActivity} from uid 10005 on display 0
I/LaunchCheckinHandler(  978): Displayed com.android.systemui/.recents.RecentsActivity,wp,wa,96
I/ActivityManager(  978): START u0 {act=android.intent.action.MAIN flg=0x10100000 cmp=io.cordova.myappba547e/.MainActivity} from uid 2000 on display 0
V/WindowManager(  978): addAppToken: AppWindowToken{2f0fcf61 token=Token{1c2b82c8 ActivityRecord{3d37d76b u0 io.cordova.myappba547e/.MainActivity t2640}}} to stack=1 task=2640 at 0
I/SFPerfTracer(  349):      triggers: (rate: 0:81) (8186363 sw vsyncs) (0 skipped) (239:5215346 vsyncs) (241:13758870)
V/WindowManager(  978): Adding window Window{2dc34912 u0 io.cordova.myappba547e/io.cordova.myappba547e.MainActivity} at 4 of 12 (after Window{3ab4e65 u0 com.google.android.gm/com.google.android.gm.ConversationListActivityGmail})
I/LaunchCheckinHandler(  978): Displayed io.cordova.myappba547e/.MainActivity,wp,ca,137
I/ActivityManager(  978): START u0 {act=android.intent.action.MAIN cat=[android.intent.category.HOME] flg=0x10200000 cmp=com.google.android.googlequicksearchbox/com.google.android.launcher.GEL} from uid 1000 on display 0
I/SFPerfTracer(  349):      triggers: (rate: 10626:469479) (compose: 0:43) (post: 0:39) (render: 0:1503) (101:4116883 frames) (102:4380384)
D/SFPerfTracer(  349):        layers: (3:13) (FocusedStackFrame (0xb74d6218): 0:13513)* (DimLayer (0xb74ef550): 0:45)* (DimLayer (0xb74f1a20): 0:25)* (DimLayer (0xb75912f0): 0:9034)* (DimLayer (0xb75939a8): 0:2519)* (StatusBar (0xb753d3f8): 2:334123) (com.android.systemui.ImageWallpaper (0xb7543fa0): 1:16707)* (NavigationBar (0xb75401d8): 7:409) (io.cordova.myappba547e/io.cordova.myappba547e.MainActivity (0xb7572e30): 0:234)- (com.google.android.googlequicksearchbox/com.google.android.launcher.GEL (0xb75a9958): 0:18)- (com.android.systemui/com.android.systemui.recents.RecentsActivity (0xb759b998): 0:38)- (io.cordova.myappba547e/io.cordova.myappba547e.MainActivity (0xb75a9958): 101:126) (thumbnail anim (0xb7572e30): 0:22)- 
I/LaunchCheckinHandler(  978): Displayed com.google.android.googlequicksearchbox/com.google.android.launcher.GEL,wp,wa,253
I/ActivityManager(  978): START u0 {act=com.android.systemui.recents.SHOW_RECENTS flg=0x10804000 cmp=com.android.systemui/.recents.RecentsActivity} from uid 10005 on display 0
I/LaunchCheckinHandler(  978): Displayed com.android.systemui/.recents.RecentsActivity,wp,wa,123
I/SFPerfTracer(  349):      triggers: (rate: 0:81) (8186363 sw vsyncs) (0 skipped) (208:5215554 vsyncs) (210:13759080)
V/AlarmManager(  978): sending alarm {31ce5bde type 3 *alarm*:android.intent.action.TIME_TICK}
I/SFPerfTracer(  349):      triggers: (rate: 10626:469480) (compose: 0:43) (post: 0:39) (render: 0:1503) (0:4116963 frames) (1:4380484)
D/SFPerfTracer(  349):        layers: (3:13) (FocusedStackFrame (0xb74d6218): 0:13517)* (DimLayer (0xb74ef550): 0:45)* (DimLayer (0xb74f1a20): 0:25)* (DimLayer (0xb75912f0): 0:9034)* (DimLayer (0xb75939a8): 0:2519)* (StatusBar (0xb753d3f8): 0:334125) (com.android.systemui.ImageWallpaper (0xb7543fa0): 0:16708)* (NavigationBar (0xb75401d8): 0:471) (io.cordova.myappba547e/io.cordova.myappba547e.MainActivity (0xb75a9958): 0:155)- (com.google.android.googlequicksearchbox/com.google.android.launcher.GEL (0xb7572e30): 0:14)- (com.android.systemui/com.android.systemui.recents.RecentsActivity (0xb759b998): 0:40)* (io.cordova.myappba547e/io.cordova.myappba547e.MainActivity (0xb7572e30): 1:24) (thumbnail anim (0xb75a9958): 1:22)* 
V/AlarmManager(  978): done {31ce5bde, *alarm*:android.intent.action.TIME_TICK} [264ms]
V/AlarmManager(  978): sending alarm {b4113a5 type 3 *alarm*:send_events}
V/AlarmManager(  978): done {b4113a5, *alarm*:send_events} [10ms]
I/SFPerfTracer(  349):      triggers: (rate: 10626:469481) (compose: 0:43) (post: 0:39) (render: 0:1503) (994:4117957 frames) (995:4381479)
D/SFPerfTracer(  349):        layers: (3:9) (FocusedStackFrame (0xb74d6218): 0:13517)* (DimLayer (0xb74ef550): 0:45)* (DimLayer (0xb74f1a20): 0:25)* (DimLayer (0xb75912f0): 0:9034)* (DimLayer (0xb75939a8): 0:2519)* (StatusBar (0xb753d3f8): 10:334135) (com.android.systemui.ImageWallpaper (0xb7543fa0): 1:16709)* (NavigationBar (0xb75401d8): 0:471) (io.cordova.myappba547e/io.cordova.myappba547e.MainActivity (0xb7572e30): 994:1018) 
V/WindowManager(  978): Adding window Window{222bf3f6 u0 SurfaceView} at 7 of 15 (before Window{27f193ff u0 com.motorola.actions})
V/WindowManager(  978): removeAppToken make exiting: AppWindowToken{2f0fcf61 token=Token{1c2b82c8 ActivityRecord{3d37d76b u0 io.cordova.myappba547e/.MainActivity t2640}}}
I/SFPerfTracer(  349):      triggers: (rate: 0:81) (8186363 sw vsyncs) (0 skipped) (1066:5216620 vsyncs) (1068:13760148)
I/ActivityManager(  978): START u0 {act=com.android.systemui.recents.SHOW_RECENTS flg=0x10804000 cmp=com.android.systemui/.recents.RecentsActivity} from uid 10005 on display 0
I/SFPerfTracer(  349):       trigger: frame rate (-33.854%)	(39.687 fps)	(25.197 ms) 	(4 drops)	(10 frames)
I/SFPerfTracer(  349):      triggers: (rate: 10627:469485) (compose: 0:43) (post: 0:39) (render: 0:1503) (10:4118000 frames) (11:4381533)
D/SFPerfTracer(  349):        layers: (4:11) (FocusedStackFrame (0xb74d6218): 1:13520)* (DimLayer (0xb74ef550): 0:45)* (DimLayer (0xb74f1a20): 0:25)* (DimLayer (0xb75912f0): 0:9034)* (DimLayer (0xb75939a8): 0:2519)* (StatusBar (0xb753d3f8): 0:334135) (com.android.systemui.ImageWallpaper (0xb7543fa0): 0:16710) (NavigationBar (0xb75401d8): 8:516) (io.cordova.myappba547e/io.cordova.myappba547e.MainActivity (0xb7572e30): 0:1059)- ( (0xb75a9958): 0:4)* (com.google.android.googlequicksearchbox/com.google.android.launcher.GEL (0xb759b998): 3:9) 
I/LaunchCheckinHandler(  978): Displayed com.android.systemui/.recents.RecentsActivity,wp,wa,119
I/ActivityManager(  978): START u0 {act=android.intent.action.MAIN flg=0x10100000 cmp=io.cordova.myappba547e/.MainActivity} from uid 2000 on display 0
V/WindowManager(  978): addAppToken: AppWindowToken{3f8fbc60 token=Token{23791863 ActivityRecord{e2c2692 u0 io.cordova.myappba547e/.MainActivity t2640}}} to stack=1 task=2640 at 0
V/WindowManager(  978): Adding window Window{384579d5 u0 io.cordova.myappba547e/io.cordova.myappba547e.MainActivity} at 4 of 15 (after Window{3ab4e65 u0 com.google.android.gm/com.google.android.gm.ConversationListActivityGmail})
I/LaunchCheckinHandler(  978): Displayed io.cordova.myappba547e/.MainActivity,wp,ca,128
I/SFPerfTracer(  349):      triggers: (rate: 10627:469487) (compose: 0:43) (post: 0:39) (render: 0:1503) (108:4118159 frames) (109:4381709)
D/SFPerfTracer(  349):        layers: (3:13) (FocusedStackFrame (0xb74d6218): 0:13525)* (DimLayer (0xb74ef550): 0:45)* (DimLayer (0xb74f1a20): 0:25)* (DimLayer (0xb75912f0): 0:9034)* (DimLayer (0xb75939a8): 0:2519)* (StatusBar (0xb753d3f8): 3:334139) (com.android.systemui.ImageWallpaper (0xb7543fa0): 1:16711)* (NavigationBar (0xb75401d8): 0:539) ( (0xb75a9958): 0:4)* (com.google.android.googlequicksearchbox/com.google.android.launcher.GEL (0xb759b998): 0:20)- (com.android.systemui/com.android.systemui.recents.RecentsActivity (0xb7572e30): 0:43)- (io.cordova.myappba547e/io.cordova.myappba547e.MainActivity (0xb759b998): 108:132) (thumbnail anim (0xb7547d98): 0:21)- 
I/SFPerfTracer(  349):      triggers: (rate: 10627:469487) (compose: 0:43) (post: 0:39) (render: 0:1503) (265:4118452 frames) (266:4382004)
D/SFPerfTracer(  349):        layers: (4:11) (FocusedStackFrame (0xb74d6218): 0:13525)* (DimLayer (0xb74ef550): 0:45)* (DimLayer (0xb74f1a20): 0:25)* (DimLayer (0xb75912f0): 0:9034)* (DimLayer (0xb75939a8): 0:2519)* (StatusBar (0xb753d3f8): 3:334142) (com.android.systemui.ImageWallpaper (0xb7543fa0): 0:16711)* (NavigationBar (0xb75401d8): 0:539) ( (0xb75a9958): 0:5)* (io.cordova.myappba547e/io.cordova.myappba547e.MainActivity (0xb759b998): 266:427) (SurfaceView (0xb7575418): 125:129) 
I/ActivityManager(  978): Start proc 23817:com.google.android.apps.maps/u0a91 for service com.google.android.apps.maps/com.google.android.apps.gmm.prefetch.PrefetcherService
V/AlarmManager(  978): sending alarm {233aa216 type 2 *walarm*:com.google.android.apps.maps/com.google.android.apps.gmm.prefetch.PrefetcherService}
V/AlarmManager(  978): sending alarm {194ba6e type 1 *alarm*:ch.bitspin.timely.widget.UPDATE_ACTION}
V/AlarmManager(  978): sending alarm {14577874 type 3 *alarm*:com.google.android.gms/.lockbox.LockboxAlarmReceiver}
V/AlarmManager(  978): sending alarm {12075842 type 3 *alarm*:send_events}
V/AlarmManager(  978): done {233aa216, *walarm*:com.google.android.apps.maps/com.google.android.apps.gmm.prefetch.PrefetcherService} [58ms]
V/AlarmManager(  978): done {12075842, *alarm*:send_events} [59ms]
V/AlarmManager(  978): done {194ba6e, *alarm*:ch.bitspin.timely.widget.UPDATE_ACTION} [101ms]
V/AlarmManager(  978): done {14577874, *alarm*:com.google.android.gms/.lockbox.LockboxAlarmReceiver} [107ms]
D/WifiService(  978): New client listening to asynchronous messages
W/ResourcesManager(23817): Asset path '/system/framework/com.android.media.remotedisplay.jar' does not exist or contains no resources.
W/ResourcesManager(23817): Asset path '/system/framework/com.android.location.provider.jar' does not exist or contains no resources.
I/SFPerfTracer(  349):      triggers: (rate: 10627:469487) (compose: 0:43) (post: 0:39) (render: 0:1503) (444:4118896 frames) (445:4382449)
D/SFPerfTracer(  349):        layers: (3:9) (FocusedStackFrame (0xb74d6218): 0:13525)* (DimLayer (0xb74ef550): 0:45)* (DimLayer (0xb74f1a20): 0:25)* (DimLayer (0xb75912f0): 0:9034)* (DimLayer (0xb75939a8): 0:2519)* (StatusBar (0xb753d3f8): 4:334146) (com.android.systemui.ImageWallpaper (0xb7543fa0): 0:16711)* (NavigationBar (0xb75401d8): 7:546) (io.cordova.myappba547e/io.cordova.myappba547e.MainActivity (0xb759b998): 445:872) 
V/WindowManager(  978): removeAppToken make exiting: AppWindowToken{3f8fbc60 token=Token{23791863 ActivityRecord{e2c2692 u0 io.cordova.myappba547e/.MainActivity t2640}}}
I/ActivityManager(  978): START u0 {act=com.android.systemui.recents.SHOW_RECENTS flg=0x10804000 cmp=com.android.systemui/.recents.RecentsActivity} from uid 10005 on display 0
I/LaunchCheckinHandler(  978): Displayed com.android.systemui/.recents.RecentsActivity,wp,wa,98
I/ActivityManager(  978): START u0 {act=android.intent.action.MAIN flg=0x10100000 cmp=io.cordova.myappba547e/.MainActivity} from uid 2000 on display 0
V/WindowManager(  978): addAppToken: AppWindowToken{4c9f9fe token=Token{153171b9 ActivityRecord{290f5780 u0 io.cordova.myappba547e/.MainActivity t2640}}} to stack=1 task=2640 at 0
V/WindowManager(  978): Adding window Window{22d8987b u0 io.cordova.myappba547e/io.cordova.myappba547e.MainActivity} at 4 of 12 (after Window{3ab4e65 u0 com.google.android.gm/com.google.android.gm.ConversationListActivityGmail})
I/LaunchCheckinHandler(  978): Displayed io.cordova.myappba547e/.MainActivity,wp,ca,116
I/SFPerfTracer(  349):      triggers: (rate: 10627:469489) (compose: 0:43) (post: 0:39) (render: 0:1503) (13:4118975 frames) (14:4382550)
D/SFPerfTracer(  349):        layers: (5:13) (FocusedStackFrame (0xb74d6218): 0:13534)* (DimLayer (0xb74ef550): 0:45)* (DimLayer (0xb74f1a20): 0:25)* (DimLayer (0xb75912f0): 0:9034)* (DimLayer (0xb75939a8): 0:2519)* (StatusBar (0xb753d3f8): 0:334147) (com.android.systemui.ImageWallpaper (0xb7543fa0): 0:16712) (NavigationBar (0xb75401d8): 0:609) (io.cordova.myappba547e/io.cordova.myappba547e.MainActivity (0xb759b998): 0:903)- (com.google.android.googlequicksearchbox/com.google.android.launcher.GEL (0xb7547d98): 0:19)- (com.android.systemui/com.android.systemui.recents.RecentsActivity (0xb75a9958): 0:41) (io.cordova.myappba547e/io.cordova.myappba547e.MainActivity (0xb7572e30): 14:23) (thumbnail anim (0xb759b998): 14:21)* 
I/SFPerfTracer(  349):      triggers: (rate: 10627:469491) (compose: 0:43) (post: 0:39) (render: 0:1503) (109:4119084 frames) (110:4382661)
D/SFPerfTracer(  349):        layers: (3:11) (FocusedStackFrame (0xb74d6218): 0:13534)* (DimLayer (0xb74ef550): 0:45)* (DimLayer (0xb74f1a20): 0:25)* (DimLayer (0xb75912f0): 0:9034)* (DimLayer (0xb75939a8): 0:2519)* (StatusBar (0xb753d3f8): 1:334148) (com.android.systemui.ImageWallpaper (0xb7543fa0): 1:16713)* (NavigationBar (0xb75401d8): 7:616) (com.android.systemui/com.android.systemui.recents.RecentsActivity (0xb75a9958): 0:41)- (io.cordova.myappba547e/io.cordova.myappba547e.MainActivity (0xb7572e30): 109:133) (thumbnail anim (0xb759b998): 0:22)- 
V/WindowManager(  978): removeAppToken make exiting: AppWindowToken{4c9f9fe token=Token{153171b9 ActivityRecord{290f5780 u0 io.cordova.myappba547e/.MainActivity t2640}}}
I/ActivityManager(  978): START u0 {act=com.android.systemui.recents.SHOW_RECENTS flg=0x10804000 cmp=com.android.systemui/.recents.RecentsActivity} from uid 10005 on display 0
I/LaunchCheckinHandler(  978): Displayed com.android.systemui/.recents.RecentsActivity,wp,wa,93
I/ActivityManager(  978): START u0 {act=android.intent.action.MAIN flg=0x10100000 cmp=io.cordova.myappba547e/.MainActivity} from uid 2000 on display 0
V/WindowManager(  978): addAppToken: AppWindowToken{16ada64b token=Token{3cd41b1a ActivityRecord{32d135c5 u0 io.cordova.myappba547e/.MainActivity t2640}}} to stack=1 task=2640 at 0
I/SFPerfTracer(  349):      triggers: (rate: 0:81) (8186363 sw vsyncs) (0 skipped) (1160:5217826 vsyncs) (1162:13761360)
V/WindowManager(  978): Adding window Window{39fb4ed4 u0 io.cordova.myappba547e/io.cordova.myappba547e.MainActivity} at 4 of 12 (after Window{3ab4e65 u0 com.google.android.gm/com.google.android.gm.ConversationListActivityGmail})
I/LaunchCheckinHandler(  978): Displayed io.cordova.myappba547e/.MainActivity,wp,ca,124
I/ActivityManager(  978): START u0 {act=com.android.systemui.recents.SHOW_RECENTS flg=0x10804000 cmp=com.android.systemui/.recents.RecentsActivity} from uid 10005 on display 0
I/SFPerfTracer(  349):      triggers: (rate: 10627:469495) (compose: 0:43) (post: 0:39) (render: 0:1503) (75:4119231 frames) (76:4382830)
D/SFPerfTracer(  349):        layers: (3:13) (FocusedStackFrame (0xb74d6218): 0:13541)* (DimLayer (0xb74ef550): 0:45)* (DimLayer (0xb74f1a20): 0:25)* (DimLayer (0xb75912f0): 0:9034)* (DimLayer (0xb75939a8): 0:2519)* (StatusBar (0xb753d3f8): 2:334151) (com.android.systemui.ImageWallpaper (0xb7543fa0): 1:16715)* (NavigationBar (0xb75401d8): 9:685) (io.cordova.myappba547e/io.cordova.myappba547e.MainActivity (0xb7572e30): 0:165)- (com.google.android.googlequicksearchbox/com.google.android.launcher.GEL (0xb75a9958): 0:18)- (com.android.systemui/com.android.systemui.recents.RecentsActivity (0xb7572e30): 0:37)- (io.cordova.myappba547e/io.cordova.myappba547e.MainActivity (0xb75a9958): 75:99) (thumbnail anim (0xb759b998): 0:22)- 
I/LaunchCheckinHandler(  978): Displayed com.android.systemui/.recents.RecentsActivity,wp,wa,121
I/ActivityManager(  978): START u0 {act=com.android.systemui.recents.SHOW_RECENTS flg=0x10804000 cmp=com.android.systemui/.recents.RecentsActivity} from uid 10005 on display 0
I/SFPerfTracer(  349):      triggers: (rate: 10627:469496) (compose: 0:43) (post: 0:39) (render: 0:1503) (0:4119315 frames) (1:4382930)
D/SFPerfTracer(  349):        layers: (3:13) (FocusedStackFrame (0xb74d6218): 1:13546)* (DimLayer (0xb74ef550): 0:45)* (DimLayer (0xb74f1a20): 0:25)* (DimLayer (0xb75912f0): 0:9034)* (DimLayer (0xb75939a8): 0:2519)* (StatusBar (0xb753d3f8): 0:334153) (com.android.systemui.ImageWallpaper (0xb7543fa0): 0:16717)* (NavigationBar (0xb75401d8): 1:723) (io.cordova.myappba547e/io.cordova.myappba547e.MainActivity (0xb75a9958): 0:122)- (com.android.systemui/com.android.systemui.recents.RecentsActivity (0xb7572e30): 0:15)- (thumbnail anim (0xb759b998): 0:22)- (io.cordova.myappba547e/io.cordova.myappba547e.MainActivity (0xb75a9958): 1:64) (thumbnail anim (0xb759b998): 0:21)- 
I/LaunchCheckinHandler(  978): Displayed com.android.systemui/.recents.RecentsActivity,wp,wa,111
I/ActivityManager(  978): START u0 {act=android.intent.action.MAIN cat=[android.intent.category.HOME] flg=0x10200000 cmp=com.google.android.googlequicksearchbox/com.google.android.launcher.GEL} from uid 1000 on display 0
I/LaunchCheckinHandler(  978): Displayed com.google.android.googlequicksearchbox/com.google.android.launcher.GEL,wp,wa,137
I/SFPerfTracer(  349):      triggers: (rate: 10627:469496) (compose: 0:43) (post: 0:39) (render: 0:1503) (12:4119398 frames) (13:4383033)
D/SFPerfTracer(  349):        layers: (5:14) (FocusedStackFrame (0xb74d6218): 0:13551)* (DimLayer (0xb74ef550): 0:45)* (DimLayer (0xb74f1a20): 0:25)* (DimLayer (0xb75912f0): 0:9034)* (DimLayer (0xb75939a8): 0:2519)* (StatusBar (0xb753d3f8): 0:334154) (com.android.systemui.ImageWallpaper (0xb7543fa0): 0:16720) (NavigationBar (0xb75401d8): 13:777) (io.cordova.myappba547e/io.cordova.myappba547e.MainActivity (0xb75a9958): 0:86)- (com.android.systemui/com.android.systemui.recents.RecentsActivity (0xb7572e30): 0:23)- (thumbnail anim (0xb759b998): 0:23)- (io.cordova.myappba547e/io.cordova.myappba547e.MainActivity (0xb7547d98): 13:54) (thumbnail anim (0xb75a9958): 0:21)- (com.google.android.googlequicksearchbox/com.google.android.launcher.GEL (0xb7572e30): 0:4) 
I/ActivityManager(  978): START u0 {act=com.android.systemui.recents.SHOW_RECENTS flg=0x10804000 cmp=com.android.systemui/.recents.RecentsActivity} from uid 10005 on display 0
I/LaunchCheckinHandler(  978): Displayed com.android.systemui/.recents.RecentsActivity,wp,wa,94
W/InputMethodManagerService(  978): Starting input on non-focused client com.android.internal.view.IInputMethodClient$Stub$Proxy@d557a3a (uid=10067 pid=27477)
I/SFPerfTracer(  349):      triggers: (rate: 0:81) (8186363 sw vsyncs) (0 skipped) (365:5218191 vsyncs) (367:13761727)
I/SFPerfTracer(  349):      triggers: (rate: 10627:469496) (compose: 0:43) (post: 0:39) (render: 0:1503) (45:4119509 frames) (46:4383160)
D/SFPerfTracer(  349):        layers: (3:13) (FocusedStackFrame (0xb74d6218): 0:13553)* (DimLayer (0xb74ef550): 0:45)* (DimLayer (0xb74f1a20): 0:25)* (DimLayer (0xb75912f0): 0:9034)* (DimLayer (0xb75939a8): 0:2519)* (StatusBar (0xb753d3f8): 0:334155) (com.android.systemui.ImageWallpaper (0xb7543fa0): 1:16721)* (NavigationBar (0xb75401d8): 7:824) (io.cordova.myappba547e/io.cordova.myappba547e.MainActivity (0xb7547d98): 0:66)- (com.google.android.googlequicksearchbox/com.google.android.launcher.GEL (0xb7572e30): 0:18)- (com.android.systemui/com.android.systemui.recents.RecentsActivity (0xb75a9958): 0:38)- (io.cordova.myappba547e/io.cordova.myappba547e.MainActivity (0xb7572e30): 45:68) (thumbnail anim (0xb759b998): 0:21)- 
V/WindowManager(  978): removeAppToken make exiting: AppWindowToken{16ada64b token=Token{3cd41b1a ActivityRecord{32d135c5 u0 io.cordova.myappba547e/.MainActivity t2640}}}
I/SFPerfTracer(  349):      triggers: (rate: 0:81) (8186363 sw vsyncs) (0 skipped) (108:5218299 vsyncs) (110:13761837)
V/AlarmManager(  978): sending alarm {31ce5bde type 3 *alarm*:android.intent.action.TIME_TICK}
V/AlarmManager(  978): done {31ce5bde, *alarm*:android.intent.action.TIME_TICK} [138ms]
V/AlarmManager(  978): sending alarm {2416d342 type 1 *alarm*:com.android.deskclock.ON_QUARTER_HOUR}
V/AlarmManager(  978): done {2416d342, *alarm*:com.android.deskclock.ON_QUARTER_HOUR} [26ms]
V/WindowManager(  978): Adding window Window{bdbc1a8 u0 SurfaceView} at 6 of 14 (before Window{1585fd89 u0 com.motorola.actions})
I/PowerManagerService(  978): Going to sleep due to screen timeout (uid 1000)...
I/SFPerfTracer(  349):      triggers: (rate: 0:81) (8186363 sw vsyncs) (0 skipped) (254:5218572 vsyncs) (256:13762132)
I/DisplayManagerService(  978): Display device changed: DisplayDeviceInfo{"Built-in Screen": uniqueId="local:0", 1080 x 1920, 60.0 fps, supportedRefreshRates [60.0], density 480, 422.03 x 424.069 dpi, appVsyncOff 7500000, presDeadline 12666667, touch INTERNAL, rotation 0, type BUILT_IN, state OFF, FLAG_DEFAULT_DISPLAY, FLAG_ROTATES_WITH_CONTENT, FLAG_SECURE, FLAG_SUPPORTS_PROTECTED_BUFFERS}
V/ActivityManager(  978): Display changed displayId=0
V/WindowManager(  978): mAppsToBeHidden add Token{1ec86e2 ActivityRecord{33ec53ad u0 com.google.android.googlequicksearchbox/com.google.android.launcher.GEL t1833}}
V/WindowManager(  978): mAppsToBeHidden add Token{1ec86e2 ActivityRecord{33ec53ad u0 com.google.android.googlequicksearchbox/com.google.android.launcher.GEL t1833}}
I/PowerManagerService(  978): Sleeping (uid 1000)...
I/ActivityManager(  978): Killing 22616:com.google.android.apps.plus/u0a127 (adj 15): empty #13
V/WindowManager(  978): mAppsToBeHidden add Token{1ec86e2 ActivityRecord{33ec53ad u0 com.google.android.googlequicksearchbox/com.google.android.launcher.GEL t1833}}
V/WindowManager(  978): mAppsToBeHidden add Token{1ec86e2 ActivityRecord{33ec53ad u0 com.google.android.googlequicksearchbox/com.google.android.launcher.GEL t1833}}
V/WindowManager(  978): mAppsToBeHidden add Token{1ec86e2 ActivityRecord{33ec53ad u0 com.google.android.googlequicksearchbox/com.google.android.launcher.GEL t1833}}
V/AlarmManager(  978): sending alarm {70c3f02 type 0 *walarm*:com.facebook.analytics.service.a.ACTION_ALARM}
V/AlarmManager(  978): sending alarm {3226fbfd type 2 *walarm*:com.android.internal.policy.impl.PhoneWindowManager.DELAYED_KEYGUARD}
V/AlarmManager(  978): sending alarm {194ba6e type 1 *alarm*:ch.bitspin.timely.widget.UPDATE_ACTION}
V/AlarmManager(  978): done {70c3f02, *walarm*:com.facebook.analytics.service.a.ACTION_ALARM} [22ms]
V/AlarmManager(  978): done {3226fbfd, *walarm*:com.android.internal.policy.impl.PhoneWindowManager.DELAYED_KEYGUARD} [40ms]
V/AlarmManager(  978): done {194ba6e, *alarm*:ch.bitspin.timely.widget.UPDATE_ACTION} [67ms]
V/WindowManager(  978): mAppsToBeHidden add Token{1ec86e2 ActivityRecord{33ec53ad u0 com.google.android.googlequicksearchbox/com.google.android.launcher.GEL t1833}}
V/WindowManager(  978): mAppsToBeHidden add Token{1ec86e2 ActivityRecord{33ec53ad u0 com.google.android.googlequicksearchbox/com.google.android.launcher.GEL t1833}}
V/WindowManager(  978): mAppsToBeHidden add Token{1ec86e2 ActivityRecord{33ec53ad u0 com.google.android.googlequicksearchbox/com.google.android.launcher.GEL t1833}}
V/WindowManager(  978): mAppsToBeHidden add Token{1ec86e2 ActivityRecord{33ec53ad u0 com.google.android.googlequicksearchbox/com.google.android.launcher.GEL t1833}}
V/WindowManager(  978): mAppsToBeHidden add Token{1ec86e2 ActivityRecord{33ec53ad u0 com.google.android.googlequicksearchbox/com.google.android.launcher.GEL t1833}}
V/WindowManager(  978): mAppsToBeHidden add Token{1ec86e2 ActivityRecord{33ec53ad u0 com.google.android.googlequicksearchbox/com.google.android.launcher.GEL t1833}}
V/WindowManager(  978): mAppsToBeHidden add Token{1ec86e2 ActivityRecord{33ec53ad u0 com.google.android.googlequicksearchbox/com.google.android.launcher.GEL t1833}}
V/AlarmManager(  978): sending alarm {88ab1aa type 2 *walarm*:com.facebook.common.executors.dx.ACTION_ALARM.com.facebook.orca.Mqtt_Wakeup}
V/AlarmManager(  978): done {88ab1aa, *walarm*:com.facebook.common.executors.dx.ACTION_ALARM.com.facebook.orca.Mqtt_Wakeup} [9ms]
V/AlarmManager(  978): sending alarm {1c20cc95 type 2 *walarm*:com.facebook.common.executors.WakingExecutorService.ACTION_ALARM.com.facebook.katana.Mqtt_Wakeup}
V/AlarmManager(  978): done {1c20cc95, *walarm*:com.facebook.common.executors.WakingExecutorService.ACTION_ALARM.com.facebook.katana.Mqtt_Wakeup} [5ms]
D/BatteryService(  978): uevent={POWER_SUPPLY_TEMP=338, POWER_SUPPLY_STATUS=Charging, POWER_SUPPLY_CAPACITY=96, ACTION=change, DEVPATH=/devices/qpnp-charger-ed22e400/power_supply/battery, POWER_SUPPLY_VOLTAGE_OCV=-22, POWER_SUPPLY_ONLINE=1, SUBSYSTEM=power_supply, POWER_SUPPLY_NUM_SYSTEM_TEMP_LEVELS=17, POWER_SUPPLY_INPUT_CURRENT_MAX=500000, POWER_SUPPLY_VOLTAGE_MAX_DESIGN=4350000, POWER_SUPPLY_CHARGE_FULL=2268000, POWER_SUPPLY_NAME=battery, POWER_SUPPLY_VOLTAGE_MIN_DESIGN=4300000, POWER_SUPPLY_VOLTAGE_MIN=4300000, POWER_SUPPLY_HEALTH=Good, POWER_SUPPLY_CYCLE_COUNT=34, POWER_SUPPLY_TECHNOLOGY=Li-ion, POWER_SUPPLY_CHARGE_TYPE=Fast, POWER_SUPPLY_PRESENT=1, POWER_SUPPLY_INPUT_CURRENT_SETTLED=0, POWER_SUPPLY_MODEL_NAME=EY30-LG, POWER_SUPPLY_VOLTAGE_NOW=4309007, SEQNUM=52283, POWER_SUPPLY_TEMP_WARM=450, POWER_SUPPLY_TEMP_COOL=0, POWER_SUPPLY_CHARGE_FULL_DESIGN=2281000, POWER_SUPPLY_CURRENT_NOW=-386488, POWER_SUPPLY_CHARGE_COUNTER=89293, POWER_SUPPLY_SYSTEM_TEMP_LEVEL=0, POWER_SUPPLY_INPUT_CURRENT_TRIM=33, POWER_SUPPLY_VOLTAGE_EMPTY=3000000, POWER_SUPPLY_CHARGE_RATE=Normal, POWER_SUPPLY_INPUT_VOLTAGE_REGULATION=0, POWER_SUPPLY_CHARGING_ENABLED=1}
V/AlarmManager(  978): sending alarm {286d33e8 type 2 *walarm*:ALARM_WAKEUP_LOCATOR}
V/AlarmManager(  978): sending alarm {15bd4fc type 2 *walarm*:ALARM_WAKEUP_ACTIVITY_DETECTION}
V/AlarmManager(  978): sending alarm {14577874 type 3 *alarm*:com.google.android.gms/.lockbox.LockboxAlarmReceiver}
V/AlarmManager(  978): sending alarm {2ecef29a type 2 *walarm*:com.android.server.task.controllers.BatteryController.ACTION_CHARGING_STABLE}
V/AlarmManager(  978): sending alarm {3d3e7ef8 type 2 *walarm*:ALARM_WAKEUP_SENSOR_COLLECTOR}
V/AlarmManager(  978): sending alarm {28091aa2 type 3 *alarm*:send_events}
V/AlarmManager(  978): done {28091aa2, *alarm*:send_events} [19ms]
D/WifiService(  978): acquireWifiLockLocked: WifiLock{NlpWifiLock type=2 binder=android.os.BinderProxy@261cf469}
V/AlarmManager(  978): done {286d33e8, *walarm*:ALARM_WAKEUP_LOCATOR} [45ms]
V/AlarmManager(  978): done {15bd4fc, *walarm*:ALARM_WAKEUP_ACTIVITY_DETECTION} [134ms]
V/AlarmManager(  978): done {14577874, *alarm*:com.google.android.gms/.lockbox.LockboxAlarmReceiver} [137ms]
V/AlarmManager(  978): done {2ecef29a, *walarm*:com.android.server.task.controllers.BatteryController.ACTION_CHARGING_STABLE} [143ms]
V/AlarmManager(  978): done {3d3e7ef8, *walarm*:ALARM_WAKEUP_SENSOR_COLLECTOR} [151ms]
V/AlarmManager(  978): sending alarm {13469c72 type 2 *walarm*:com.google.android.gms.gcm.HEARTBEAT_ALARM}
V/AlarmManager(  978): done {13469c72, *walarm*:com.google.android.gms.gcm.HEARTBEAT_ALARM} [4ms]
V/AlarmManager(  978): sending alarm {3d3e7ef8 type 2 *walarm*:ALARM_WAKEUP_SENSOR_COLLECTOR}
V/AlarmManager(  978): done {3d3e7ef8, *walarm*:ALARM_WAKEUP_SENSOR_COLLECTOR} [26ms]
D/WifiService(  978): releaseWifiLockLocked: WifiLock{NlpWifiLock type=2 binder=android.os.BinderProxy@261cf469}
V/AlarmManager(  978): sending alarm {17285426 type 2 *walarm*:com.google.android.intent.action.SEND_IDLE}
V/AlarmManager(  978): done {17285426, *walarm*:com.google.android.intent.action.SEND_IDLE} [8ms]
D/BatteryService(  978): uevent={POWER_SUPPLY_TEMP=331, POWER_SUPPLY_STATUS=Charging, POWER_SUPPLY_CAPACITY=96, ACTION=change, DEVPATH=/devices/qpnp-charger-ed22e400/power_supply/battery, POWER_SUPPLY_VOLTAGE_OCV=-22, POWER_SUPPLY_ONLINE=1, SUBSYSTEM=power_supply, POWER_SUPPLY_NUM_SYSTEM_TEMP_LEVELS=17, POWER_SUPPLY_INPUT_CURRENT_MAX=500000, POWER_SUPPLY_VOLTAGE_MAX_DESIGN=4350000, POWER_SUPPLY_CHARGE_FULL=2269000, POWER_SUPPLY_NAME=battery, POWER_SUPPLY_VOLTAGE_MIN_DESIGN=4300000, POWER_SUPPLY_VOLTAGE_MIN=4300000, POWER_SUPPLY_HEALTH=Good, POWER_SUPPLY_CYCLE_COUNT=34, POWER_SUPPLY_TECHNOLOGY=Li-ion, POWER_SUPPLY_CHARGE_TYPE=Fast, POWER_SUPPLY_PRESENT=1, POWER_SUPPLY_INPUT_CURRENT_SETTLED=0, POWER_SUPPLY_MODEL_NAME=EY30-LG, POWER_SUPPLY_VOLTAGE_NOW=4331987, SEQNUM=52285, POWER_SUPPLY_TEMP_WARM=450, POWER_SUPPLY_TEMP_COOL=0, POWER_SUPPLY_CHARGE_FULL_DESIGN=2281000, POWER_SUPPLY_CURRENT_NOW=-422158, POWER_SUPPLY_CHARGE_COUNTER=82751, POWER_SUPPLY_SYSTEM_TEMP_LEVEL=0, POWER_SUPPLY_INPUT_CURRENT_TRIM=33, POWER_SUPPLY_VOLTAGE_EMPTY=3000000, POWER_SUPPLY_CHARGE_RATE=Normal, POWER_SUPPLY_INPUT_VOLTAGE_REGULATION=0, POWER_SUPPLY_CHARGING_ENABLED=1}
V/AlarmManager(  978): sending alarm {31ce5bde type 3 *alarm*:android.intent.action.TIME_TICK}
V/AlarmManager(  978): sending alarm {29e38346 type 2 *walarm*:com.facebook.rti.mqtt.e.g.ACTION_INEXACT_ALARM.MqttLite.com.facebook.orca}
V/AlarmManager(  978): sending alarm {194ba6e type 1 *alarm*:ch.bitspin.timely.widget.UPDATE_ACTION}
V/AlarmManager(  978): sending alarm {318534d7 type 3 *alarm*:com.motorola.actions.PERIODIC}
V/AlarmManager(  978): sending alarm {14577874 type 3 *alarm*:com.google.android.gms/.lockbox.LockboxAlarmReceiver}
V/AlarmManager(  978): done {29e38346, *walarm*:com.facebook.rti.mqtt.e.g.ACTION_INEXACT_ALARM.MqttLite.com.facebook.orca} [46ms]
V/AlarmManager(  978): done {318534d7, *alarm*:com.motorola.actions.PERIODIC} [47ms]
V/AlarmManager(  978): done {194ba6e, *alarm*:ch.bitspin.timely.widget.UPDATE_ACTION} [76ms]
V/AlarmManager(  978): done {14577874, *alarm*:com.google.android.gms/.lockbox.LockboxAlarmReceiver} [84ms]
V/AlarmManager(  978): done {31ce5bde, *alarm*:android.intent.action.TIME_TICK} [182ms]
I/PowerManagerService(  978): Waking up from sleep (uid 1000)...
V/WindowManager(  978): mAppsToBeHidden add Token{1ec86e2 ActivityRecord{33ec53ad u0 com.google.android.googlequicksearchbox/com.google.android.launcher.GEL t1833}}
I/DisplayManagerService(  978): Display device changed: DisplayDeviceInfo{"Built-in Screen": uniqueId="local:0", 1080 x 1920, 60.0 fps, supportedRefreshRates [60.0], density 480, 422.03 x 424.069 dpi, appVsyncOff 7500000, presDeadline 12666667, touch INTERNAL, rotation 0, type BUILT_IN, state ON, FLAG_DEFAULT_DISPLAY, FLAG_ROTATES_WITH_CONTENT, FLAG_SECURE, FLAG_SUPPORTS_PROTECTED_BUFFERS}
V/ActivityManager(  978): Display changed displayId=0
V/WindowManager(  978): mAppsToBeHidden add Token{1ec86e2 ActivityRecord{33ec53ad u0 com.google.android.googlequicksearchbox/com.google.android.launcher.GEL t1833}}
V/WindowManager(  978): mAppsToBeHidden add Token{1ec86e2 ActivityRecord{33ec53ad u0 com.google.android.googlequicksearchbox/com.google.android.launcher.GEL t1833}}
V/WindowManager(  978): mAppsToBeHidden add Token{1ec86e2 ActivityRecord{33ec53ad u0 com.google.android.googlequicksearchbox/com.google.android.launcher.GEL t1833}}
V/WindowManager(  978): mAppsToBeHidden add Token{1ec86e2 ActivityRecord{33ec53ad u0 com.google.android.googlequicksearchbox/com.google.android.launcher.GEL t1833}}
V/WindowManager(  978): mAppsToBeHidden add Token{1ec86e2 ActivityRecord{33ec53ad u0 com.google.android.googlequicksearchbox/com.google.android.launcher.GEL t1833}}
D/WifiService(  978): acquireWifiLockLocked: WifiLock{NlpWifiLock type=2 binder=android.os.BinderProxy@261cf469}
I/SFPerfTracer(  349):      triggers: (rate: 0:81) (8186402 sw vsyncs) (0 skipped) (45:5218640 vsyncs) (47:13762245)
D/ConnectivityService(  978): listenForNetwork for NetworkRequest [ id=2593, legacyType=-1, [ Capabilities: INTERNET&NOT_RESTRICTED&TRUSTED&NOT_VPN] ]
D/ConnectivityService(  978): handleRegisterNetworkRequest checking NetworkAgentInfo [WIFI () - 355]
D/ConnectivityService(  978): apparently satisfied.  currentScore=60
I/SFPerfTracer(  349):      triggers: (rate: 10627:469498) (compose: 0:43) (post: 0:39) (render: 0:1503) (0:4119579 frames) (1:4383260)
D/SFPerfTracer(  349):        layers: (2:12) (FocusedStackFrame (0xb74d6218): 0:13560)* (DimLayer (0xb74ef550): 0:45)* (DimLayer (0xb74f1a20): 0:25)* (DimLayer (0xb75912f0): 0:9034)* (DimLayer (0xb75939a8): 0:2519)* (StatusBar (0xb753d3f8): 1:334168) (com.android.systemui.ImageWallpaper (0xb7543fa0): 0:16723) (NavigationBar (0xb75401d8): 0:852)- (io.cordova.myappba547e/io.cordova.myappba547e.MainActivity (0xb7572e30): 0:99)- (com.google.android.googlequicksearchbox/com.google.android.launcher.GEL (0xb75a9958): 0:28)* ( (0xb7572e30): 0:4)- (ColorFade (0xb759b998): 0:30)- 
W/WindowManager(  978): performLayoutAndPlaceSurfacesLocked called while in layout. Callers=com.android.server.wm.WindowManagerService.performLayoutAndPlaceSurfacesLocked:8786 com.android.server.wm.WindowManagerService.reevaluateStatusBarVisibility:10902 com.android.internal.policy.impl.PhoneWindowManager.clearClearableFlagsLw:7093 
D/WifiService(  978): releaseWifiLockLocked: WifiLock{NlpWifiLock type=2 binder=android.os.BinderProxy@261cf469}
V/AlarmManager(  978): sending alarm {31ce5bde type 3 *alarm*:android.intent.action.TIME_TICK}
V/AlarmManager(  978): done {31ce5bde, *alarm*:android.intent.action.TIME_TICK} [126ms]
I/SFPerfTracer(  349):      triggers: (rate: 10627:469500) (compose: 0:43) (post: 0:39) (render: 0:1503) (116:4119763 frames) (117:4383450)
D/SFPerfTracer(  349):        layers: (3:9) (FocusedStackFrame (0xb74d6218): 0:13560)* (DimLayer (0xb74ef550): 0:45)* (DimLayer (0xb74f1a20): 0:25)* (DimLayer (0xb75912f0): 0:9034)* (DimLayer (0xb75939a8): 0:2519)* (StatusBar (0xb753d3f8): 117:334356) (com.android.systemui.ImageWallpaper (0xb7543fa0): 0:16723) (com.google.android.googlequicksearchbox/com.google.android.launcher.GEL (0xb75a9958): 3:32)* (NavigationBar (0xb7572e30): 0:18) 
W/InputMethodManagerService(  978): Window already focused, ignoring focus gain of: com.android.internal.view.IInputMethodClient$Stub$Proxy@1d0b81f attribute=android.view.inputmethod.EditorInfo@24f2076c, token = android.os.BinderProxy@4677b69
I/ActivityManager(  978): Start proc 24079:com.vzw.hss.myverizon/u0a62 for broadcast com.vzw.hss.myverizon/com.vzw.geofencing.smart.receiver.MVSPrefsReceiver
I/SFPerfTracer(  349):      triggers: (rate: 0:81) (8186402 sw vsyncs) (0 skipped) (172:5218844 vsyncs) (174:13762453)
W/ResourcesManager(24079): Asset path '/system/framework/com.google.android.maps.jar' does not exist or contains no resources.
V/AlarmManager(  978): sending alarm {15bd4fc type 2 *walarm*:ALARM_WAKEUP_ACTIVITY_DETECTION}
V/AlarmManager(  978): done {15bd4fc, *walarm*:ALARM_WAKEUP_ACTIVITY_DETECTION} [15ms]
V/AlarmManager(  978): sending alarm {15bd4fc type 2 *walarm*:ALARM_WAKEUP_ACTIVITY_DETECTION}
V/AlarmManager(  978): done {15bd4fc, *walarm*:ALARM_WAKEUP_ACTIVITY_DETECTION} [23ms]
I/ActivityManager(  978): Start proc 24142:com.android.defcontainer/u0a37 for service com.android.defcontainer/.DefaultContainerService
D/DefContainer(24142): Copying /data/local/tmp/android-debug.apk to base.apk
D/PackageManager(  978): Renaming /data/app/vmdl2092951821.tmp to /data/app/io.cordova.myappba547e-1
I/ActivityManager(  978): Force stopping io.cordova.myappba547e appid=10197 user=-1: uninstall pkg
I/ActivityManager(  978): Killing 22598:io.cordova.myappba547e/u0a197 (adj 11): stop io.cordova.myappba547e
I/PackageManager(  978): Package io.cordova.myappba547e codePath changed from /data/app/io.cordova.myappba547e-2 to /data/app/io.cordova.myappba547e-1; Retaining data and using new
W/ActivityManager(  978): Spurious death for ProcessRecord{1d001685 22598:io.cordova.myappba547e/u0a197}, curProc for 22598: null
W/PackageManager(  978): Code path for pkg : io.cordova.myappba547e changing from /data/app/io.cordova.myappba547e-2 to /data/app/io.cordova.myappba547e-1
I/ActivityManager(  978): Force stopping io.cordova.myappba547e appid=10197 user=-1: update pkg
W/PackageManager(  978): Resource path for pkg : io.cordova.myappba547e changing from /data/app/io.cordova.myappba547e-2 to /data/app/io.cordova.myappba547e-1
I/SFPerfTracer(  349):      triggers: (rate: 0:81) (8186402 sw vsyncs) (0 skipped) (52:5218950 vsyncs) (54:13762578)
I/ActivityManager(  978): Force stopping io.cordova.myappba547e appid=10197 user=0: pkg removed
I/ActivityManager(  978): Start proc 24170:android.process.acore/u0a13 for broadcast com.android.providers.contacts/.PackageIntentReceiver
D/JobSchedulerService(  978): Receieved: android.intent.action.PACKAGE_REMOVED
D/BackupManagerService(  978): Received broadcast Intent { act=android.intent.action.PACKAGE_REMOVED dat=package:io.cordova.myappba547e flg=0x4000010 (has extras) }
V/AlarmManager(  978): sending alarm {18a77481 type 2 *walarm*:android.content.syncmanager.SYNC_ALARM}
I/ActivityManager(  978): Killing 22734:com.textra/u0a149 (adj 15): empty #13
W/InputMethodInfo(  978): Duplicated subtype definition found: , voice
I/ActivityManager(  978): Start proc 24195:com.verizon.vzwavs/u0a68 for broadcast com.verizon.vzwavs/.WakeupReceiver
I/ActivityManager(  978): Start proc 24216:com.android.keychain/1000 for broadcast com.android.keychain/.KeyChainBroadcastReceiver
I/ActivityManager(  978): Killing 23260:com.google.android.partnersetup/u0a45 (adj 15): empty #13
I/SFPerfTracer(  349):      triggers: (rate: 10627:469500) (compose: 0:43) (post: 0:39) (render: 0:1503) (0:4119851 frames) (1:4383550)
D/SFPerfTracer(  349):        layers: (4:9) (FocusedStackFrame (0xb74d6218): 0:13562)* (DimLayer (0xb74ef550): 0:45)* (DimLayer (0xb74f1a20): 0:25)* (DimLayer (0xb75912f0): 0:9034)* (DimLayer (0xb75939a8): 0:2519)* (StatusBar (0xb753d3f8): 1:334395) (com.android.systemui.ImageWallpaper (0xb7543fa0): 0:16750) (com.google.android.googlequicksearchbox/com.google.android.launcher.GEL (0xb75a9958): 0:111) (NavigationBar (0xb7572e30): 0:37) 
W/ContextImpl(24216): Calling a method in the system process without a qualified user: android.app.ContextImpl.startService:1831 android.content.ContextWrapper.startService:516 android.content.ContextWrapper.startService:516 com.android.keychain.KeyChainBroadcastReceiver.onReceive:12 android.app.ActivityThread.handleReceiver:2639 
I/ActivityManager(  978): Killing 23329:com.android.providers.calendar/u0a48 (adj 15): empty #13
I/ActivityManager(  978): Start proc 24251:com.quickoffice.android/u0a128 for broadcast com.quickoffice.android/com.qo.android.quickoffice.QOBroadcastReceiver
I/ActivityManager(  978): Killing 23356:com.google.android.calendar/u0a85 (adj 15): empty #13
W/ActivityManager(  978): No permission grants found for com.quickoffice.android
I/ActivityManager(  978): Start proc 24280:com.google.android.apps.plus/u0a127 for broadcast com.google.android.apps.plus/.service.PackagesMediaMonitor
D/BackupManagerService(  978): Received broadcast Intent { act=android.intent.action.PACKAGE_ADDED dat=package:io.cordova.myappba547e flg=0x4000010 (has extras) }
W/BackupManagerService(  978): Removing schedule queue dupe of io.cordova.myappba547e
W/ResourcesManager(24280): Asset path '/system/framework/com.google.android.maps.jar' does not exist or contains no resources.
I/ActivityManager(  978): START u0 {act=android.intent.action.MAIN flg=0x10000000 cmp=io.cordova.myappba547e/.MainActivity} from uid 2000 on display 0
V/WindowManager(  978): addAppToken: AppWindowToken{229b7414 token=Token{11cece67 ActivityRecord{4f6a226 u0 io.cordova.myappba547e/.MainActivity t2641}}} to stack=1 task=2641 at 0
V/WindowManager(  978): Adding window Window{18daee0a u0 Starting io.cordova.myappba547e} at 6 of 12 (after Window{3ab4e65 u0 com.google.android.gm/com.google.android.gm.ConversationListActivityGmail})
I/ActivityManager(  978): Start proc 24311:io.cordova.myappba547e/u0a197 for activity io.cordova.myappba547e/.MainActivity
I/ActivityManager(  978): Killing 23164:com.google.android.apps.walletnfcrel/u0a7 (adj 15): empty #13
W/ResourcesManager(27477): Asset path '/system/framework/com.google.android.maps.jar' does not exist or contains no resources.
V/WindowManager(  978): Adding window Window{d42ae99 u0 io.cordova.myappba547e/io.cordova.myappba547e.MainActivity} at 6 of 13 (before Window{18daee0a u0 Starting io.cordova.myappba547e})
I/LaunchCheckinHandler(  978): Displayed io.cordova.myappba547e/.MainActivity,cp,ca,678
I/ActivityManager(  978): Start proc 24379:com.google.android.apps.docs/u0a95 for broadcast com.google.android.apps.docs/.receivers.AppPackageAddRemoveReceiver
I/ActivityManager(  978): Killing 23817:com.google.android.apps.maps/u0a91 (adj 15): empty #13
V/WindowStateAnimator(  978): windowAnimating in WindowStateAnimator{25621537 Starting io.cordova.myappba547e}
D/WifiService(  978): Client connection lost with reason: 4
W/ActivityManager(  978): getRunningAppProcesses: caller 10095 does not hold REAL_GET_TASKS; limiting output
W/ActivityManager(  978): getRunningAppProcesses: caller 10095 does not hold REAL_GET_TASKS; limiting output
W/ActivityManager(  978): getRunningAppProcesses: caller 10095 does not hold REAL_GET_TASKS; limiting output
W/ActivityManager(  978): getRunningAppProcesses: caller 10095 does not hold REAL_GET_TASKS; limiting output
I/ActivityManager(  978): Start proc 24433:com.textra/u0a149 for broadcast com.textra/com.mplus.lib.fa
I/ActivityManager(  978): Killing 23446:com.google.android.deskclock/u0a102 (adj 15): empty #13
I/SFPerfTracer(  349):      triggers: (rate: 0:81) (8186402 sw vsyncs) (0 skipped) (41:5219049 vsyncs) (43:13762690)
W/ActivityManager(  978): getRunningAppProcesses: caller 10149 does not hold REAL_GET_TASKS; limiting output
W/ResourcesManager(24379): Asset path '/system/framework/com.android.media.remotedisplay.jar' does not exist or contains no resources.
W/ResourcesManager(24379): Asset path '/system/framework/com.android.location.provider.jar' does not exist or contains no resources.
I/ActivityManager(  978): Start proc 24452:com.textra:acra/u0a149 for service com.textra/org.acra.sender.SenderService
W/ActivityManager(  978): getRunningAppProcesses: caller 10149 does not hold REAL_GET_TASKS; limiting output
W/ActivityManager(  978): getRunningAppProcesses: caller 10149 does not hold REAL_GET_TASKS; limiting output
W/ActivityManager(  978): getRunningAppProcesses: caller 10149 does not hold REAL_GET_TASKS; limiting output
I/ActivityManager(  978): Killing 23404:ch.bitspin.timely/u0a144 (adj 15): empty #13
I/ActivityManager(  978): Start proc 24488:com.yahoo.mobile.client.android.weather:com.yahoo.snp.service/u0a170 for broadcast com.yahoo.mobile.client.android.weather/com.yahoo.platform.mobile.push.PushAgentReceiver
I/ActivityManager(  978): Killing 24079:com.vzw.hss.myverizon/u0a62 (adj 15): empty #13
W/ActivityManager(  978): getRunningAppProcesses: caller 10170 does not hold REAL_GET_TASKS; limiting output
I/ActivityManager(  978): Start proc 24509:org.mozilla.firefox/u0a143 for broadcast org.mozilla.firefox/org.mozilla.gecko.webapp.UninstallListener
I/ActivityManager(  978): Killing 23202:com.yahoo.mobile.client.android.weather/u0a170 (adj 15): empty #13
I/ActivityManager(  978): Start proc 24526:com.tumblr/u0a178 for broadcast com.tumblr/com.appsflyer.AppsFlyerLib
I/ActivityManager(  978): Killing 24142:com.android.defcontainer/u0a37 (adj 15): empty #13
I/ActivityManager(  978): Killing 24195:com.verizon.vzwavs/u0a68 (adj 15): empty #13
D/TaskPersister(  978): removeObsoleteFile: deleting file=2640_task.xml
D/TaskPersister(  978): removeObsoleteFile: deleting file=2640_task_thumbnail.png
I/ActivityManager(  978): Start proc 24579:com.google.android.partnersetup/u0a45 for broadcast com.google.android.partnersetup/.RlzPingBroadcastReceiver
