D/TCMD    (  571): Listening for incoming client connection request
E/WifiStateMachine(  978): [1,459,887,700,072 ms] noteScanEnd no scan source onTime=0
E/WifiStateMachine(  978): wifi setScanResults statecom.android.server.wifi.WifiStateMachine$ConnectedState@2562bc5b sup_state=COMPLETED debouncing=false mConnectionRequests=1 selection=<none>
W/Babel   (26395): aye TOOK TOO LONG! (15000ms > 10000ms)
W/Telecom (  978): TelecomServiceImpl: null is not visible for the calling user
W/Telecom (  978): TelecomServiceImpl: ComponentInfo{com.google.android.talk/com.google.android.apps.hangouts.telephony.TeleConnectionService}, [e44cca915afc0390d8a77c0ff4608152603e7fa3], UserHandle{0} is not visible for the calling user
I/Babel_telephony(26395): TeleModule.updateConnectionManagerRegistration, registration preference changed from false to false
W/Babel   (26395): BAM#gBA: invalid account id: -1
W/Babel   (26395): BAM#gBA: invalid account id: -1
I/Babel_telephony(26395): TeleModule.updateIncomingCallRegistration, preferred account for incoming calls changed from: null to null
W/Telecom (  978): TelecomServiceImpl: null is not visible for the calling user
W/Telecom (  978): TelecomServiceImpl: ComponentInfo{com.google.android.talk/com.google.android.apps.hangouts.telephony.TeleConnectionService}, [e44cca915afc0390d8a77c0ff4608152603e7fa3], UserHandle{0} is not visible for the calling user
V/AlarmManager(  978): sending alarm {14577874 type 3 *alarm*:com.google.android.gms/.lockbox.LockboxAlarmReceiver}
V/AlarmManager(  978): done {14577874, *alarm*:com.google.android.gms/.lockbox.LockboxAlarmReceiver} [15ms]
I/MotoNetwCtrlr( 1449): onReceive: Received intent=Intent { act=android.net.wifi.RSSI_CHANGED flg=0x4000010 (has extras) } Action=android.net.wifi.RSSI_CHANGED
I/MotoNetwCtrlr.MotoWifiSignalCtrlr( 1449): handleBroadcast: Entered: Intent=Intent { act=android.net.wifi.RSSI_CHANGED flg=0x4000010 (has extras) } Action=android.net.wifi.RSSI_CHANGED
I/MotoNetwCtrlr.MotorolaWifiSignalController( 1449): isDirty: returns false
I/MotoNetwCtrlr.MotoWifiSignalCtrlr( 1449): handleBroadcast: Completed
I/MotoNetwCtrlr( 1449): onReceive: Completed intent=Intent { act=android.net.wifi.RSSI_CHANGED flg=0x4000010 (has extras) } Action=android.net.wifi.RSSI_CHANGED
V/AlarmManager(  978): sending alarm {15bd4fc type 2 *walarm*:ALARM_WAKEUP_ACTIVITY_DETECTION}
V/AlarmManager(  978): done {15bd4fc, *walarm*:ALARM_WAKEUP_ACTIVITY_DETECTION} [11ms]
I/MotoNetwCtrlr( 1449): onReceive: Received intent=Intent { act=android.net.wifi.RSSI_CHANGED flg=0x4000010 (has extras) } Action=android.net.wifi.RSSI_CHANGED
I/MotoNetwCtrlr.MotoWifiSignalCtrlr( 1449): handleBroadcast: Entered: Intent=Intent { act=android.net.wifi.RSSI_CHANGED flg=0x4000010 (has extras) } Action=android.net.wifi.RSSI_CHANGED
I/MotoNetwCtrlr.MotorolaWifiSignalController( 1449): isDirty: returns false
I/MotoNetwCtrlr.MotoWifiSignalCtrlr( 1449): handleBroadcast: Completed
I/MotoNetwCtrlr( 1449): onReceive: Completed intent=Intent { act=android.net.wifi.RSSI_CHANGED flg=0x4000010 (has extras) } Action=android.net.wifi.RSSI_CHANGED
I/MotoNetwCtrlr.MotoNetwCtrlrImpl.MotorolaMobileSignalController( 1 ) ( 1449): MotorolaMobilePhoneStateListener.onSignalStrengthsChanged: Entered: signalStrength=SignalStrength: 99 0 -72 -70 -120 -1 -1 22 -92 -4 202 2147483647 2147483647 cdma 0 -108 -1 false 0 0 5 0 4 16 99 99 5 0 level=4
D/ConnectivityManager( 1449): getMobileDataEnabled()+ subId=1
D/PhoneInterfaceManager( 1800): [PhoneIntfMgr] getDataEnabled: subId=1 phoneId=0
D/PhoneInterfaceManager( 1800): [PhoneIntfMgr] getDataEnabled: subId=1 retVal=true
D/ConnectivityManager( 1449): getMobileDataEnabled()- subId=1 retVal=true
I/MotoNetwCtrlr.MotoNetwCtrlrImpl.MotorolaMobileSignalController( 1 ) ( 1449): isDirty: returns true
I/MotoNetwCtrlr.MotoNetwCtrlrImpl.MotorolaMobileSignalController( 1 ) ( 1449): notifyListeners: calling SB [0] setMobileDataIndicators (Motorola api): mobileUseMotoUI=true mobileEnabled=true mobileSimIconId=( none ) mobileSignalIconId=0x7f0204ab=zz_moto_stat_sys_signal_4_of_5_fully_separated_wide mobileRoamingIconId=( none ) mobileDataTypeIconId=0x7f0203ea=zz_moto_stat_sys_data_suspended_4g_lte_wide mobileDataActivityIconId=0x7f020337=zz_moto_stat_sys_data_activity_empty_wide mobileCarrierDescription="Verizon Wireless" mobileSimDescription="" mobileSignalContentDescription="phone signal four bars" mobileRoamingDescription="" mobileDataTypeContentDescription="4 G L T E" mobileDataActivityContentDescription="mobile suspended for wifi" mobileIsRoaming=false isDataTypeIconWide=true mobileIsBidiDirectionEnabled=true mobileSubId=1
I/MotoNetwCtrlr.MotoNetwCtrlrImpl.MotorolaMobileSignalController( 1 ) ( 1449): notifyListeners: calling SB [1] setMobileDataIndicators (Motorola api): mobileUseMotoUI=true mobileEnabled=true mobileSimIconId=( none ) mobileSignalIconId=0x7f0204ab=zz_moto_stat_sys_signal_4_of_5_fully_separated_wide mobileRoamingIconId=( none ) mobileDataTypeIconId=0x7f0203ea=zz_moto_stat_sys_data_suspended_4g_lte_wide mobileDataActivityIconId=0x7f020337=zz_moto_stat_sys_data_activity_empty_wide mobileCarrierDescription="Verizon Wireless" mobileSimDescription="" mobileSignalContentDescription="phone signal four bars" mobileRoamingDescription="" mobileDataTypeContentDescription="4 G L T E" mobileDataActivityContentDescription="mobile suspended for wifi" mobileIsRoaming=false isDataTypeIconWide=true mobileIsBidiDirectionEnabled=true mobileSubId=1
I/MotoNetwCtrlr.MotoNetwCtrlrImpl.MotorolaMobileSignalController( 1 ) ( 1449): notifyListeners: calling SB [2] setMobileDataIndicators (Motorola api): mobileUseMotoUI=true mobileEnabled=true mobileSimIconId=( none ) mobileSignalIconId=0x7f0204ab=zz_moto_stat_sys_signal_4_of_5_fully_separated_wide mobileRoamingIconId=( none ) mobileDataTypeIconId=0x7f0203ea=zz_moto_stat_sys_data_suspended_4g_lte_wide mobileDataActivityIconId=0x7f020337=zz_moto_stat_sys_data_activity_empty_wide mobileCarrierDescription="Verizon Wireless" mobileSimDescription="" mobileSignalContentDescription="phone signal four bars" mobileRoamingDescription="" mobileDataTypeContentDescription="4 G L T E" mobileDataActivityContentDescription="mobile suspended for wifi" mobileIsRoaming=false isDataTypeIconWide=true mobileIsBidiDirectionEnabled=true mobileSubId=1
I/MotoNetwCtrlr.MotoNetwCtrlrImpl.MotorolaMobileSignalController( 1 ) ( 1449): MotorolaMobilePhoneStateListener.onSignalStrengthsChanged: completed: level=4
I/ThermalEngine(  432): Sensor:chg_therm:32000 mC
D/ClClient( 6536): Not sending keepalive.  Current connection state=STOPPED
I/MotoNetwCtrlr.MotoNetwCtrlrImpl.MotorolaMobileSignalController( 1 ) ( 1449): MotorolaMobilePhoneStateListener.onSignalStrengthsChanged: Entered: signalStrength=SignalStrength: 99 0 -72 -70 -120 -1 -1 25 -92 -9 182 2147483647 2147483647 cdma 0 -108 -1 false 0 0 5 0 4 16 99 99 5 0 level=4
D/ConnectivityManager( 1449): getMobileDataEnabled()+ subId=1
D/PhoneInterfaceManager( 1800): [PhoneIntfMgr] getDataEnabled: subId=1 phoneId=0
D/PhoneInterfaceManager( 1800): [PhoneIntfMgr] getDataEnabled: subId=1 retVal=true
D/ConnectivityManager( 1449): getMobileDataEnabled()- subId=1 retVal=true
I/MotoNetwCtrlr.MotoNetwCtrlrImpl.MotorolaMobileSignalController( 1 ) ( 1449): isDirty: returns true
I/MotoNetwCtrlr.MotoNetwCtrlrImpl.MotorolaMobileSignalController( 1 ) ( 1449): notifyListeners: calling SB [0] setMobileDataIndicators (Motorola api): mobileUseMotoUI=true mobileEnabled=true mobileSimIconId=( none ) mobileSignalIconId=0x7f0204ab=zz_moto_stat_sys_signal_4_of_5_fully_separated_wide mobileRoamingIconId=( none ) mobileDataTypeIconId=0x7f0203ea=zz_moto_stat_sys_data_suspended_4g_lte_wide mobileDataActivityIconId=0x7f020337=zz_moto_stat_sys_data_activity_empty_wide mobileCarrierDescription="Verizon Wireless" mobileSimDescription="" mobileSignalContentDescription="phone signal four bars" mobileRoamingDescription="" mobileDataTypeContentDescription="4 G L T E" mobileDataActivityContentDescription="mobile suspended for wifi" mobileIsRoaming=false isDataTypeIconWide=true mobileIsBidiDirectionEnabled=true mobileSubId=1
I/MotoNetwCtrlr.MotoNetwCtrlrImpl.MotorolaMobileSignalController( 1 ) ( 1449): notifyListeners: calling SB [1] setMobileDataIndicators (Motorola api): mobileUseMotoUI=true mobileEnabled=true mobileSimIconId=( none ) mobileSignalIconId=0x7f0204ab=zz_moto_stat_sys_signal_4_of_5_fully_separated_wide mobileRoamingIconId=( none ) mobileDataTypeIconId=0x7f0203ea=zz_moto_stat_sys_data_suspended_4g_lte_wide mobileDataActivityIconId=0x7f020337=zz_moto_stat_sys_data_activity_empty_wide mobileCarrierDescription="Verizon Wireless" mobileSimDescription="" mobileSignalContentDescription="phone signal four bars" mobileRoamingDescription="" mobileDataTypeContentDescription="4 G L T E" mobileDataActivityContentDescription="mobile suspended for wifi" mobileIsRoaming=false isDataTypeIconWide=true mobileIsBidiDirectionEnabled=true mobileSubId=1
I/MotoNetwCtrlr.MotoNetwCtrlrImpl.MotorolaMobileSignalController( 1 ) ( 1449): notifyListeners: calling SB [2] setMobileDataIndicators (Motorola api): mobileUseMotoUI=true mobileEnabled=true mobileSimIconId=( none ) mobileSignalIconId=0x7f0204ab=zz_moto_stat_sys_signal_4_of_5_fully_separated_wide mobileRoamingIconId=( none ) mobileDataTypeIconId=0x7f0203ea=zz_moto_stat_sys_data_suspended_4g_lte_wide mobileDataActivityIconId=0x7f020337=zz_moto_stat_sys_data_activity_empty_wide mobileCarrierDescription="Verizon Wireless" mobileSimDescription="" mobileSignalContentDescription="phone signal four bars" mobileRoamingDescription="" mobileDataTypeContentDescription="4 G L T E" mobileDataActivityContentDescription="mobile suspended for wifi" mobileIsRoaming=false isDataTypeIconWide=true mobileIsBidiDirectionEnabled=true mobileSubId=1
I/MotoNetwCtrlr.MotoNetwCtrlrImpl.MotorolaMobileSignalController( 1 ) ( 1449): MotorolaMobilePhoneStateListener.onSignalStrengthsChanged: completed: level=4
I/MotoNetwCtrlr( 1449): onReceive: Received intent=Intent { act=android.net.wifi.RSSI_CHANGED flg=0x4000010 (has extras) } Action=android.net.wifi.RSSI_CHANGED
I/MotoNetwCtrlr.MotoWifiSignalCtrlr( 1449): handleBroadcast: Entered: Intent=Intent { act=android.net.wifi.RSSI_CHANGED flg=0x4000010 (has extras) } Action=android.net.wifi.RSSI_CHANGED
I/MotoNetwCtrlr.MotorolaWifiSignalController( 1449): isDirty: returns true
I/MotoNetwCtrlr.MotorolaWifiSignalController( 1449): notifyListeners: calling SB [0] setWifiIndicators (Motorola api): UseMotoUI=true Vis=true SBSig=0x7f02014a=stat_sys_wifi_signal_3_fully SBAct=0x7f0204fb=zz_moto_stat_sys_wifi_idle_fully_wide DescSig="Wifi three bars." DescAct="wifi idle" NetName=""MSFTOPEN""
I/MotoNetwCtrlr.MotorolaWifiSignalController( 1449): notifyListeners: calling SB [1] setWifiIndicators (Motorola api): UseMotoUI=true Vis=true SBSig=0x7f02014a=stat_sys_wifi_signal_3_fully SBAct=0x7f0204fb=zz_moto_stat_sys_wifi_idle_fully_wide DescSig="Wifi three bars." DescAct="wifi idle" NetName=""MSFTOPEN""
I/MotoNetwCtrlr.MotorolaWifiSignalController( 1449): notifyListeners: calling SB [2] setWifiIndicators (Motorola api): UseMotoUI=true Vis=true SBSig=0x7f02014a=stat_sys_wifi_signal_3_fully SBAct=0x7f0204fb=zz_moto_stat_sys_wifi_idle_fully_wide DescSig="Wifi three bars." DescAct="wifi idle" NetName=""MSFTOPEN""
I/MotoNetwCtrlr.MotoWifiSignalCtrlr( 1449): handleBroadcast: Completed
I/MotoNetwCtrlr( 1449): onReceive: Completed intent=Intent { act=android.net.wifi.RSSI_CHANGED flg=0x4000010 (has extras) } Action=android.net.wifi.RSSI_CHANGED
I/MotoNetwCtrlr( 1449): onReceive: Received intent=Intent { act=android.net.wifi.RSSI_CHANGED flg=0x4000010 (has extras) } Action=android.net.wifi.RSSI_CHANGED
I/MotoNetwCtrlr.MotoWifiSignalCtrlr( 1449): handleBroadcast: Entered: Intent=Intent { act=android.net.wifi.RSSI_CHANGED flg=0x4000010 (has extras) } Action=android.net.wifi.RSSI_CHANGED
I/MotoNetwCtrlr.MotorolaWifiSignalController( 1449): isDirty: returns false
I/MotoNetwCtrlr.MotoWifiSignalCtrlr( 1449): handleBroadcast: Completed
I/MotoNetwCtrlr( 1449): onReceive: Completed intent=Intent { act=android.net.wifi.RSSI_CHANGED flg=0x4000010 (has extras) } Action=android.net.wifi.RSSI_CHANGED
I/SFPerfTracer(  349):      triggers: (rate: 10627:469544) (compose: 0:43) (post: 0:39) (render: 0:1505) (664:4125660 frames) (665:4389666)
D/SFPerfTracer(  349):        layers: (3:13) (FocusedStackFrame (0xb74d6218): 0:13648)* (DimLayer (0xb74ef550): 0:45)* (DimLayer (0xb74f1a20): 0:25)* (DimLayer (0xb75912f0): 0:9034)* (DimLayer (0xb75939a8): 0:2531)* (StatusBar (0xb753d3f8): 7:334689) (com.android.systemui.ImageWallpaper (0xb7543fa0): 1:16786)* (NavigationBar (0xb75a9958): 8:358) (io.cordova.myappba547e/io.cordova.myappba547e.MainActivity (0xb75401d8): 0:188)- (com.google.android.googlequicksearchbox/com.google.android.launcher.GEL (0xb7572e30): 0:19)- (com.android.systemui/com.android.systemui.recents.RecentsActivity (0xb75401d8): 0:40)- (io.cordova.myappba547e/io.cordova.myappba547e.MainActivity (0xb7572e30): 664:689) (thumbnail anim (0xb759b998): 0:22)- 
I/chromium(25779): [INFO:CONSOLE(30)] "Reporting status: 1 v14 1.0.0", source: file:///data/data/io.cordova.myappba547e/files/codepush/deploy/versions/c8f48d9aa149ec11c7f17a7ebaa62dd8b2b0156322fc4b7090a074c05ba22772/www/plugins/cordova-plugin-code-push/bin/www/codePush.js (30)
I/Keyboard.Facilitator( 1654): onFinishInput()
W/LocationOracle(26138): Best location was null
I/MotoNetwCtrlr.MotoWifiHndlr( 1449): handleMessage: Entered msg.what=1
I/MotoNetwCtrlr.MotorolaWifiSignalController( 1449): isDirty: returns true
I/MotoNetwCtrlr.MotorolaWifiSignalController( 1449): notifyListeners: calling SB [0] setWifiIndicators (Motorola api): UseMotoUI=true Vis=true SBSig=0x7f02014a=stat_sys_wifi_signal_3_fully SBAct=0x7f020503=zz_moto_stat_sys_wifi_inout_fully_wide DescSig="Wifi three bars." DescAct="wifi in and out" NetName=""MSFTOPEN""
I/MotoNetwCtrlr.MotorolaWifiSignalController( 1449): notifyListeners: calling SB [1] setWifiIndicators (Motorola api): UseMotoUI=true Vis=true SBSig=0x7f02014a=stat_sys_wifi_signal_3_fully SBAct=0x7f020503=zz_moto_stat_sys_wifi_inout_fully_wide DescSig="Wifi three bars." DescAct="wifi in and out" NetName=""MSFTOPEN""
I/MotoNetwCtrlr.MotorolaWifiSignalController( 1449): notifyListeners: calling SB [2] setWifiIndicators (Motorola api): UseMotoUI=true Vis=true SBSig=0x7f02014a=stat_sys_wifi_signal_3_fully SBAct=0x7f020503=zz_moto_stat_sys_wifi_inout_fully_wide DescSig="Wifi three bars." DescAct="wifi in and out" NetName=""MSFTOPEN""
I/MotoNetwCtrlr.MotoWifiHndlr( 1449): handleMessage: Completed
W/cr_AwContents(25779): WebView.destroy() called while WebView is still attached to window.
V/WindowManager(  978): removeAppToken make exiting: AppWindowToken{14f00bd0 token=Token{3543f93 ActivityRecord{3e4bac82 u0 io.cordova.myappba547e/.MainActivity t2642}}}
I/SFPerfTracer(  349):      triggers: (rate: 0:81) (8195140 sw vsyncs) (0 skipped) (966:5225118 vsyncs) (968:13777582)
I/ActivityManager(  978): START u0 {act=com.android.systemui.recents.SHOW_RECENTS flg=0x10804000 cmp=com.android.systemui/.recents.RecentsActivity} from uid 10005 on display 0
W/ResourceType( 1449): No package identifier when getting value for resource number 0x00000000
W/PackageManager( 1449): Failure retrieving resources for io.cordova.myappba547e: Resource ID #0x0
W/OpenGLRenderer(27477): Incorrectly called buildLayer on View: ShortcutAndWidgetContainer, destroying layer...
W/OpenGLRenderer(27477): Incorrectly called buildLayer on View: ShortcutAndWidgetContainer, destroying layer...
I/LaunchCheckinHandler(  978): Displayed com.android.systemui/.recents.RecentsActivity,wp,wa,107
I/Keyboard.Facilitator( 1654): onFinishInput()
I/MotoNetwCtrlr.MotoWifiHndlr( 1449): handleMessage: Entered msg.what=1
I/MotoNetwCtrlr.MotorolaWifiSignalController( 1449): isDirty: returns true
I/MotoNetwCtrlr.MotorolaWifiSignalController( 1449): notifyListeners: calling SB [0] setWifiIndicators (Motorola api): UseMotoUI=true Vis=true SBSig=0x7f02014a=stat_sys_wifi_signal_3_fully SBAct=0x7f0204fb=zz_moto_stat_sys_wifi_idle_fully_wide DescSig="Wifi three bars." DescAct="wifi idle" NetName=""MSFTOPEN""
I/MotoNetwCtrlr.MotorolaWifiSignalController( 1449): notifyListeners: calling SB [1] setWifiIndicators (Motorola api): UseMotoUI=true Vis=true SBSig=0x7f02014a=stat_sys_wifi_signal_3_fully SBAct=0x7f0204fb=zz_moto_stat_sys_wifi_idle_fully_wide DescSig="Wifi three bars." DescAct="wifi idle" NetName=""MSFTOPEN""
I/MotoNetwCtrlr.MotorolaWifiSignalController( 1449): notifyListeners: calling SB [2] setWifiIndicators (Motorola api): UseMotoUI=true Vis=true SBSig=0x7f02014a=stat_sys_wifi_signal_3_fully SBAct=0x7f0204fb=zz_moto_stat_sys_wifi_idle_fully_wide DescSig="Wifi three bars." DescAct="wifi idle" NetName=""MSFTOPEN""
I/MotoNetwCtrlr.MotoWifiHndlr( 1449): handleMessage: Completed
D/TaskStackView( 1449): onTaskViewClicked: task = Task (2642): io.cordova.myappba547e [com.android.systemui.recents.model.Task@18b479b9] index = 3
I/ActivityManager(  978): START u0 {act=android.intent.action.MAIN flg=0x10100000 cmp=io.cordova.myappba547e/.MainActivity} from uid 2000 on display 0
V/WindowManager(  978): addAppToken: AppWindowToken{23d89e1 token=Token{2de99748 ActivityRecord{a876deb u0 io.cordova.myappba547e/.MainActivity t2642}}} to stack=1 task=2642 at 0
I/MotoNetwCtrlr( 1449): onReceive: Received intent=Intent { act=android.net.wifi.RSSI_CHANGED flg=0x4000010 (has extras) } Action=android.net.wifi.RSSI_CHANGED
I/MotoNetwCtrlr.MotoWifiSignalCtrlr( 1449): handleBroadcast: Entered: Intent=Intent { act=android.net.wifi.RSSI_CHANGED flg=0x4000010 (has extras) } Action=android.net.wifi.RSSI_CHANGED
I/MotoNetwCtrlr.MotorolaWifiSignalController( 1449): isDirty: returns true
I/MotoNetwCtrlr.MotorolaWifiSignalController( 1449): notifyListeners: calling SB [0] setWifiIndicators (Motorola api): UseMotoUI=true Vis=true SBSig=0x7f02014c=stat_sys_wifi_signal_4_fully SBAct=0x7f0204fb=zz_moto_stat_sys_wifi_idle_fully_wide DescSig="Wifi signal full." DescAct="wifi idle" NetName=""MSFTOPEN""
I/MotoNetwCtrlr.MotorolaWifiSignalController( 1449): notifyListeners: calling SB [1] setWifiIndicators (Motorola api): UseMotoUI=true Vis=true SBSig=0x7f02014c=stat_sys_wifi_signal_4_fully SBAct=0x7f0204fb=zz_moto_stat_sys_wifi_idle_fully_wide DescSig="Wifi signal full." DescAct="wifi idle" NetName=""MSFTOPEN""
I/MotoNetwCtrlr.MotorolaWifiSignalController( 1449): notifyListeners: calling SB [2] setWifiIndicators (Motorola api): UseMotoUI=true Vis=true SBSig=0x7f02014c=stat_sys_wifi_signal_4_fully SBAct=0x7f0204fb=zz_moto_stat_sys_wifi_idle_fully_wide DescSig="Wifi signal full." DescAct="wifi idle" NetName=""MSFTOPEN""
D/cr_Ime  (25779): [InputMethodManagerWrapper.java:27] Constructor
I/MotoNetwCtrlr.MotoWifiSignalCtrlr( 1449): handleBroadcast: Completed
I/MotoNetwCtrlr( 1449): onReceive: Completed intent=Intent { act=android.net.wifi.RSSI_CHANGED flg=0x4000010 (has extras) } Action=android.net.wifi.RSSI_CHANGED
I/MotoNetwCtrlr( 1449): onReceive: Received intent=Intent { act=android.net.wifi.RSSI_CHANGED flg=0x4000010 (has extras) } Action=android.net.wifi.RSSI_CHANGED
I/MotoNetwCtrlr.MotoWifiSignalCtrlr( 1449): handleBroadcast: Entered: Intent=Intent { act=android.net.wifi.RSSI_CHANGED flg=0x4000010 (has extras) } Action=android.net.wifi.RSSI_CHANGED
W/cr_AwContents(25779): onDetachedFromWindow called when already detached. Ignoring
D/cr_Ime  (25779): [InputMethodManagerWrapper.java:56] isActive: false
I/MotoNetwCtrlr.MotorolaWifiSignalController( 1449): isDirty: returns false
I/MotoNetwCtrlr.MotoWifiSignalCtrlr( 1449): handleBroadcast: Completed
I/MotoNetwCtrlr( 1449): onReceive: Completed intent=Intent { act=android.net.wifi.RSSI_CHANGED flg=0x4000010 (has extras) } Action=android.net.wifi.RSSI_CHANGED
D/SystemWebViewEngine(25779): CordovaWebView is running on device made by: motorola
V/WindowManager(  978): Adding window Window{269cb992 u0 io.cordova.myappba547e/io.cordova.myappba547e.MainActivity} at 4 of 12 (after Window{3ab4e65 u0 com.google.android.gm/com.google.android.gm.ConversationListActivityGmail})
W/cr_BindingManager(25779): Cannot call determinedVisibility() - never saw a connection for the pid: 25779
I/LaunchCheckinHandler(  978): Displayed io.cordova.myappba547e/.MainActivity,wp,ca,128
I/ActivityManager(  978): Displayed io.cordova.myappba547e/.MainActivity: +128ms
I/Keyboard.Facilitator( 1654): onFinishInput()
W/cr_BindingManager(25779): Cannot call determinedVisibility() - never saw a connection for the pid: 25779
D/JsMessageQueue(25779): Set native->JS mode to OnlineEventsBridgeMode
I/chromium(25779): [INFO:CONSOLE(37)] "[CodePush] CODEPUSH 300", source: file:///data/data/io.cordova.myappba547e/files/codepush/deploy/versions/c8f48d9aa149ec11c7f17a7ebaa62dd8b2b0156322fc4b7090a074c05ba22772/www/plugins/cordova-plugin-code-push/bin/www/codePushUtil.js (37)
I/chromium(25779): [INFO:CONSOLE(37)] "[CodePush] CODEPUSH 300", source: file:///data/data/io.cordova.myappba547e/files/codepush/deploy/versions/c8f48d9aa149ec11c7f17a7ebaa62dd8b2b0156322fc4b7090a074c05ba22772/www/plugins/cordova-plugin-code-push/bin/www/codePushUtil.js (37)
I/chromium(25779): [INFO:CONSOLE(37)] "[CodePush] Checking for update.", source: file:///data/data/io.cordova.myappba547e/files/codepush/deploy/versions/c8f48d9aa149ec11c7f17a7ebaa62dd8b2b0156322fc4b7090a074c05ba22772/www/plugins/cordova-plugin-code-push/bin/www/codePushUtil.js (37)
I/SFPerfTracer(  349):      triggers: (rate: 10627:469546) (compose: 0:43) (post: 0:39) (render: 0:1505) (13:4125742 frames) (14:4389772)
D/SFPerfTracer(  349):        layers: (5:13) (FocusedStackFrame (0xb74d6218): 0:13657)* (DimLayer (0xb74ef550): 0:45)* (DimLayer (0xb74f1a20): 0:25)* (DimLayer (0xb75912f0): 0:9034)* (DimLayer (0xb75939a8): 0:2531)* (StatusBar (0xb753d3f8): 0:334692) (com.android.systemui.ImageWallpaper (0xb7543fa0): 0:16787) (NavigationBar (0xb75a9958): 0:418) (io.cordova.myappba547e/io.cordova.myappba547e.MainActivity (0xb7572e30): 0:722)- (com.google.android.googlequicksearchbox/com.google.android.launcher.GEL (0xb75401d8): 0:19)- (com.android.systemui/com.android.systemui.recents.RecentsActivity (0xb7572e30): 0:42) (io.cordova.myappba547e/io.cordova.myappba547e.MainActivity (0xb75401d8): 14:23) (thumbnail anim (0xb759b998): 14:21)* 
I/chromium(25779): [INFO:CONSOLE(37)] "[CodePush] An update is available. {"appVersion":"1.0.0","deploymentKey":"phmk3lC8PB3e0QadDS_B6Aoq9FFjNJKX1A56x","description":"","downloadUrl":"https://codepush.blob.core.windows.net/storagev2/DWqJ8C2RTDIDHuAgjyxQgOb8oqArNJKX1A56x","isMandatory":false,"label":"v15","packageHash":"187ca7403c7c9329225a28cc5297127515b60587de7ae376610aace59e0d4fa0","packageSize":860,"failedInstall":false}", source: file:///data/data/io.cordova.myappba547e/files/codepush/deploy/versions/c8f48d9aa149ec11c7f17a7ebaa62dd8b2b0156322fc4b7090a074c05ba22772/www/plugins/cordova-plugin-code-push/bin/www/codePushUtil.js (37)
I/chromium(25779): [INFO:CONSOLE(37)] "[CodePush] Downloading update", source: file:///data/data/io.cordova.myappba547e/files/codepush/deploy/versions/c8f48d9aa149ec11c7f17a7ebaa62dd8b2b0156322fc4b7090a074c05ba22772/www/plugins/cordova-plugin-code-push/bin/www/codePushUtil.js (37)
D/FileTransfer(25779): download https://codepush.blob.core.windows.net/storagev2/DWqJ8C2RTDIDHuAgjyxQgOb8oqArNJKX1A56x to file:///data/data/io.cordova.myappba547e/files/codepush/download/update.zip
D/FileTransfer(25779): Download file:https://codepush.blob.core.windows.net/storagev2/DWqJ8C2RTDIDHuAgjyxQgOb8oqArNJKX1A56x
I/MotoNetwCtrlr.MotoWifiHndlr( 1449): handleMessage: Entered msg.what=1
I/MotoNetwCtrlr.MotorolaWifiSignalController( 1449): isDirty: returns true
I/MotoNetwCtrlr.MotorolaWifiSignalController( 1449): notifyListeners: calling SB [0] setWifiIndicators (Motorola api): UseMotoUI=true Vis=true SBSig=0x7f02014c=stat_sys_wifi_signal_4_fully SBAct=0x7f020503=zz_moto_stat_sys_wifi_inout_fully_wide DescSig="Wifi signal full." DescAct="wifi in and out" NetName=""MSFTOPEN""
I/MotoNetwCtrlr.MotorolaWifiSignalController( 1449): notifyListeners: calling SB [1] setWifiIndicators (Motorola api): UseMotoUI=true Vis=true SBSig=0x7f02014c=stat_sys_wifi_signal_4_fully SBAct=0x7f020503=zz_moto_stat_sys_wifi_inout_fully_wide DescSig="Wifi signal full." DescAct="wifi in and out" NetName=""MSFTOPEN""
I/MotoNetwCtrlr.MotorolaWifiSignalController( 1449): notifyListeners: calling SB [2] setWifiIndicators (Motorola api): UseMotoUI=true Vis=true SBSig=0x7f02014c=stat_sys_wifi_signal_4_fully SBAct=0x7f020503=zz_moto_stat_sys_wifi_inout_fully_wide DescSig="Wifi signal full." DescAct="wifi in and out" NetName=""MSFTOPEN""
I/MotoNetwCtrlr.MotoWifiHndlr( 1449): handleMessage: Completed
D/FileTransfer(25779): Saved file: file:///data/data/io.cordova.myappba547e/files/codepush/download/update.zip
I/chromium(25779): [INFO:CONSOLE(37)] "[CodePush] Package download success: {"deploymentKey":"phmk3lC8PB3e0QadDS_B6Aoq9FFjNJKX1A56x","description":"","label":"v15","appVersion":"1.0.0","isMandatory":false,"packageHash":"187ca7403c7c9329225a28cc5297127515b60587de7ae376610aace59e0d4fa0","isFirstRun":false,"failedInstall":false,"localPath":"cdvfile://localhost/files/codepush/download/update.zip"}", source: file:///data/data/io.cordova.myappba547e/files/codepush/deploy/versions/c8f48d9aa149ec11c7f17a7ebaa62dd8b2b0156322fc4b7090a074c05ba22772/www/plugins/cordova-plugin-code-push/bin/www/codePushUtil.js (37)
I/chromium(25779): [INFO:CONSOLE(37)] "[CodePush] Installing update", source: file:///data/data/io.cordova.myappba547e/files/codepush/deploy/versions/c8f48d9aa149ec11c7f17a7ebaa62dd8b2b0156322fc4b7090a074c05ba22772/www/plugins/cordova-plugin-code-push/bin/www/codePushUtil.js (37)
W/Zip     (25779): extracting: /data/data/io.cordova.myappba547e/files/codepush/download/unzipped/hotcodepush.json
W/Zip     (25779): extracting: /data/data/io.cordova.myappba547e/files/codepush/download/unzipped/www/index.html
D/TEST    (25779): cdvfile://localhost/files/codepush/currentPackage.json: 391
I/chromium(25779): [INFO:CONSOLE(37)] "[CodePush] Install succeeded.", source: file:///data/data/io.cordova.myappba547e/files/codepush/deploy/versions/c8f48d9aa149ec11c7f17a7ebaa62dd8b2b0156322fc4b7090a074c05ba22772/www/plugins/cordova-plugin-code-push/bin/www/codePushUtil.js (37)
I/chromium(25779): [INFO:CONSOLE(37)] "[CodePush] Update is installed and will be run when the app next resumes.", source: file:///data/data/io.cordova.myappba547e/files/codepush/deploy/versions/c8f48d9aa149ec11c7f17a7ebaa62dd8b2b0156322fc4b7090a074c05ba22772/www/plugins/cordova-plugin-code-push/bin/www/codePushUtil.js (37)
I/MotoNetwCtrlr.MotoNetwCtrlrImpl.MotorolaMobileSignalController( 1 ) ( 1449): MotorolaMobilePhoneStateListener.onSignalStrengthsChanged: Entered: signalStrength=SignalStrength: 99 0 -68 -70 -120 -1 -1 18 -103 -6 152 2147483647 2147483647 cdma 0 -108 -1 false 0 0 5 0 3 16 99 99 5 0 level=3
D/ConnectivityManager( 1449): getMobileDataEnabled()+ subId=1
D/PhoneInterfaceManager( 1800): [PhoneIntfMgr] getDataEnabled: subId=1 phoneId=0
D/PhoneInterfaceManager( 1800): [PhoneIntfMgr] getDataEnabled: subId=1 retVal=true
D/ConnectivityManager( 1449): getMobileDataEnabled()- subId=1 retVal=true
I/MotoNetwCtrlr.MotoNetwCtrlrImpl.MotorolaMobileSignalController( 1 ) ( 1449): isDirty: returns true
I/MotoNetwCtrlr.MotoNetwCtrlrImpl.MotorolaMobileSignalController( 1 ) ( 1449): notifyListeners: calling SB [0] setMobileDataIndicators (Motorola api): mobileUseMotoUI=true mobileEnabled=true mobileSimIconId=( none ) mobileSignalIconId=0x7f0204ab=zz_moto_stat_sys_signal_4_of_5_fully_separated_wide mobileRoamingIconId=( none ) mobileDataTypeIconId=0x7f0203ea=zz_moto_stat_sys_data_suspended_4g_lte_wide mobileDataActivityIconId=0x7f020337=zz_moto_stat_sys_data_activity_empty_wide mobileCarrierDescription="Verizon Wireless" mobileSimDescription="" mobileSignalContentDescription="phone signal four bars" mobileRoamingDescription="" mobileDataTypeContentDescription="4 G L T E" mobileDataActivityContentDescription="mobile suspended for wifi" mobileIsRoaming=false isDataTypeIconWide=true mobileIsBidiDirectionEnabled=true mobileSubId=1
I/MotoNetwCtrlr.MotoNetwCtrlrImpl.MotorolaMobileSignalController( 1 ) ( 1449): notifyListeners: calling SB [1] setMobileDataIndicators (Motorola api): mobileUseMotoUI=true mobileEnabled=true mobileSimIconId=( none ) mobileSignalIconId=0x7f0204ab=zz_moto_stat_sys_signal_4_of_5_fully_separated_wide mobileRoamingIconId=( none ) mobileDataTypeIconId=0x7f0203ea=zz_moto_stat_sys_data_suspended_4g_lte_wide mobileDataActivityIconId=0x7f020337=zz_moto_stat_sys_data_activity_empty_wide mobileCarrierDescription="Verizon Wireless" mobileSimDescription="" mobileSignalContentDescription="phone signal four bars" mobileRoamingDescription="" mobileDataTypeContentDescription="4 G L T E" mobileDataActivityContentDescription="mobile suspended for wifi" mobileIsRoaming=false isDataTypeIconWide=true mobileIsBidiDirectionEnabled=true mobileSubId=1
I/MotoNetwCtrlr.MotoNetwCtrlrImpl.MotorolaMobileSignalController( 1 ) ( 1449): notifyListeners: calling SB [2] setMobileDataIndicators (Motorola api): mobileUseMotoUI=true mobileEnabled=true mobileSimIconId=( none ) mobileSignalIconId=0x7f0204ab=zz_moto_stat_sys_signal_4_of_5_fully_separated_wide mobileRoamingIconId=( none ) mobileDataTypeIconId=0x7f0203ea=zz_moto_stat_sys_data_suspended_4g_lte_wide mobileDataActivityIconId=0x7f020337=zz_moto_stat_sys_data_activity_empty_wide mobileCarrierDescription="Verizon Wireless" mobileSimDescription="" mobileSignalContentDescription="phone signal four bars" mobileRoamingDescription="" mobileDataTypeContentDescription="4 G L T E" mobileDataActivityContentDescription="mobile suspended for wifi" mobileIsRoaming=false isDataTypeIconWide=true mobileIsBidiDirectionEnabled=true mobileSubId=1
I/MotoNetwCtrlr.MotoNetwCtrlrImpl.MotorolaMobileSignalController( 1 ) ( 1449): MotorolaMobilePhoneStateListener.onSignalStrengthsChanged: completed: level=3
I/ActivityManager(  978): START u0 {act=android.intent.action.MAIN cat=[android.intent.category.HOME] flg=0x10200000 cmp=com.google.android.googlequicksearchbox/com.google.android.launcher.GEL} from uid 1000 on display 0
I/SFPerfTracer(  349):      triggers: (rate: 10627:469548) (compose: 0:43) (post: 0:39) (render: 0:1505) (113:4125855 frames) (114:4389887)
D/SFPerfTracer(  349):        layers: (3:11) (FocusedStackFrame (0xb74d6218): 0:13657)* (DimLayer (0xb74ef550): 0:45)* (DimLayer (0xb74f1a20): 0:25)* (DimLayer (0xb75912f0): 0:9034)* (DimLayer (0xb75939a8): 0:2531)* (StatusBar (0xb753d3f8): 2:334694) (com.android.systemui.ImageWallpaper (0xb7543fa0): 1:16788)* (NavigationBar (0xb75a9958): 8:426) (com.android.systemui/com.android.systemui.recents.RecentsActivity (0xb7572e30): 0:42)- (io.cordova.myappba547e/io.cordova.myappba547e.MainActivity (0xb75401d8): 113:137) (thumbnail anim (0xb759b998): 0:22)- 
I/GEL     (27477): handleIntent(Intent { act=android.intent.action.MAIN cat=[android.intent.category.HOME] flg=0x10600000 cmp=com.google.android.googlequicksearchbox/com.google.android.launcher.GEL })
I/LaunchCheckinHandler(  978): Displayed com.google.android.googlequicksearchbox/com.google.android.launcher.GEL,wp,wa,165
I/Keyboard.Facilitator( 1654): onFinishInput()
W/LocationOracle(26138): Best location was null
I/MotoNetwCtrlr.MotoWifiHndlr( 1449): handleMessage: Entered msg.what=1
I/MotoNetwCtrlr.MotorolaWifiSignalController( 1449): isDirty: returns true
I/MotoNetwCtrlr.MotorolaWifiSignalController( 1449): notifyListeners: calling SB [0] setWifiIndicators (Motorola api): UseMotoUI=true Vis=true SBSig=0x7f02014c=stat_sys_wifi_signal_4_fully SBAct=0x7f0204fb=zz_moto_stat_sys_wifi_idle_fully_wide DescSig="Wifi signal full." DescAct="wifi idle" NetName=""MSFTOPEN""
I/MotoNetwCtrlr.MotorolaWifiSignalController( 1449): notifyListeners: calling SB [1] setWifiIndicators (Motorola api): UseMotoUI=true Vis=true SBSig=0x7f02014c=stat_sys_wifi_signal_4_fully SBAct=0x7f0204fb=zz_moto_stat_sys_wifi_idle_fully_wide DescSig="Wifi signal full." DescAct="wifi idle" NetName=""MSFTOPEN""
I/MotoNetwCtrlr.MotorolaWifiSignalController( 1449): notifyListeners: calling SB [2] setWifiIndicators (Motorola api): UseMotoUI=true Vis=true SBSig=0x7f02014c=stat_sys_wifi_signal_4_fully SBAct=0x7f0204fb=zz_moto_stat_sys_wifi_idle_fully_wide DescSig="Wifi signal full." DescAct="wifi idle" NetName=""MSFTOPEN""
I/MotoNetwCtrlr.MotoWifiHndlr( 1449): handleMessage: Completed
W/LocationOracle(26138): Best location was null
I/MicroDetectionWorker(26138): Micro detection mode: [mDetectionMode: [1]].
I/NativeCrashHandler(26138): Loaded shared library: nativecrashreporter
I/MicroRecognitionRunner(26138): Starting detection.
I/MicrophoneInputStream(26138): mic_starting com.google.android.apps.gsa.speech.audio.ae@8921c71
I/AudioFlinger(  424): AudioFlinger's thread 0xb836bb60 ready to run
I/MicrophoneInputStream(26138): mic_started com.google.android.apps.gsa.speech.audio.ae@8921c71
D/audio_hw_primary(  424): select_devices: out_snd_device(0: none) in_snd_device(56: voice-rec-mic)
D/msm8974_platform(  424): platform_send_audio_calibration: sending audio calibration for snd_device(56) acdb_id(61)
E/ACDB-LOADER(  424): Error: ACDB AudProc vol returned = -19
D/audio_hw_primary(  424): enable_snd_device: snd_device(56: voice-rec-mic)
D/audio_hw_primary(  424): enable_audio_route: apply and update mixer path: audio-record
W/NowCardsDexResources(26138): canvas jar not available
D/WearableService( 2702): callingUid 10034, callindPid: 2702
I/MicroDetectionWorker(26138): onReady
E/CardSyncManagerImpl(26138): onConnectionFailed: ConnectionResult{statusCode=API_UNAVAILABLE, resolution=null, message=null}
E/CardSyncManagerImpl(26138): Failed to connect to GoogleApiClient: null
I/ActivityManager(  978): Start proc 26602:com.android.providers.calendar/u0a48 for content provider com.android.providers.calendar/.CalendarProvider2
I/SFPerfTracer(  349):      triggers: (rate: 0:81) (8195140 sw vsyncs) (0 skipped) (181:5225340 vsyncs) (183:13777808)
W/OpenGLRenderer(27477): Incorrectly called buildLayer on View: ShortcutAndWidgetContainer, destroying layer...
I/MotoNetwCtrlr( 1449): onReceive: Received intent=Intent { act=android.net.wifi.RSSI_CHANGED flg=0x4000010 (has extras) } Action=android.net.wifi.RSSI_CHANGED
I/MotoNetwCtrlr.MotoWifiSignalCtrlr( 1449): handleBroadcast: Entered: Intent=Intent { act=android.net.wifi.RSSI_CHANGED flg=0x4000010 (has extras) } Action=android.net.wifi.RSSI_CHANGED
I/MotoNetwCtrlr.MotorolaWifiSignalController( 1449): isDirty: returns false
I/MotoNetwCtrlr.MotoWifiSignalCtrlr( 1449): handleBroadcast: Completed
I/MotoNetwCtrlr( 1449): onReceive: Completed intent=Intent { act=android.net.wifi.RSSI_CHANGED flg=0x4000010 (has extras) } Action=android.net.wifi.RSSI_CHANGED
W/ResourcesManager(26602): Asset path '/system/framework/android.test.runner.jar' does not exist or contains no resources.
I/CalendarProvider2(26602): Created com.android.providers.calendar.CalendarAlarmManager@1e523fb1(com.android.providers.calendar.CalendarProvider2@2c533c96)
I/ActivityManager(  978): START u0 {act=com.android.systemui.recents.SHOW_RECENTS flg=0x10804000 cmp=com.android.systemui/.recents.RecentsActivity} from uid 10005 on display 0
I/art     (  978): Explicit concurrent mark sweep GC freed 31829(1596KB) AllocSpace objects, 4(1944KB) LOS objects, 22% free, 54MB/70MB, paused 1.318ms total 101.746ms
W/ResourceType( 1449): No package identifier when getting value for resource number 0x00000000
W/PackageManager( 1449): Failure retrieving resources for io.cordova.myappba547e: Resource ID #0x0
W/SearchService(26138): Abort, client detached.
I/GrammarCompilationSvcCt(26138): Grammar compilation alarm set for interval 604800000
I/DeviceStateChecker(26138): DeviceStateChecker cancelled
I/MicroDetector(26138): Keeping mic open: false
I/MicrophoneInputStream(26138): mic_close com.google.android.apps.gsa.speech.audio.ae@8921c71
I/LaunchCheckinHandler(  978): Displayed com.android.systemui/.recents.RecentsActivity,wp,wa,187
I/Keyboard.Facilitator( 1654): onFinishInput()
D/audio_hw_primary(  424): disable_audio_route: reset and update mixer path: audio-record
D/audio_hw_primary(  424): disable_snd_device: snd_device(56: voice-rec-mic)
I/MicroRecognitionRunner(26138): Detection finished
I/MicroRecognitionRunner(26138): Stopping hotword detection.
E/LocationReceiver(26138): Received bad location: null
E/LocationReceiver(26138): Received bad location: null
D/TaskStackView( 1449): onTaskViewClicked: task = Task (2642): io.cordova.myappba547e [com.android.systemui.recents.model.Task@81cbfdc] index = 3
V/CODEPUSH(25779): 300
V/CODEPUSH(25779): 1459887712322
V/CODEPUSH(25779): 1459887713937
I/Keyboard.Facilitator( 1654): onFinishInput()
I/CalendarProvider2(26602): Sending notification intent: Intent { act=android.intent.action.PROVIDER_CHANGED dat=content://com.android.calendar }
W/ContentResolver(26602): Failed to get type for: content://com.android.calendar (Unknown URL content://com.android.calendar)
I/SFPerfTracer(  349):      triggers: (rate: 10627:469548) (compose: 0:43) (post: 0:39) (render: 0:1505) (12:4125946 frames) (13:4389998)
D/SFPerfTracer(  349):        layers: (5:13) (FocusedStackFrame (0xb74d6218): 0:13661)* (DimLayer (0xb74ef550): 0:45)* (DimLayer (0xb74f1a20): 0:25)* (DimLayer (0xb75912f0): 0:9034)* (DimLayer (0xb75939a8): 0:2531)* (StatusBar (0xb753d3f8): 0:334695) (com.android.systemui.ImageWallpaper (0xb7543fa0): 0:16789) (NavigationBar (0xb75a9958): 0:487) (io.cordova.myappba547e/io.cordova.myappba547e.MainActivity (0xb75401d8): 0:166)- (com.google.android.googlequicksearchbox/com.google.android.launcher.GEL (0xb7572e30): 0:25)- (com.android.systemui/com.android.systemui.recents.RecentsActivity (0xb75401d8): 0:38) (io.cordova.myappba547e/io.cordova.myappba547e.MainActivity (0xb7572e30): 13:22) (thumbnail anim (0xb759b998): 13:20)* 
I/ActivityManager(  978): Start proc 26629:com.google.android.calendar/u0a85 for broadcast com.google.android.calendar/com.android.calendar.alerts.AlertReceiver
I/MotoNetwCtrlr.MotoNetwCtrlrImpl.MotorolaMobileSignalController( 1 ) ( 1449): MotorolaMobilePhoneStateListener.onSignalStrengthsChanged: Entered: signalStrength=SignalStrength: 99 0 -67 -70 -120 -1 -1 21 -94 -4 190 2147483647 2147483647 cdma 0 -108 -1 false 0 0 5 0 4 16 99 99 5 0 level=4
D/ConnectivityManager( 1449): getMobileDataEnabled()+ subId=1
D/PhoneInterfaceManager( 1800): [PhoneIntfMgr] getDataEnabled: subId=1 phoneId=0
D/PhoneInterfaceManager( 1800): [PhoneIntfMgr] getDataEnabled: subId=1 retVal=true
D/ConnectivityManager( 1449): getMobileDataEnabled()- subId=1 retVal=true
I/MotoNetwCtrlr.MotoNetwCtrlrImpl.MotorolaMobileSignalController( 1 ) ( 1449): isDirty: returns true
I/MotoNetwCtrlr.MotoNetwCtrlrImpl.MotorolaMobileSignalController( 1 ) ( 1449): notifyListeners: calling SB [0] setMobileDataIndicators (Motorola api): mobileUseMotoUI=true mobileEnabled=true mobileSimIconId=( none ) mobileSignalIconId=0x7f0204ab=zz_moto_stat_sys_signal_4_of_5_fully_separated_wide mobileRoamingIconId=( none ) mobileDataTypeIconId=0x7f0203ea=zz_moto_stat_sys_data_suspended_4g_lte_wide mobileDataActivityIconId=0x7f020337=zz_moto_stat_sys_data_activity_empty_wide mobileCarrierDescription="Verizon Wireless" mobileSimDescription="" mobileSignalContentDescription="phone signal four bars" mobileRoamingDescription="" mobileDataTypeContentDescription="4 G L T E" mobileDataActivityContentDescription="mobile suspended for wifi" mobileIsRoaming=false isDataTypeIconWide=true mobileIsBidiDirectionEnabled=true mobileSubId=1
I/MotoNetwCtrlr.MotoNetwCtrlrImpl.MotorolaMobileSignalController( 1 ) ( 1449): notifyListeners: calling SB [1] setMobileDataIndicators (Motorola api): mobileUseMotoUI=true mobileEnabled=true mobileSimIconId=( none ) mobileSignalIconId=0x7f0204ab=zz_moto_stat_sys_signal_4_of_5_fully_separated_wide mobileRoamingIconId=( none ) mobileDataTypeIconId=0x7f0203ea=zz_moto_stat_sys_data_suspended_4g_lte_wide mobileDataActivityIconId=0x7f020337=zz_moto_stat_sys_data_activity_empty_wide mobileCarrierDescription="Verizon Wireless" mobileSimDescription="" mobileSignalContentDescription="phone signal four bars" mobileRoamingDescription="" mobileDataTypeContentDescription="4 G L T E" mobileDataActivityContentDescription="mobile suspended for wifi" mobileIsRoaming=false isDataTypeIconWide=true mobileIsBidiDirectionEnabled=true mobileSubId=1
I/MotoNetwCtrlr.MotoNetwCtrlrImpl.MotorolaMobileSignalController( 1 ) ( 1449): notifyListeners: calling SB [2] setMobileDataIndicators (Motorola api): mobileUseMotoUI=true mobileEnabled=true mobileSimIconId=( none ) mobileSignalIconId=0x7f0204ab=zz_moto_stat_sys_signal_4_of_5_fully_separated_wide mobileRoamingIconId=( none ) mobileDataTypeIconId=0x7f0203ea=zz_moto_stat_sys_data_suspended_4g_lte_wide mobileDataActivityIconId=0x7f020337=zz_moto_stat_sys_data_activity_empty_wide mobileCarrierDescription="Verizon Wireless" mobileSimDescription="" mobileSignalContentDescription="phone signal four bars" mobileRoamingDescription="" mobileDataTypeContentDescription="4 G L T E" mobileDataActivityContentDescription="mobile suspended for wifi" mobileIsRoaming=false isDataTypeIconWide=true mobileIsBidiDirectionEnabled=true mobileSubId=1
I/MotoNetwCtrlr.MotoNetwCtrlrImpl.MotorolaMobileSignalController( 1 ) ( 1449): MotorolaMobilePhoneStateListener.onSignalStrengthsChanged: completed: level=4
E/SQLiteLog(26629): (283) recovered 30 frames from WAL file /data/data/com.google.android.calendar/databases/timelydata.db-wal
I/ThermalEngine(  432): Sensor:chg_therm:32000 mC
I/AnalyticsLogBase(26629): PlayLogger.onLoggerConnected
I/AnalyticsLogBase(26629): PlayLogger.onLoggerConnected
W/CardSyncManagerImpl(26138): Too many retries to wait for connected Wear devices.
D/ClClient( 6536): Not sending keepalive.  Current connection state=STOPPED
I/Keyboard.Facilitator( 1654): onFinishInput()
I/MicroDetectionWorker(26138): Micro detection mode: [mDetectionMode: [1]].
I/MicroRecognitionRunner(26138): Starting detection.
I/MicrophoneInputStream(26138): mic_starting com.google.android.apps.gsa.speech.audio.ae@153ad54
I/AudioFlinger(  424): AudioFlinger's thread 0xb836bb60 ready to run
I/MicrophoneInputStream(26138): mic_started com.google.android.apps.gsa.speech.audio.ae@153ad54
D/audio_hw_primary(  424): select_devices: out_snd_device(0: none) in_snd_device(56: voice-rec-mic)
D/msm8974_platform(  424): platform_send_audio_calibration: sending audio calibration for snd_device(56) acdb_id(61)
E/ACDB-LOADER(  424): Error: ACDB AudProc vol returned = -19
D/audio_hw_primary(  424): enable_snd_device: snd_device(56: voice-rec-mic)
D/audio_hw_primary(  424): enable_audio_route: apply and update mixer path: audio-record
I/MicroDetectionWorker(26138): onReady
W/cr_AwContents(25779): WebView.destroy() called while WebView is still attached to window.
I/MotoNetwCtrlr( 1449): onReceive: Received intent=Intent { act=android.net.wifi.RSSI_CHANGED flg=0x4000010 (has extras) } Action=android.net.wifi.RSSI_CHANGED
I/MotoNetwCtrlr.MotoWifiSignalCtrlr( 1449): handleBroadcast: Entered: Intent=Intent { act=android.net.wifi.RSSI_CHANGED flg=0x4000010 (has extras) } Action=android.net.wifi.RSSI_CHANGED
I/MotoNetwCtrlr.MotorolaWifiSignalController( 1449): isDirty: returns false
I/MotoNetwCtrlr.MotoWifiSignalCtrlr( 1449): handleBroadcast: Completed
I/MotoNetwCtrlr( 1449): onReceive: Completed intent=Intent { act=android.net.wifi.RSSI_CHANGED flg=0x4000010 (has extras) } Action=android.net.wifi.RSSI_CHANGED
V/WindowManager(  978): removeAppToken make exiting: AppWindowToken{23d89e1 token=Token{2de99748 ActivityRecord{a876deb u0 io.cordova.myappba547e/.MainActivity t2642}}}
I/SFPerfTracer(  349):      triggers: (rate: 10627:469548) (compose: 0:43) (post: 0:39) (render: 0:1505) (11:4126045 frames) (12:4390104)
D/SFPerfTracer(  349):        layers: (4:12) (FocusedStackFrame (0xb74d6218): 0:13663)* (DimLayer (0xb74ef550): 0:45)* (DimLayer (0xb74f1a20): 0:25)* (DimLayer (0xb75912f0): 0:9034)* (DimLayer (0xb75939a8): 0:2531)* (StatusBar (0xb753d3f8): 0:334696) (com.android.systemui.ImageWallpaper (0xb7543fa0): 0:16791) (NavigationBar (0xb75a9958): 9:521) (com.android.systemui/com.android.systemui.recents.RecentsActivity (0xb75401d8): 0:38)- (io.cordova.myappba547e/io.cordova.myappba547e.MainActivity (0xb7572e30): 11:126)* (thumbnail anim (0xb759b998): 0:21)- (com.google.android.googlequicksearchbox/com.google.android.launcher.GEL (0xb75401d8): 0:4) 
W/OpenGLRenderer(27477): Incorrectly called buildLayer on View: ShortcutAndWidgetContainer, destroying layer...
I/SFPerfTracer(  349):      triggers: (rate: 0:81) (8195140 sw vsyncs) (0 skipped) (133:5225522 vsyncs) (135:13777995)
W/OpenGLRenderer(27477): Incorrectly called buildLayer on View: ShortcutAndWidgetContainer, destroying layer...
W/ResourceType( 1449): No package identifier when getting value for resource number 0x00000000
W/PackageManager( 1449): Failure retrieving resources for io.cordova.myappba547e: Resource ID #0x0
I/ActivityManager(  978): START u0 {act=com.android.systemui.recents.SHOW_RECENTS flg=0x10804000 cmp=com.android.systemui/.recents.RecentsActivity} from uid 10005 on display 0
W/SearchService(26138): Abort, client detached.
I/MicroDetector(26138): Keeping mic open: false
I/MicrophoneInputStream(26138): mic_close com.google.android.apps.gsa.speech.audio.ae@153ad54
I/DeviceStateChecker(26138): DeviceStateChecker cancelled
V/AlarmManager(  978): sending alarm {2c453cbc type 2 *walarm*:com.google.android.gms.gcm.ACTION_CHECK_QUEUE}
I/LaunchCheckinHandler(  978): Displayed com.android.systemui/.recents.RecentsActivity,wp,wa,98
I/Keyboard.Facilitator( 1654): onFinishInput()
D/audio_hw_primary(  424): disable_audio_route: reset and update mixer path: audio-record
D/audio_hw_primary(  424): disable_snd_device: snd_device(56: voice-rec-mic)
I/MicroRecognitionRunner(26138): Detection finished
I/MicroRecognitionRunner(26138): Stopping hotword detection.
V/AlarmManager(  978): done {2c453cbc, *walarm*:com.google.android.gms.gcm.ACTION_CHECK_QUEUE} [95ms]
I/ActivityManager(  978): Killing 26274:org.mozilla.firefox/u0a143 (adj 15): empty #13
I/art     ( 2702): Explicit concurrent mark sweep GC freed 37868(2MB) AllocSpace objects, 33(528KB) LOS objects, 33% free, 31MB/47MB, paused 1.155ms total 113.098ms
D/TaskStackView( 1449): onTaskViewClicked: task = Task (2642): io.cordova.myappba547e [com.android.systemui.recents.model.Task@3d82b85b] index = 3
I/ActivityManager(  978): START u0 {act=android.intent.action.MAIN flg=0x10100000 cmp=io.cordova.myappba547e/.MainActivity} from uid 2000 on display 0
V/WindowManager(  978): addAppToken: AppWindowToken{ab3a63f token=Token{147b125e ActivityRecord{34d02f99 u0 io.cordova.myappba547e/.MainActivity t2642}}} to stack=1 task=2642 at 0
D/cr_Ime  (25779): [InputMethodManagerWrapper.java:27] Constructor
W/cr_AwContents(25779): onDetachedFromWindow called when already detached. Ignoring
D/cr_Ime  (25779): [InputMethodManagerWrapper.java:56] isActive: false
D/SystemWebViewEngine(25779): CordovaWebView is running on device made by: motorola
V/WindowManager(  978): Adding window Window{3d9ebf8 u0 io.cordova.myappba547e/io.cordova.myappba547e.MainActivity} at 4 of 12 (after Window{3ab4e65 u0 com.google.android.gm/com.google.android.gm.ConversationListActivityGmail})
W/cr_BindingManager(25779): Cannot call determinedVisibility() - never saw a connection for the pid: 25779
I/Keyboard.Facilitator( 1654): onFinishInput()
I/LaunchCheckinHandler(  978): Displayed io.cordova.myappba547e/.MainActivity,wp,ca,122
I/ActivityManager(  978): Displayed io.cordova.myappba547e/.MainActivity: +122ms
W/cr_BindingManager(25779): Cannot call determinedVisibility() - never saw a connection for the pid: 25779
D/JsMessageQueue(25779): Set native->JS mode to OnlineEventsBridgeMode
I/MotoNetwCtrlr.MotoWifiHndlr( 1449): handleMessage: Entered msg.what=1
I/MotoNetwCtrlr.MotorolaWifiSignalController( 1449): isDirty: returns true
I/MotoNetwCtrlr.MotorolaWifiSignalController( 1449): notifyListeners: calling SB [0] setWifiIndicators (Motorola api): UseMotoUI=true Vis=true SBSig=0x7f02014c=stat_sys_wifi_signal_4_fully SBAct=0x7f020503=zz_moto_stat_sys_wifi_inout_fully_wide DescSig="Wifi signal full." DescAct="wifi in and out" NetName=""MSFTOPEN""
I/MotoNetwCtrlr.MotorolaWifiSignalController( 1449): notifyListeners: calling SB [1] setWifiIndicators (Motorola api): UseMotoUI=true Vis=true SBSig=0x7f02014c=stat_sys_wifi_signal_4_fully SBAct=0x7f020503=zz_moto_stat_sys_wifi_inout_fully_wide DescSig="Wifi signal full." DescAct="wifi in and out" NetName=""MSFTOPEN""
I/MotoNetwCtrlr.MotorolaWifiSignalController( 1449): notifyListeners: calling SB [2] setWifiIndicators (Motorola api): UseMotoUI=true Vis=true SBSig=0x7f02014c=stat_sys_wifi_signal_4_fully SBAct=0x7f020503=zz_moto_stat_sys_wifi_inout_fully_wide DescSig="Wifi signal full." DescAct="wifi in and out" NetName=""MSFTOPEN""
I/MotoNetwCtrlr.MotoWifiHndlr( 1449): handleMessage: Completed
I/chromium(25779): [INFO:CONSOLE(37)] "[CodePush] CODEPUSH 300", source: file:///data/data/io.cordova.myappba547e/files/codepush/deploy/versions/187ca7403c7c9329225a28cc5297127515b60587de7ae376610aace59e0d4fa0/www/plugins/cordova-plugin-code-push/bin/www/codePushUtil.js (37)
I/chromium(25779): [INFO:CONSOLE(37)] "[CodePush] CODEPUSH 300", source: file:///data/data/io.cordova.myappba547e/files/codepush/deploy/versions/187ca7403c7c9329225a28cc5297127515b60587de7ae376610aace59e0d4fa0/www/plugins/cordova-plugin-code-push/bin/www/codePushUtil.js (37)
