D/BatteryService(  978): uevent={POWER_SUPPLY_TEMP=325, POWER_SUPPLY_STATUS=Discharging, POWER_SUPPLY_CAPACITY=96, ACTION=change, DEVPATH=/devices/qpnp-charger-ed22e400/power_supply/battery, POWER_SUPPLY_VOLTAGE_OCV=-22, POWER_SUPPLY_ONLINE=1, SUBSYSTEM=power_supply, POWER_SUPPLY_NUM_SYSTEM_TEMP_LEVELS=17, POWER_SUPPLY_INPUT_CURRENT_MAX=100000, POWER_SUPPLY_VOLTAGE_MAX_DESIGN=4350000, POWER_SUPPLY_CHARGE_FULL=2270000, POWER_SUPPLY_NAME=battery, POWER_SUPPLY_VOLTAGE_MIN_DESIGN=4300000, POWER_SUPPLY_VOLTAGE_MIN=4300000, POWER_SUPPLY_HEALTH=Good, POWER_SUPPLY_CYCLE_COUNT=34, POWER_SUPPLY_TECHNOLOGY=Li-ion, POWER_SUPPLY_CHARGE_TYPE=N/A, POWER_SUPPLY_PRESENT=1, POWER_SUPPLY_INPUT_CURRENT_SETTLED=0, POWER_SUPPLY_MODEL_NAME=EY30-LG, POWER_SUPPLY_VOLTAGE_NOW=4054667, SEQNUM=52260, POWER_SUPPLY_TEMP_WARM=450, POWER_SUPPLY_TEMP_COOL=0, POWER_SUPPLY_CHARGE_FULL_DESIGN=2281000, POWER_SUPPLY_CURRENT_NOW=562487, POWER_SUPPLY_CHARGE_COUNTER=89221, POWER_SUPPLY_SYSTEM_TEMP_LEVEL=0, POWER_SUPPLY_INPUT_CURRENT_TRIM=33, POWER_SUPPLY_VOLTAGE_EMPTY=3000000, POWER_SUPPLY_CHARGE_RATE=Normal, POWER_SUPPLY_INPUT_VOLTAGE_REGULATION=1, POWER_SUPPLY_CHARGING_ENABLED=1}
I/EntropyMixer(  978): Writing entropy...
D/BatteryService(  978): uevent={POWER_SUPPLY_TEMP=325, POWER_SUPPLY_STATUS=Discharging, POWER_SUPPLY_CAPACITY=96, ACTION=change, DEVPATH=/devices/qpnp-charger-ed22e400/power_supply/battery, POWER_SUPPLY_VOLTAGE_OCV=-22, POWER_SUPPLY_ONLINE=1, SUBSYSTEM=power_supply, POWER_SUPPLY_NUM_SYSTEM_TEMP_LEVELS=17, POWER_SUPPLY_INPUT_CURRENT_MAX=500000, POWER_SUPPLY_VOLTAGE_MAX_DESIGN=4350000, POWER_SUPPLY_CHARGE_FULL=2270000, POWER_SUPPLY_NAME=battery, POWER_SUPPLY_VOLTAGE_MIN_DESIGN=4300000, POWER_SUPPLY_VOLTAGE_MIN=4300000, POWER_SUPPLY_HEALTH=Good, POWER_SUPPLY_CYCLE_COUNT=34, POWER_SUPPLY_TECHNOLOGY=Li-ion, POWER_SUPPLY_CHARGE_TYPE=N/A, POWER_SUPPLY_PRESENT=1, POWER_SUPPLY_INPUT_CURRENT_SETTLED=0, POWER_SUPPLY_MODEL_NAME=EY30-LG, POWER_SUPPLY_VOLTAGE_NOW=4151529, SEQNUM=52262, POWER_SUPPLY_TEMP_WARM=450, POWER_SUPPLY_TEMP_COOL=0, POWER_SUPPLY_CHARGE_FULL_DESIGN=2281000, POWER_SUPPLY_CURRENT_NOW=186459, POWER_SUPPLY_CHARGE_COUNTER=89272, POWER_SUPPLY_SYSTEM_TEMP_LEVEL=0, POWER_SUPPLY_INPUT_CURRENT_TRIM=33, POWER_SUPPLY_VOLTAGE_EMPTY=3000000, POWER_SUPPLY_CHARGE_RATE=Normal, POWER_SUPPLY_INPUT_VOLTAGE_REGULATION=0, POWER_SUPPLY_CHARGING_ENABLED=1}
W/ActivityManager(  978): getRunningAppProcesses: caller 10163 does not hold REAL_GET_TASKS; limiting output
I/SFPerfTracer(  349):      triggers: (rate: 10625:469257) (compose: 0:43) (post: 0:39) (render: 0:1502) (120:4112188 frames) (121:4375492)
D/SFPerfTracer(  349):        layers: (3:10) (FocusedStackFrame (0xb74d6218): 0:13472)* (DimLayer (0xb74ef550): 0:45)* (DimLayer (0xb74f1a20): 0:25)* (DimLayer (0xb75912f0): 0:9034)* (DimLayer (0xb75939a8): 0:2516)* (StatusBar (0xb753d3f8): 121:333819) (com.android.systemui.ImageWallpaper (0xb7543fa0): 0:16667) (com.google.android.googlequicksearchbox/com.google.android.launcher.GEL (0xb75a2478): 0:36)* (ColorFade (0xb75401d8): 0:31)- (NavigationBar (0xb75401d8): 15:18) 
W/BroadcastQueue(  978): Permission Denial: broadcasting Intent { act=com.motorola.cce.Actions.CCE_SEND_SETTINGS flg=0x10 (has extras) } from com.motorola.genie (pid=21775, uid=10020) is not exported from uid 10008 due to receiver com.motorola.ccc.checkin/com.motorola.blur.service.blur.SharedSettingsReceiver
W/BroadcastQueue(  978): Permission Denial: broadcasting Intent { act=com.motorola.cce.Actions.CCE_SEND_SETTINGS flg=0x10 (has extras) } from com.motorola.genie (pid=21775, uid=10020) is not exported from uid 10008 due to receiver com.motorola.ccc.notification/com.motorola.blur.service.blur.SharedSettingsReceiver
W/BroadcastQueue(  978): Permission Denial: broadcasting Intent { act=com.motorola.cce.Actions.CCE_SEND_SETTINGS flg=0x10 (has extras) } from com.motorola.genie (pid=21775, uid=10020) is not exported from uid 10061 due to receiver com.motorola.targetnotif/com.motorola.blur.service.blur.SharedSettingsReceiver
W/BroadcastQueue(  978): Permission Denial: broadcasting Intent { act=com.motorola.cce.Actions.CCE_SEND_SETTINGS flg=0x10 (has extras) } from com.motorola.genie (pid=21775, uid=10020) is not exported from uid 10019 due to receiver com.motorola.MotGallery2/com.motorola.blur.service.blur.SharedSettingsReceiver
I/ActivityManager(  978): Start proc 22022:com.motorola.localwipe.policy/u0a25 for broadcast com.motorola.localwipe.policy/.LocalWipeDeviceAdminReceiver
V/AlarmManager(  978): sending alarm {13469c72 type 2 *walarm*:com.google.android.gms.gcm.HEARTBEAT_ALARM}
V/AlarmManager(  978): done {13469c72, *walarm*:com.google.android.gms.gcm.HEARTBEAT_ALARM} [4ms]
D/BatteryService(  978): uevent={POWER_SUPPLY_TEMP=325, POWER_SUPPLY_STATUS=Charging, POWER_SUPPLY_CAPACITY=96, ACTION=change, DEVPATH=/devices/qpnp-charger-ed22e400/power_supply/battery, POWER_SUPPLY_VOLTAGE_OCV=-22, POWER_SUPPLY_ONLINE=1, SUBSYSTEM=power_supply, POWER_SUPPLY_NUM_SYSTEM_TEMP_LEVELS=17, POWER_SUPPLY_INPUT_CURRENT_MAX=500000, POWER_SUPPLY_VOLTAGE_MAX_DESIGN=4350000, POWER_SUPPLY_CHARGE_FULL=2270000, POWER_SUPPLY_NAME=battery, POWER_SUPPLY_VOLTAGE_MIN_DESIGN=4300000, POWER_SUPPLY_VOLTAGE_MIN=4300000, POWER_SUPPLY_HEALTH=Good, POWER_SUPPLY_CYCLE_COUNT=34, POWER_SUPPLY_TECHNOLOGY=Li-ion, POWER_SUPPLY_CHARGE_TYPE=Fast, POWER_SUPPLY_PRESENT=1, POWER_SUPPLY_INPUT_CURRENT_SETTLED=0, POWER_SUPPLY_MODEL_NAME=EY30-LG, POWER_SUPPLY_VOLTAGE_NOW=4089852, SEQNUM=52265, POWER_SUPPLY_TEMP_WARM=450, POWER_SUPPLY_TEMP_COOL=0, POWER_SUPPLY_CHARGE_FULL_DESIGN=2281000, POWER_SUPPLY_CURRENT_NOW=522479, POWER_SUPPLY_CHARGE_COUNTER=90279, POWER_SUPPLY_SYSTEM_TEMP_LEVEL=0, POWER_SUPPLY_INPUT_CURRENT_TRIM=33, POWER_SUPPLY_VOLTAGE_EMPTY=3000000, POWER_SUPPLY_CHARGE_RATE=Normal, POWER_SUPPLY_INPUT_VOLTAGE_REGULATION=0, POWER_SUPPLY_CHARGING_ENABLED=1}
D/BatteryService(  978): uevent={POWER_SUPPLY_TEMP=325, POWER_SUPPLY_STATUS=Charging, POWER_SUPPLY_CAPACITY=96, ACTION=change, DEVPATH=/devices/qpnp-charger-ed22e400/power_supply/battery, POWER_SUPPLY_VOLTAGE_OCV=-22, POWER_SUPPLY_ONLINE=1, SUBSYSTEM=power_supply, POWER_SUPPLY_NUM_SYSTEM_TEMP_LEVELS=17, POWER_SUPPLY_INPUT_CURRENT_MAX=500000, POWER_SUPPLY_VOLTAGE_MAX_DESIGN=4350000, POWER_SUPPLY_CHARGE_FULL=2270000, POWER_SUPPLY_NAME=battery, POWER_SUPPLY_VOLTAGE_MIN_DESIGN=4300000, POWER_SUPPLY_VOLTAGE_MIN=4300000, POWER_SUPPLY_HEALTH=Good, POWER_SUPPLY_CYCLE_COUNT=34, POWER_SUPPLY_TECHNOLOGY=Li-ion, POWER_SUPPLY_CHARGE_TYPE=Fast, POWER_SUPPLY_PRESENT=1, POWER_SUPPLY_INPUT_CURRENT_SETTLED=0, POWER_SUPPLY_MODEL_NAME=EY30-LG, POWER_SUPPLY_VOLTAGE_NOW=4212019, SEQNUM=52266, POWER_SUPPLY_TEMP_WARM=450, POWER_SUPPLY_TEMP_COOL=0, POWER_SUPPLY_CHARGE_FULL_DESIGN=2281000, POWER_SUPPLY_CURRENT_NOW=-17415, POWER_SUPPLY_CHARGE_COUNTER=89432, POWER_SUPPLY_SYSTEM_TEMP_LEVEL=0, POWER_SUPPLY_INPUT_CURRENT_TRIM=33, POWER_SUPPLY_VOLTAGE_EMPTY=3000000, POWER_SUPPLY_CHARGE_RATE=Normal, POWER_SUPPLY_INPUT_VOLTAGE_REGULATION=0, POWER_SUPPLY_CHARGING_ENABLED=1}
I/ActivityManager(  978): Killing 20780:com.verizon.messaging.vzmsgs/u0a131 (adj 15): empty #13
D/WifiService(  978): Client connection lost with reason: 4
I/SFPerfTracer(  349):      triggers: (rate: 0:81) (8186346 sw vsyncs) (0 skipped) (105:5210651 vsyncs) (107:13754050)
I/SFPerfTracer(  349):      triggers: (rate: 10625:469259) (compose: 0:43) (post: 0:39) (render: 0:1502) (105:4112341 frames) (106:4375648)
D/SFPerfTracer(  349):        layers: (3:9) (FocusedStackFrame (0xb74d6218): 0:13472)* (DimLayer (0xb74ef550): 0:45)* (DimLayer (0xb74f1a20): 0:25)* (DimLayer (0xb75912f0): 0:9034)* (DimLayer (0xb75939a8): 0:2516)* (StatusBar (0xb753d3f8): 106:333975) (com.android.systemui.ImageWallpaper (0xb7543fa0): 0:16667) (com.google.android.googlequicksearchbox/com.google.android.launcher.GEL (0xb75a2478): 0:36)* (NavigationBar (0xb75401d8): 0:18) 
W/InputMethodManagerService(  978): Window already focused, ignoring focus gain of: com.android.internal.view.IInputMethodClient$Stub$Proxy@28d72fd7 attribute=android.view.inputmethod.EditorInfo@b7d10c4, token = android.os.BinderProxy@4677b69
I/ValidateNoPeople(  978): skipping global notification
I/ValidateNoPeople(  978): skipping global notification
I/BatteryStatsImpl(  978): Resetting battery stats: level=96 status=2 dischargeLevel=96 lowAmount=0 highAmount=0
D/BatteryService(  978): uevent={POWER_SUPPLY_TEMP=326, POWER_SUPPLY_STATUS=Discharging, POWER_SUPPLY_CAPACITY=96, ACTION=change, DEVPATH=/devices/qpnp-charger-ed22e400/power_supply/battery, POWER_SUPPLY_VOLTAGE_OCV=-22, POWER_SUPPLY_ONLINE=1, SUBSYSTEM=power_supply, POWER_SUPPLY_NUM_SYSTEM_TEMP_LEVELS=17, POWER_SUPPLY_INPUT_CURRENT_MAX=500000, POWER_SUPPLY_VOLTAGE_MAX_DESIGN=4350000, POWER_SUPPLY_CHARGE_FULL=2270000, POWER_SUPPLY_NAME=battery, POWER_SUPPLY_VOLTAGE_MIN_DESIGN=4300000, POWER_SUPPLY_VOLTAGE_MIN=4300000, POWER_SUPPLY_HEALTH=Good, POWER_SUPPLY_CYCLE_COUNT=34, POWER_SUPPLY_TECHNOLOGY=Li-ion, POWER_SUPPLY_CHARGE_TYPE=N/A, POWER_SUPPLY_PRESENT=1, POWER_SUPPLY_INPUT_CURRENT_SETTLED=0, POWER_SUPPLY_MODEL_NAME=EY30-LG, POWER_SUPPLY_VOLTAGE_NOW=3958369, SEQNUM=52276, POWER_SUPPLY_TEMP_WARM=450, POWER_SUPPLY_TEMP_COOL=0, POWER_SUPPLY_CHARGE_FULL_DESIGN=2281000, POWER_SUPPLY_CURRENT_NOW=1304074, POWER_SUPPLY_CHARGE_COUNTER=89453, POWER_SUPPLY_SYSTEM_TEMP_LEVEL=0, POWER_SUPPLY_INPUT_CURRENT_TRIM=33, POWER_SUPPLY_VOLTAGE_EMPTY=3000000, POWER_SUPPLY_CHARGE_RATE=Normal, POWER_SUPPLY_INPUT_VOLTAGE_REGULATION=0, POWER_SUPPLY_CHARGING_ENABLED=1}
I/EntropyMixer(  978): Writing entropy...
D/BatteryService(  978): uevent={POWER_SUPPLY_TEMP=326, POWER_SUPPLY_STATUS=Charging, POWER_SUPPLY_CAPACITY=96, ACTION=change, DEVPATH=/devices/qpnp-charger-ed22e400/power_supply/battery, POWER_SUPPLY_VOLTAGE_OCV=-22, POWER_SUPPLY_ONLINE=1, SUBSYSTEM=power_supply, POWER_SUPPLY_NUM_SYSTEM_TEMP_LEVELS=17, POWER_SUPPLY_INPUT_CURRENT_MAX=500000, POWER_SUPPLY_VOLTAGE_MAX_DESIGN=4350000, POWER_SUPPLY_CHARGE_FULL=2270000, POWER_SUPPLY_NAME=battery, POWER_SUPPLY_VOLTAGE_MIN_DESIGN=4300000, POWER_SUPPLY_VOLTAGE_MIN=4300000, POWER_SUPPLY_HEALTH=Good, POWER_SUPPLY_CYCLE_COUNT=34, POWER_SUPPLY_TECHNOLOGY=Li-ion, POWER_SUPPLY_CHARGE_TYPE=Fast, POWER_SUPPLY_PRESENT=1, POWER_SUPPLY_INPUT_CURRENT_SETTLED=0, POWER_SUPPLY_MODEL_NAME=EY30-LG, POWER_SUPPLY_VOLTAGE_NOW=4076346, SEQNUM=52277, POWER_SUPPLY_TEMP_WARM=450, POWER_SUPPLY_TEMP_COOL=0, POWER_SUPPLY_CHARGE_FULL_DESIGN=2281000, POWER_SUPPLY_CURRENT_NOW=1304074, POWER_SUPPLY_CHARGE_COUNTER=89640, POWER_SUPPLY_SYSTEM_TEMP_LEVEL=0, POWER_SUPPLY_INPUT_CURRENT_TRIM=33, POWER_SUPPLY_VOLTAGE_EMPTY=3000000, POWER_SUPPLY_CHARGE_RATE=Normal, POWER_SUPPLY_INPUT_VOLTAGE_REGULATION=0, POWER_SUPPLY_CHARGING_ENABLED=1}
W/ResourcesManager( 1800): Asset path '/system/framework/com.google.android.media.effects.jar' does not exist or contains no resources.
I/ActivityManager(  978): Start proc 22095:com.google.android.apps.walletnfcrel/u0a7 for broadcast com.google.android.apps.walletnfcrel/com.google.commerce.tapandpay.android.account.RefreshActiveAccountReceiver
W/ResourcesManager(22095): Asset path '/system/framework/com.android.media.remotedisplay.jar' does not exist or contains no resources.
W/ResourcesManager(22095): Asset path '/system/framework/com.android.location.provider.jar' does not exist or contains no resources.
I/ActivityManager(  978): Start proc 22131:com.textra/u0a149 for broadcast com.textra/com.mplus.lib.fa
D/BackupManagerService(  978): Received broadcast Intent { act=android.intent.action.PACKAGE_CHANGED dat=package:com.motorola.genie flg=0x4000010 (has extras) }
V/AlarmManager(  978): sending alarm {31ce5bde type 3 *alarm*:android.intent.action.TIME_TICK}
V/AlarmManager(  978): done {31ce5bde, *alarm*:android.intent.action.TIME_TICK} [37ms]
W/ActivityManager(  978): getRunningAppProcesses: caller 10149 does not hold REAL_GET_TASKS; limiting output
I/ActivityManager(  978): Start proc 22149:com.textra:acra/u0a149 for service com.textra/org.acra.sender.SenderService
W/ActivityManager(  978): getRunningAppProcesses: caller 10149 does not hold REAL_GET_TASKS; limiting output
W/ActivityManager(  978): getRunningAppProcesses: caller 10149 does not hold REAL_GET_TASKS; limiting output
W/ActivityManager(  978): getRunningAppProcesses: caller 10149 does not hold REAL_GET_TASKS; limiting output
I/ActivityManager(  978): Killing 18160:ch.bitspin.timely/u0a144 (adj 15): empty #13
W/ResourcesManager(27477): Asset path '/system/framework/com.google.android.maps.jar' does not exist or contains no resources.
I/ActivityManager(  978): Killing 17877:com.skype.raider/u0a173 (adj 15): empty #13
D/WifiService(  978): Client connection lost with reason: 4
I/ActivityManager(  978): Killing 22022:com.motorola.localwipe.policy/u0a25 (adj 15): empty #13
W/ResourcesManager( 1800): Asset path '/system/framework/com.google.android.media.effects.jar' does not exist or contains no resources.
D/BackupManagerService(  978): Received broadcast Intent { act=android.intent.action.PACKAGE_CHANGED dat=package:com.motorola.genie flg=0x4000010 (has extras) }
W/DropBoxManagerService(  978): Dropping: snet_gcore (92 > 0 bytes)
I/ActivityManager(  978): Waited long enough for: ServiceRecord{2af3ad6d u0 com.motorola.MotGallery2/com.viewdle.media.BackgroundProcessingService}
I/SFPerfTracer(  349):      triggers: (rate: 0:81) (8186346 sw vsyncs) (0 skipped) (0:5210736 vsyncs) (1:13754151)
V/WindowManager(  978): Adding window Window{3bf57f45 u0 SurfaceView} at 8 of 16 (before Window{3cadf142 u0 com.motorola.actions})
V/AlarmManager(  978): sending alarm {18a77481 type 2 *walarm*:android.content.syncmanager.SYNC_ALARM}
V/AlarmManager(  978): done {18a77481, *walarm*:android.content.syncmanager.SYNC_ALARM} [2ms]
V/AlarmManager(  978): sending alarm {194ba6e type 1 *alarm*:ch.bitspin.timely.widget.UPDATE_ACTION}
I/ActivityManager(  978): Start proc 22324:ch.bitspin.timely/u0a144 for broadcast ch.bitspin.timely/.widget.WidgetProvider_
V/AlarmManager(  978): sending alarm {14577874 type 3 *alarm*:com.google.android.gms/.lockbox.LockboxAlarmReceiver}
W/ResourcesManager(22324): Asset path '/system/framework/com.android.media.remotedisplay.jar' does not exist or contains no resources.
W/ResourcesManager(22324): Asset path '/system/framework/com.android.location.provider.jar' does not exist or contains no resources.
V/AlarmManager(  978): done {194ba6e, *alarm*:ch.bitspin.timely.widget.UPDATE_ACTION} [699ms]
V/AlarmManager(  978): done {14577874, *alarm*:com.google.android.gms/.lockbox.LockboxAlarmReceiver} [703ms]
I/ActivityManager(  978): Killing 21775:com.motorola.genie/u0a20 (adj 15): empty #13
V/AlarmManager(  978): sending alarm {3168b28f type 2 *walarm*:com.motorola.slpc.ALARM_MODALITY}
V/AlarmManager(  978): done {3168b28f, *walarm*:com.motorola.slpc.ALARM_MODALITY} [1ms]
I/PowerManagerService(  978): Going to sleep due to screen timeout (uid 1000)...
I/SFPerfTracer(  349):       trigger: frame rate (-51.959%)	(28.825 fps)	(34.692 ms) 	(173 drops)	(177 frames)
I/SFPerfTracer(  349):      triggers: (rate: 10626:469440) (compose: 0:43) (post: 0:39) (render: 0:1502) (177:4112585 frames) (178:4375913)
D/SFPerfTracer(  349):        layers: (5:11) (FocusedStackFrame (0xb74d6218): 0:13472)* (DimLayer (0xb74ef550): 0:45)* (DimLayer (0xb74f1a20): 0:25)* (DimLayer (0xb75912f0): 0:9034)* (DimLayer (0xb75939a8): 0:2516)* (StatusBar (0xb753d3f8): 6:334055) (com.android.systemui.ImageWallpaper (0xb7543fa0): 0:16668) (com.google.android.googlequicksearchbox/com.google.android.launcher.GEL (0xb75a2478): 0:64) (NavigationBar (0xb75401d8): 0:33) ( (0xb75a9958): 0:5)* (SurfaceView (0xb7572e30): 174:177) 
I/SFPerfTracer(  349):      triggers: (rate: 0:81) (8186346 sw vsyncs) (0 skipped) (248:5210987 vsyncs) (250:13754411)
I/ActivityManager(  978): Start proc 22393:com.google.android.deskclock/u0a102 for broadcast com.google.android.deskclock/com.android.alarmclock.DigitalAppWidgetProvider
I/DisplayManagerService(  978): Display device changed: DisplayDeviceInfo{"Built-in Screen": uniqueId="local:0", 1080 x 1920, 60.0 fps, supportedRefreshRates [60.0], density 480, 422.03 x 424.069 dpi, appVsyncOff 7500000, presDeadline 12666667, touch INTERNAL, rotation 0, type BUILT_IN, state OFF, FLAG_DEFAULT_DISPLAY, FLAG_ROTATES_WITH_CONTENT, FLAG_SECURE, FLAG_SUPPORTS_PROTECTED_BUFFERS}
V/ActivityManager(  978): Display changed displayId=0
V/WindowManager(  978): mAppsToBeHidden add Token{1ec86e2 ActivityRecord{33ec53ad u0 com.google.android.googlequicksearchbox/com.google.android.launcher.GEL t1833}}
V/WindowManager(  978): mAppsToBeHidden add Token{1ec86e2 ActivityRecord{33ec53ad u0 com.google.android.googlequicksearchbox/com.google.android.launcher.GEL t1833}}
I/ActivityManager(  978): Killing 20208:com.vzw.hss.myverizon/u0a62 (adj 15): empty #13
I/PowerManagerService(  978): Sleeping (uid 1000)...
V/WindowManager(  978): mAppsToBeHidden add Token{1ec86e2 ActivityRecord{33ec53ad u0 com.google.android.googlequicksearchbox/com.google.android.launcher.GEL t1833}}
V/WindowManager(  978): mAppsToBeHidden add Token{1ec86e2 ActivityRecord{33ec53ad u0 com.google.android.googlequicksearchbox/com.google.android.launcher.GEL t1833}}
V/WindowManager(  978): mAppsToBeHidden add Token{1ec86e2 ActivityRecord{33ec53ad u0 com.google.android.googlequicksearchbox/com.google.android.launcher.GEL t1833}}
I/ActivityManager(  978): Killing 21852:com.android.chrome/u0a89 (adj 15): empty #13
I/PowerManagerService(  978): Waking up from sleep (uid 1000)...
V/WindowManager(  978): mAppsToBeHidden add Token{1ec86e2 ActivityRecord{33ec53ad u0 com.google.android.googlequicksearchbox/com.google.android.launcher.GEL t1833}}
I/DisplayManagerService(  978): Display device changed: DisplayDeviceInfo{"Built-in Screen": uniqueId="local:0", 1080 x 1920, 60.0 fps, supportedRefreshRates [60.0], density 480, 422.03 x 424.069 dpi, appVsyncOff 7500000, presDeadline 12666667, touch INTERNAL, rotation 0, type BUILT_IN, state ON, FLAG_DEFAULT_DISPLAY, FLAG_ROTATES_WITH_CONTENT, FLAG_SECURE, FLAG_SUPPORTS_PROTECTED_BUFFERS}
V/WindowManager(  978): mAppsToBeHidden add Token{1ec86e2 ActivityRecord{33ec53ad u0 com.google.android.googlequicksearchbox/com.google.android.launcher.GEL t1833}}
V/WindowManager(  978): mAppsToBeHidden add Token{1ec86e2 ActivityRecord{33ec53ad u0 com.google.android.googlequicksearchbox/com.google.android.launcher.GEL t1833}}
V/ActivityManager(  978): Display changed displayId=0
V/ActivityManager(  978): Display changed displayId=0
V/WindowManager(  978): mAppsToBeHidden add Token{1ec86e2 ActivityRecord{33ec53ad u0 com.google.android.googlequicksearchbox/com.google.android.launcher.GEL t1833}}
V/WindowManager(  978): mAppsToBeHidden add Token{1ec86e2 ActivityRecord{33ec53ad u0 com.google.android.googlequicksearchbox/com.google.android.launcher.GEL t1833}}
V/WindowManager(  978): mAppsToBeHidden add Token{1ec86e2 ActivityRecord{33ec53ad u0 com.google.android.googlequicksearchbox/com.google.android.launcher.GEL t1833}}
V/WindowManager(  978): mAppsToBeHidden add Token{1ec86e2 ActivityRecord{33ec53ad u0 com.google.android.googlequicksearchbox/com.google.android.launcher.GEL t1833}}
V/WindowManager(  978): mAppsToBeHidden add Token{1ec86e2 ActivityRecord{33ec53ad u0 com.google.android.googlequicksearchbox/com.google.android.launcher.GEL t1833}}
I/SFPerfTracer(  349):      triggers: (rate: 0:81) (8186363 sw vsyncs) (0 skipped) (38:5211089 vsyncs) (40:13754536)
I/SFPerfTracer(  349):      triggers: (rate: 10626:469442) (compose: 0:43) (post: 0:39) (render: 0:1503) (34:4112652 frames) (35:4375989)
D/SFPerfTracer(  349):        layers: (4:12) (FocusedStackFrame (0xb74d6218): 0:13472)* (DimLayer (0xb74ef550): 0:45)* (DimLayer (0xb74f1a20): 0:25)* (DimLayer (0xb75912f0): 0:9034)* (DimLayer (0xb75939a8): 0:2516)* (StatusBar (0xb753d3f8): 3:334061) (com.android.systemui.ImageWallpaper (0xb7543fa0): 15:16683) (com.google.android.googlequicksearchbox/com.google.android.launcher.GEL (0xb75a2478): 35:108) (NavigationBar (0xb75401d8): 0:34) ( (0xb75a9958): 0:6)- (SurfaceView (0xb7572e30): 0:178)- (ColorFade (0xb75a3720): 0:30)- 
V/AlarmManager(  978): sending alarm {36c9b10a type 2 *walarm*:com.android.internal.policy.impl.PhoneWindowManager.DELAYED_KEYGUARD}
V/AlarmManager(  978): done {36c9b10a, *walarm*:com.android.internal.policy.impl.PhoneWindowManager.DELAYED_KEYGUARD} [4ms]
V/AlarmManager(  978): sending alarm {3168b28f type 2 *walarm*:com.motorola.slpc.ALARM_MODALITY}
V/AlarmManager(  978): done {3168b28f, *walarm*:com.motorola.slpc.ALARM_MODALITY} [1ms]
I/ActivityManager(  978): Start proc 22466:com.android.defcontainer/u0a37 for service com.android.defcontainer/.DefaultContainerService
D/DefContainer(22466): Copying /data/local/tmp/android-debug.apk to base.apk
D/PackageManager(  978): Renaming /data/app/vmdl1756766516.tmp to /data/app/io.cordova.myappba547e-2
I/ActivityManager(  978): Force stopping io.cordova.myappba547e appid=10197 user=-1: uninstall pkg
I/PackageManager(  978): Package io.cordova.myappba547e codePath changed from /data/app/io.cordova.myappba547e-1 to /data/app/io.cordova.myappba547e-2; Retaining data and using new
W/PackageManager(  978): Code path for pkg : io.cordova.myappba547e changing from /data/app/io.cordova.myappba547e-1 to /data/app/io.cordova.myappba547e-2
I/ActivityManager(  978): Force stopping io.cordova.myappba547e appid=10197 user=-1: update pkg
W/PackageManager(  978): Resource path for pkg : io.cordova.myappba547e changing from /data/app/io.cordova.myappba547e-1 to /data/app/io.cordova.myappba547e-2
I/ActivityManager(  978): Force stopping io.cordova.myappba547e appid=10197 user=0: pkg removed
D/JobSchedulerService(  978): Receieved: android.intent.action.PACKAGE_REMOVED
D/BackupManagerService(  978): Received broadcast Intent { act=android.intent.action.PACKAGE_REMOVED dat=package:io.cordova.myappba547e flg=0x4000010 (has extras) }
I/ActivityManager(  978): Start proc 22498:com.verizon.vzwavs/u0a68 for broadcast com.verizon.vzwavs/.WakeupReceiver
W/InputMethodInfo(  978): Duplicated subtype definition found: , voice
I/ActivityManager(  978): Start proc 22521:com.android.keychain/1000 for broadcast com.android.keychain/.KeyChainBroadcastReceiver
I/ActivityManager(  978): Killing 21876:com.amazon.mShop.android.shopping/u0a157 (adj 15): empty #13
D/ConnectivityService(  978): ConnectivityService NetworkRequestInfo binderDied(NetworkRequest [ id=2592, legacyType=-1, [ Capabilities: INTERNET&NOT_RESTRICTED&TRUSTED&NOT_VPN] ], android.os.BinderProxy@143e3dbe)
D/WifiService(  978): Client connection lost with reason: 4
D/ConnectivityService(  978): releasing NetworkRequest NetworkRequest [ id=2592, legacyType=-1, [ Capabilities: INTERNET&NOT_RESTRICTED&TRUSTED&NOT_VPN] ]
E/ConnectivityService(  978): RemoteException caught trying to send a callback msg for NetworkRequest [ id=2592, legacyType=-1, [ Capabilities: INTERNET&NOT_RESTRICTED&TRUSTED&NOT_VPN] ]
D/BackupManagerService(  978): Received broadcast Intent { act=android.intent.action.PACKAGE_ADDED dat=package:io.cordova.myappba547e flg=0x4000010 (has extras) }
W/BackupManagerService(  978): Removing schedule queue dupe of io.cordova.myappba547e
W/ContextImpl(22521): Calling a method in the system process without a qualified user: android.app.ContextImpl.startService:1831 android.content.ContextWrapper.startService:516 android.content.ContextWrapper.startService:516 com.android.keychain.KeyChainBroadcastReceiver.onReceive:12 android.app.ActivityThread.handleReceiver:2639 
I/ActivityManager(  978): Killing 21964:com.google.android.apps.photos/u0a163 (adj 15): empty #13
I/ActivityManager(  978): Start proc 22559:com.quickoffice.android/u0a128 for broadcast com.quickoffice.android/com.qo.android.quickoffice.QOBroadcastReceiver
W/ResourcesManager(27477): Asset path '/system/framework/com.google.android.maps.jar' does not exist or contains no resources.
I/ActivityManager(  978): Killing 22149:com.textra:acra/u0a149 (adj 15): empty #13
W/ActivityManager(  978): No permission grants found for com.quickoffice.android
I/ActivityManager(  978): START u0 {act=android.intent.action.MAIN flg=0x10000000 cmp=io.cordova.myappba547e/.MainActivity} from uid 2000 on display 0
V/WindowManager(  978): addAppToken: AppWindowToken{1334f060 token=Token{1e629c63 ActivityRecord{c793a92 u0 io.cordova.myappba547e/.MainActivity t2640}}} to stack=1 task=2640 at 0
I/ActivityManager(  978): Killing 21821:com.google.android.apps.plus/u0a127 (adj 15): empty #13
V/WindowManager(  978): Adding window Window{2c8534db u0 Starting io.cordova.myappba547e} at 8 of 14 (after Window{1ab389e9 u0 com.facebook.katana/com.facebook.katana.activity.ImmersiveActivity})
I/ActivityManager(  978): Start proc 22598:io.cordova.myappba547e/u0a197 for activity io.cordova.myappba547e/.MainActivity
V/ActivityManager(  978): Display changed displayId=0
I/ActivityManager(  978): Start proc 22616:com.google.android.apps.plus/u0a127 for broadcast com.google.android.apps.plus/.service.PackagesMediaMonitor
W/ResourcesManager(22616): Asset path '/system/framework/com.google.android.maps.jar' does not exist or contains no resources.
V/WindowManager(  978): Adding window Window{124bc7f9 u0 io.cordova.myappba547e/io.cordova.myappba547e.MainActivity} at 8 of 15 (before Window{2c8534db u0 Starting io.cordova.myappba547e})
I/SFPerfTracer(  349):      triggers: (rate: 0:81) (8186363 sw vsyncs) (0 skipped) (45:5211184 vsyncs) (47:13754649)
I/LaunchCheckinHandler(  978): Displayed io.cordova.myappba547e/.MainActivity,cp,ca,933
I/SFPerfTracer(  349):      triggers: (rate: 10626:469447) (compose: 0:43) (post: 0:39) (render: 0:1503) (8:4112735 frames) (9:4376089)
D/SFPerfTracer(  349):        layers: (4:11) (FocusedStackFrame (0xb74d6218): 0:13475)* (DimLayer (0xb74ef550): 0:45)* (DimLayer (0xb74f1a20): 0:25)* (DimLayer (0xb75912f0): 0:9034)* (DimLayer (0xb75939a8): 0:2519)* (StatusBar (0xb753d3f8): 0:334067) (com.android.systemui.ImageWallpaper (0xb7543fa0): 0:16695)* (com.google.android.googlequicksearchbox/com.google.android.launcher.GEL (0xb75a2478): 0:161)- (NavigationBar (0xb75401d8): 0:34) (Starting io.cordova.myappba547e (0xb7572e30): 9:38) (io.cordova.myappba547e/io.cordova.myappba547e.MainActivity (0xb75a9958): 8:12) 
I/ActivityManager(  978): Start proc 22681:com.google.android.apps.docs/u0a95 for broadcast com.google.android.apps.docs/.receivers.AppPackageAddRemoveReceiver
I/ActivityManager(  978): Killing 22131:com.textra/u0a149 (adj 15): empty #13
W/ActivityManager(  978): getRunningAppProcesses: caller 10095 does not hold REAL_GET_TASKS; limiting output
W/ActivityManager(  978): getRunningAppProcesses: caller 10095 does not hold REAL_GET_TASKS; limiting output
W/ActivityManager(  978): getRunningAppProcesses: caller 10095 does not hold REAL_GET_TASKS; limiting output
W/ActivityManager(  978): getRunningAppProcesses: caller 10095 does not hold REAL_GET_TASKS; limiting output
I/ActivityManager(  978): Start proc 22734:com.textra/u0a149 for broadcast com.textra/com.mplus.lib.fa
I/ActivityManager(  978): Killing 22095:com.google.android.apps.walletnfcrel/u0a7 (adj 15): empty #13
W/ActivityManager(  978): getRunningAppProcesses: caller 10149 does not hold REAL_GET_TASKS; limiting output
W/ResourcesManager(22681): Asset path '/system/framework/com.android.media.remotedisplay.jar' does not exist or contains no resources.
W/ResourcesManager(22681): Asset path '/system/framework/com.android.location.provider.jar' does not exist or contains no resources.
I/ActivityManager(  978): Start proc 22759:com.textra:acra/u0a149 for service com.textra/org.acra.sender.SenderService
W/ActivityManager(  978): getRunningAppProcesses: caller 10149 does not hold REAL_GET_TASKS; limiting output
W/ActivityManager(  978): getRunningAppProcesses: caller 10149 does not hold REAL_GET_TASKS; limiting output
W/ActivityManager(  978): getRunningAppProcesses: caller 10149 does not hold REAL_GET_TASKS; limiting output
I/ActivityManager(  978): Killing 22324:ch.bitspin.timely/u0a144 (adj 15): empty #13
I/ActivityManager(  978): Start proc 22793:com.yahoo.mobile.client.android.weather:com.yahoo.snp.service/u0a170 for broadcast com.yahoo.mobile.client.android.weather/com.yahoo.platform.mobile.push.PushAgentReceiver
I/ActivityManager(  978): Killing 22393:com.google.android.deskclock/u0a102 (adj 15): empty #13
W/ActivityManager(  978): getRunningAppProcesses: caller 10170 does not hold REAL_GET_TASKS; limiting output
I/ActivityManager(  978): Start proc 22814:org.mozilla.firefox/u0a143 for broadcast org.mozilla.firefox/org.mozilla.gecko.webapp.UninstallListener
I/ActivityManager(  978): Killing 20063:com.yahoo.mobile.client.android.weather/u0a170 (adj 15): empty #13
I/SFPerfTracer(  349):      triggers: (rate: 0:81) (8186363 sw vsyncs) (0 skipped) (28:5211278 vsyncs) (30:13754752)
I/ActivityManager(  978): Start proc 22836:com.tumblr/u0a178 for broadcast com.tumblr/com.appsflyer.AppsFlyerLib
I/ActivityManager(  978): Killing 22466:com.android.defcontainer/u0a37 (adj 15): empty #13
I/ActivityManager(  978): Killing 22498:com.verizon.vzwavs/u0a68 (adj 15): empty #13
I/ActivityManager(  978): Start proc 22886:com.google.android.partnersetup/u0a45 for broadcast com.google.android.partnersetup/.RlzPingBroadcastReceiver
I/ActivityManager(  978): Start proc 22909:com.verizon.vzwavs/u0a68 for broadcast com.verizon.vzwavs/.WakeupReceiver
I/ActivityManager(  978): Killing 22521:com.android.keychain/1000 (adj 15): empty #13
I/ActivityManager(  978): Killing 22559:com.quickoffice.android/u0a128 (adj 15): empty #13
I/ActivityManager(  978): Start proc 22936:com.quickoffice.android/u0a128 for broadcast com.quickoffice.android/com.qo.android.quickoffice.QOBroadcastReceiver
I/SFPerfTracer(  349):      triggers: (rate: 0:81) (8186363 sw vsyncs) (0 skipped) (88:5211379 vsyncs) (90:13754857)
I/ActivityManager(  978): Killing 18475:com.google.android.googlequicksearchbox:search/u0a67 (adj 15): empty #13
D/ConnectivityService(  978): ConnectivityService NetworkRequestInfo binderDied(NetworkRequest [ id=2590, legacyType=-1, [ Capabilities: INTERNET&NOT_RESTRICTED&TRUSTED&NOT_VPN] ], android.os.BinderProxy@1010a35e)
D/WifiService(  978): Client connection lost with reason: 4
D/ConnectivityService(  978): releasing NetworkRequest NetworkRequest [ id=2590, legacyType=-1, [ Capabilities: INTERNET&NOT_RESTRICTED&TRUSTED&NOT_VPN] ]
E/ConnectivityService(  978): RemoteException caught trying to send a callback msg for NetworkRequest [ id=2590, legacyType=-1, [ Capabilities: INTERNET&NOT_RESTRICTED&TRUSTED&NOT_VPN] ]
W/ActivityManager(  978): No permission grants found for com.quickoffice.android
I/ActivityManager(  978): Start proc 22961:com.google.android.googlequicksearchbox:search/u0a67 for broadcast com.google.android.googlequicksearchbox/com.google.android.apps.gsa.search.core.icingsync.IcingCorporaChangedReceiver
D/WifiService(  978): New client listening to asynchronous messages
I/ActivityManager(  978): Killing 22759:com.textra:acra/u0a149 (adj 15): empty #13
I/ActivityManager(  978): Start proc 23011:com.google.android.apps.cloudprint/u0a93 for broadcast com.google.android.apps.cloudprint/.printdialog.receivers.UpgradeBroadcastReceiver
I/SFPerfTracer(  349):      triggers: (rate: 0:81) (8186363 sw vsyncs) (0 skipped) (100:5211479 vsyncs) (102:13754959)
I/ActivityManager(  978): Start proc 23029:com.google.android.apps.magazines/u0a124 for broadcast com.google.android.apps.magazines/com.google.apps.dots.android.app.receiver.FirstInstallNotificationReceiver
I/ActivityManager(  978): Killing 22793:com.yahoo.mobile.client.android.weather:com.yahoo.snp.service/u0a170 (adj 15): empty #13
W/ActivityManager(  978): getRunningAppProcesses: caller 10124 does not hold REAL_GET_TASKS; limiting output
W/ActivityManager(  978): getRunningAppProcesses: caller 10124 does not hold REAL_GET_TASKS; limiting output
W/ActivityManager(  978): getRunningAppProcesses: caller 10124 does not hold REAL_GET_TASKS; limiting output
W/ActivityManager(  978): getRunningAppProcesses: caller 10124 does not hold REAL_GET_TASKS; limiting output
I/ActivityManager(  978): Start proc 23077:com.yahoo.mobile.client.android.weather:com.yahoo.snp.service/u0a170 for broadcast com.yahoo.mobile.client.android.weather/com.yahoo.platform.mobile.push.PushAgentReceiver
I/ActivityManager(  978): Killing 22814:org.mozilla.firefox/u0a143 (adj 15): empty #13
W/ActivityManager(  978): getRunningAppProcesses: caller 10170 does not hold REAL_GET_TASKS; limiting output
I/ActivityManager(  978): Start proc 23100:org.mozilla.firefox/u0a143 for broadcast org.mozilla.firefox/org.mozilla.gecko.fxa.receivers.FxAccountUpgradeReceiver
I/ActivityManager(  978): Killing 22836:com.tumblr/u0a178 (adj 15): empty #13
I/ActivityManager(  978): Killing 22886:com.google.android.partnersetup/u0a45 (adj 15): empty #13
V/AlarmManager(  978): sending alarm {23dd2a2b type 3 *alarm*:send_events}
V/AlarmManager(  978): done {23dd2a2b, *alarm*:send_events} [7ms]
I/ActivityManager(  978): Start proc 23126:com.google.android.talk/u0a118 for broadcast com.google.android.talk/com.google.android.apps.hangouts.phone.PackageReplacedReceiver
W/ResourcesManager(23126): Asset path '/system/framework/com.google.android.media.effects.jar' does not exist or contains no resources.
D/BackupManagerService(  978): Received broadcast Intent { act=android.intent.action.PACKAGE_CHANGED dat=package:com.google.android.gms flg=0x4000010 (has extras) }
I/BackupManagerService(  978): Unbinding ComponentInfo{com.google.android.gms/com.google.android.gms.backup.BackupTransportService}
I/BackupManagerService(  978): Binding to transport host ComponentInfo{com.google.android.gms/com.google.android.gms.backup.BackupTransportService}
W/ActivityManager(  978): getRunningAppProcesses: caller 10118 does not hold REAL_GET_TASKS; limiting output
V/BackupManagerService(  978): Connected to transport ComponentInfo{com.google.android.gms/com.google.android.gms.backup.BackupTransportService}
V/BackupManagerService(  978): Registering transport com.google.android.gms/.backup.BackupTransportService::com.google.android.gms/.backup.BackupTransportService = com.android.internal.backup.IBackupTransport$Stub$Proxy@3d8f7cb4
D/WifiService(  978): acquireWifiLockLocked: WifiLock{NlpWifiLock type=2 binder=android.os.BinderProxy@52d2e7f}
W/ResourcesManager(27477): Asset path '/system/framework/com.google.android.maps.jar' does not exist or contains no resources.
I/ActivityManager(  978): Start proc 23164:com.google.android.apps.walletnfcrel/u0a7 for broadcast com.google.android.apps.walletnfcrel/com.google.commerce.tapandpay.android.account.RefreshActiveAccountReceiver
W/ResourcesManager(23126): Asset path '/system/framework/com.android.media.remotedisplay.jar' does not exist or contains no resources.
W/ResourcesManager(23126): Asset path '/system/framework/com.android.location.provider.jar' does not exist or contains no resources.
W/ResourcesManager(23164): Asset path '/system/framework/com.android.media.remotedisplay.jar' does not exist or contains no resources.
W/ResourcesManager(23164): Asset path '/system/framework/com.android.location.provider.jar' does not exist or contains no resources.
I/ActivityManager(  978): Killing 22936:com.quickoffice.android/u0a128 (adj 15): empty #13
D/WifiService(  978): releaseWifiLockLocked: WifiLock{NlpWifiLock type=2 binder=android.os.BinderProxy@52d2e7f}
V/AlarmManager(  978): sending alarm {3e0edd98 type 0 *walarm*:com.android.vending/com.google.android.finsky.services.ContentSyncService}
V/AlarmManager(  978): done {3e0edd98, *walarm*:com.android.vending/com.google.android.finsky.services.ContentSyncService} [5ms]
V/AlarmManager(  978): sending alarm {31ce5bde type 3 *alarm*:android.intent.action.TIME_TICK}
I/ActivityManager(  978): Start proc 23202:com.yahoo.mobile.client.android.weather/u0a170 for broadcast com.yahoo.mobile.client.android.weather/.WeatherWidgetHourlyProvider
W/ActivityManager(  978): getRunningAppProcesses: caller 10170 does not hold REAL_GET_TASKS; limiting output
V/AlarmManager(  978): done {31ce5bde, *alarm*:android.intent.action.TIME_TICK} [335ms]
I/ActivityManager(  978): Killing 22681:com.google.android.apps.docs/u0a95 (adj 15): empty #13
I/ActivityManager(  978): Killing 22909:com.verizon.vzwavs/u0a68 (adj 15): empty #13
I/SFPerfTracer(  349):      triggers: (rate: 10626:469460) (compose: 0:43) (post: 0:39) (render: 0:1503) (1734:4114469 frames) (1735:4377825)
D/SFPerfTracer(  349):        layers: (3:10) (FocusedStackFrame (0xb74d6218): 0:13475)* (DimLayer (0xb74ef550): 0:45)* (DimLayer (0xb74f1a20): 0:25)* (DimLayer (0xb75912f0): 0:9034)* (DimLayer (0xb75939a8): 0:2519)* (StatusBar (0xb753d3f8): 17:334084) (com.android.systemui.ImageWallpaper (0xb7543fa0): 0:16695)* (NavigationBar (0xb75401d8): 10:44) (Starting io.cordova.myappba547e (0xb7572e30): 0:39)- (io.cordova.myappba547e/io.cordova.myappba547e.MainActivity (0xb75a9958): 1735:1748) 
I/ActivityManager(  978): Start proc 23260:com.google.android.partnersetup/u0a45 for content provider com.google.android.partnersetup/.RlzAppProvider
V/WindowManager(  978): removeAppToken make exiting: AppWindowToken{1334f060 token=Token{1e629c63 ActivityRecord{c793a92 u0 io.cordova.myappba547e/.MainActivity t2640}}}
I/ActivityManager(  978): Killing 23011:com.google.android.apps.cloudprint/u0a93 (adj 15): empty #13
I/SFPerfTracer(  349):      triggers: (rate: 0:81) (8186363 sw vsyncs) (0 skipped) (1425:5212957 vsyncs) (1427:13756441)
W/Telecom (  978): TelecomServiceImpl: null is not visible for the calling user
W/Telecom (  978): TelecomServiceImpl: ComponentInfo{com.google.android.talk/com.google.android.apps.hangouts.telephony.TeleConnectionService}, [e44cca915afc0390d8a77c0ff4608152603e7fa3], UserHandle{0} is not visible for the calling user
W/Telecom (  978): TelecomServiceImpl: null is not visible for the calling user
W/Telecom (  978): TelecomServiceImpl: ComponentInfo{com.google.android.talk/com.google.android.apps.hangouts.telephony.TeleConnectionService}, [e44cca915afc0390d8a77c0ff4608152603e7fa3], UserHandle{0} is not visible for the calling user
I/ActivityManager(  978): START u0 {act=com.android.systemui.recents.SHOW_RECENTS flg=0x10804000 cmp=com.android.systemui/.recents.RecentsActivity} from uid 10005 on display 0
I/ActivityManager(  978): Killing 23029:com.google.android.apps.magazines/u0a124 (adj 15): empty #13
I/LaunchCheckinHandler(  978): Displayed com.android.systemui/.recents.RecentsActivity,wp,wa,170
I/ActivityManager(  978): START u0 {act=android.intent.action.MAIN flg=0x10100000 cmp=io.cordova.myappba547e/.MainActivity} from uid 2000 on display 0
V/WindowManager(  978): addAppToken: AppWindowToken{1e0a5f28 token=Token{fd0e94b ActivityRecord{113e8a1a u0 io.cordova.myappba547e/.MainActivity t2640}}} to stack=1 task=2640 at 0
I/SFPerfTracer(  349):      triggers: (rate: 10626:469462) (compose: 0:43) (post: 0:39) (render: 0:1503) (20:4114562 frames) (21:4377936)
D/SFPerfTracer(  349):        layers: (4:11) (FocusedStackFrame (0xb74d6218): 0:13480)* (DimLayer (0xb74ef550): 0:45)* (DimLayer (0xb74f1a20): 0:25)* (DimLayer (0xb75912f0): 0:9034)* (DimLayer (0xb75939a8): 0:2519)* (StatusBar (0xb753d3f8): 0:334089) (com.android.systemui.ImageWallpaper (0xb7543fa0): 0:16696) (NavigationBar (0xb75401d8): 6:106) (io.cordova.myappba547e/io.cordova.myappba547e.MainActivity (0xb75a9958): 0:1788)- (com.google.android.googlequicksearchbox/com.google.android.launcher.GEL (0xb7572e30): 0:37)- (com.android.systemui/com.android.systemui.recents.RecentsActivity (0xb75a9958): 20:34) 
V/WindowManager(  978): Adding window Window{310e837d u0 io.cordova.myappba547e/io.cordova.myappba547e.MainActivity} at 6 of 14 (after Window{1ab389e9 u0 com.facebook.katana/com.facebook.katana.activity.ImmersiveActivity})
I/LaunchCheckinHandler(  978): Displayed io.cordova.myappba547e/.MainActivity,wp,ca,179
I/ActivityManager(  978): START u0 {act=android.intent.action.MAIN cat=[android.intent.category.HOME] flg=0x10200000 cmp=com.google.android.googlequicksearchbox/com.google.android.launcher.GEL} from uid 1000 on display 0
I/SFPerfTracer(  349):      triggers: (rate: 10626:469463) (compose: 0:43) (post: 0:39) (render: 0:1503) (203:4114788 frames) (204:4378171)
D/SFPerfTracer(  349):        layers: (3:11) (FocusedStackFrame (0xb74d6218): 0:13483)* (DimLayer (0xb74ef550): 0:45)* (DimLayer (0xb74f1a20): 0:25)* (DimLayer (0xb75912f0): 0:9034)* (DimLayer (0xb75939a8): 0:2519)* (StatusBar (0xb753d3f8): 1:334090) (com.android.systemui.ImageWallpaper (0xb7543fa0): 1:16697)* (NavigationBar (0xb75401d8): 7:113) (com.android.systemui/com.android.systemui.recents.RecentsActivity (0xb75a9958): 0:44)- (io.cordova.myappba547e/io.cordova.myappba547e.MainActivity (0xb7572e30): 203:227) (thumbnail anim (0xb759b998): 0:21)- 
V/AlarmManager(  978): sending alarm {3b813be type 3 *alarm*:android.appwidget.action.APPWIDGET_UPDATE}
V/AlarmManager(  978): done {3b813be, *alarm*:android.appwidget.action.APPWIDGET_UPDATE} [29ms]
I/LaunchCheckinHandler(  978): Displayed com.google.android.googlequicksearchbox/com.google.android.launcher.GEL,wp,wa,154
I/ActivityManager(  978): Start proc 23329:com.android.providers.calendar/u0a48 for content provider com.android.providers.calendar/.CalendarProvider2
I/SFPerfTracer(  349):      triggers: (rate: 0:81) (8186363 sw vsyncs) (0 skipped) (275:5213295 vsyncs) (277:13756787)
I/ActivityManager(  978): START u0 {act=com.android.systemui.recents.SHOW_RECENTS flg=0x10804000 cmp=com.android.systemui/.recents.RecentsActivity} from uid 10005 on display 0
W/ResourcesManager(23329): Asset path '/system/framework/android.test.runner.jar' does not exist or contains no resources.
W/InputMethodManagerService(  978): Starting input on non-focused client com.android.internal.view.IInputMethodClient$Stub$Proxy@d557a3a (uid=10067 pid=27477)
I/LaunchCheckinHandler(  978): Displayed com.android.systemui/.recents.RecentsActivity,wp,wa,99
V/AlarmManager(  978): sending alarm {15bd4fc type 2 *walarm*:ALARM_WAKEUP_ACTIVITY_DETECTION}
V/AlarmManager(  978): done {15bd4fc, *walarm*:ALARM_WAKEUP_ACTIVITY_DETECTION} [25ms]
I/ActivityManager(  978): Start proc 23356:com.google.android.calendar/u0a85 for broadcast com.google.android.calendar/com.android.calendar.alerts.AlertReceiver
I/SFPerfTracer(  349):      triggers: (rate: 10626:469465) (compose: 0:43) (post: 0:39) (render: 0:1503) (19:4114880 frames) (20:4378278)
D/SFPerfTracer(  349):        layers: (4:12) (FocusedStackFrame (0xb74d6218): 0:13485)* (DimLayer (0xb74ef550): 0:45)* (DimLayer (0xb74f1a20): 0:25)* (DimLayer (0xb75912f0): 0:9034)* (DimLayer (0xb75939a8): 0:2519)* (StatusBar (0xb753d3f8): 0:334091) (com.android.systemui.ImageWallpaper (0xb7543fa0): 0:16698) (NavigationBar (0xb75401d8): 0:172) (io.cordova.myappba547e/io.cordova.myappba547e.MainActivity (0xb7572e30): 0:257)- (com.google.android.googlequicksearchbox/com.google.android.launcher.GEL (0xb75a9958): 0:24)- (com.android.systemui/com.android.systemui.recents.RecentsActivity (0xb7572e30): 0:42) (com.facebook.katana/com.facebook.katana.activity.ImmersiveActivity (0xb759b998): 20:20)* 
D/WifiService(  978): acquireWifiLockLocked: WifiLock{NlpWifiLock type=2 binder=android.os.BinderProxy@6f478c7}
D/WifiService(  978): releaseWifiLockLocked: WifiLock{NlpWifiLock type=2 binder=android.os.BinderProxy@6f478c7}
I/SFPerfTracer(  349):      triggers: (rate: 0:81) (8186363 sw vsyncs) (0 skipped) (102:5213397 vsyncs) (104:13756891)
I/ActivityManager(  978): START u0 {act=com.android.systemui.recents.SHOW_RECENTS flg=0x10804000 cmp=com.android.systemui/.recents.RecentsActivity} from uid 10005 on display 0
W/InputMethodManagerService(  978): Starting input on non-focused client com.android.internal.view.IInputMethodClient$Stub$Proxy@1a5a3abb (uid=10140 pid=10008)
I/LaunchCheckinHandler(  978): Displayed com.android.systemui/.recents.RecentsActivity,wp,wa,118
V/AlarmManager(  978): sending alarm {194ba6e type 1 *alarm*:ch.bitspin.timely.widget.UPDATE_ACTION}
I/ActivityManager(  978): Start proc 23404:ch.bitspin.timely/u0a144 for broadcast ch.bitspin.timely/.widget.WidgetProvider_
V/AlarmManager(  978): sending alarm {14577874 type 3 *alarm*:com.google.android.gms/.lockbox.LockboxAlarmReceiver}
W/ResourcesManager(23404): Asset path '/system/framework/com.android.media.remotedisplay.jar' does not exist or contains no resources.
W/ResourcesManager(23404): Asset path '/system/framework/com.android.location.provider.jar' does not exist or contains no resources.
V/AlarmManager(  978): done {194ba6e, *alarm*:ch.bitspin.timely.widget.UPDATE_ACTION} [485ms]
V/AlarmManager(  978): done {14577874, *alarm*:com.google.android.gms/.lockbox.LockboxAlarmReceiver} [490ms]
I/ActivityManager(  978): Killing 23077:com.yahoo.mobile.client.android.weather:com.yahoo.snp.service/u0a170 (adj 15): empty #13
I/SFPerfTracer(  349):      triggers: (rate: 10626:469468) (compose: 0:43) (post: 0:39) (render: 0:1503) (22:4114971 frames) (23:4378383)
D/SFPerfTracer(  349):        layers: (4:13) (FocusedStackFrame (0xb74d6218): 0:13485)* (DimLayer (0xb74ef550): 0:45)* (DimLayer (0xb74f1a20): 0:25)* (DimLayer (0xb75912f0): 0:9034)* (DimLayer (0xb75939a8): 0:2519)* (StatusBar (0xb753d3f8): 0:334092) (com.android.systemui.ImageWallpaper (0xb7543fa0): 0:16700) (NavigationBar (0xb75401d8): 0:205) (com.android.systemui/com.android.systemui.recents.RecentsActivity (0xb7572e30): 0:43)- (com.facebook.katana/com.facebook.katana.activity.ImmersiveActivity (0xb759b998): 0:80)- (thumbnail anim (0xb75a9958): 0:22)- (com.android.systemui/com.android.systemui.recents.RecentsActivity (0xb75a9958): 22:27) (thumbnail anim (0xb7572e30): 0:22)- 
D/TaskPersister(  978): removeObsoleteFile: deleting file=2633_task.xml
D/TaskPersister(  978): removeObsoleteFile: deleting file=2633_task_thumbnail.png
I/SFPerfTracer(  349):      triggers: (rate: 0:81) (8186363 sw vsyncs) (0 skipped) (18:5213492 vsyncs) (20:13756994)
I/ActivityManager(  978): Killing 10008:com.facebook.katana/u0a140 (adj 16): remove task
D/WifiService(  978): Client connection lost with reason: 4
W/ActivityManager(  978): Scheduling restart of crashed service com.facebook.katana/com.facebook.fbservice.service.DefaultBlueService in 1000ms
W/ActivityManager(  978): Scheduling restart of crashed service com.facebook.katana/com.facebook.mqttlite.MqttService in 1000ms
I/ActivityManager(  978): Start proc 23446:com.google.android.deskclock/u0a102 for broadcast com.google.android.deskclock/com.android.alarmclock.DigitalAppWidgetProvider
I/ActivityManager(  978): Killing 23100:org.mozilla.firefox/u0a143 (adj 15): empty #13
I/ActivityManager(  978): Start proc 23466:com.facebook.katana/u0a140 for service com.facebook.katana/com.facebook.mqttlite.MqttService
W/ResourcesManager(23466): Asset path '/system/framework/com.google.android.maps.jar' does not exist or contains no resources.
I/SFPerfTracer(  349):      triggers: (rate: 10626:469469) (compose: 0:43) (post: 0:39) (render: 0:1503) (72:4115088 frames) (73:4378511)
D/SFPerfTracer(  349):        layers: (3:11) (FocusedStackFrame (0xb74d6218): 0:13487)* (DimLayer (0xb74ef550): 0:45)* (DimLayer (0xb74f1a20): 0:25)* (DimLayer (0xb75912f0): 0:9034)* (DimLayer (0xb75939a8): 0:2519)* (StatusBar (0xb753d3f8): 1:334096) (com.android.systemui.ImageWallpaper (0xb7543fa0): 1:16701)* (NavigationBar (0xb75401d8): 9:214) (com.android.systemui/com.android.systemui.recents.RecentsActivity (0xb75a9958): 0:62)- (io.cordova.myappba547e/io.cordova.myappba547e.MainActivity (0xb7572e30): 72:96) (thumbnail anim (0xb759b998): 0:22)- 
W/ActivityManager(  978): getRunningAppProcesses: caller 10140 does not hold REAL_GET_TASKS; limiting output
V/AlarmManager(  978): sending alarm {286d33e8 type 2 *walarm*:ALARM_WAKEUP_LOCATOR}
D/WifiService(  978): acquireWifiLockLocked: WifiLock{NlpWifiLock type=2 binder=android.os.BinderProxy@27a69a7b}
V/AlarmManager(  978): done {286d33e8, *walarm*:ALARM_WAKEUP_LOCATOR} [32ms]
I/ActivityManager(  978): Killing 9863:android.process.acore/u0a13 (adj 15): empty #13
V/WindowManager(  978): removeAppToken make exiting: AppWindowToken{1e0a5f28 token=Token{fd0e94b ActivityRecord{113e8a1a u0 io.cordova.myappba547e/.MainActivity t2640}}}
D/WifiService(  978): New client listening to asynchronous messages
W/ActivityManager(  978): getRunningAppProcesses: caller 10140 does not hold REAL_GET_TASKS; limiting output
I/SFPerfTracer(  349):      triggers: (rate: 0:81) (8186363 sw vsyncs) (0 skipped) (150:5213653 vsyncs) (152:13757160)
I/ActivityManager(  978): START u0 {act=com.android.systemui.recents.SHOW_RECENTS flg=0x10804000 cmp=com.android.systemui/.recents.RecentsActivity} from uid 10005 on display 0
I/LaunchCheckinHandler(  978): Displayed com.android.systemui/.recents.RecentsActivity,wp,wa,99
I/ActivityManager(  978): Killing 23126:com.google.android.talk/u0a118 (adj 15): empty #13
D/WifiService(  978): releaseWifiLockLocked: WifiLock{NlpWifiLock type=2 binder=android.os.BinderProxy@27a69a7b}
I/ActivityManager(  978): START u0 {act=android.intent.action.MAIN flg=0x10100000 cmp=io.cordova.myappba547e/.MainActivity} from uid 2000 on display 0
V/WindowManager(  978): addAppToken: AppWindowToken{11347a0f token=Token{190e936e ActivityRecord{f0bcae9 u0 io.cordova.myappba547e/.MainActivity t2640}}} to stack=1 task=2640 at 0
V/WindowManager(  978): Adding window Window{31eee488 u0 io.cordova.myappba547e/io.cordova.myappba547e.MainActivity} at 4 of 12 (after Window{3ab4e65 u0 com.google.android.gm/com.google.android.gm.ConversationListActivityGmail})
I/SFPerfTracer(  349):      triggers: (rate: 10626:469469) (compose: 0:43) (post: 0:39) (render: 0:1503) (3:4115165 frames) (4:4378612)
