I/ActivityManager(  978): Start proc 24602:com.verizon.vzwavs/u0a68 for broadcast com.verizon.vzwavs/.WakeupReceiver
I/ActivityManager(  978): Killing 24216:com.android.keychain/1000 (adj 15): empty #13
V/AlarmManager(  978): sending alarm {13469c72 type 2 *walarm*:com.google.android.gms.gcm.HEARTBEAT_ALARM}
I/ActivityManager(  978): Killing 24251:com.quickoffice.android/u0a128 (adj 15): empty #13
I/ActivityManager(  978): Start proc 24628:com.quickoffice.android/u0a128 for broadcast com.quickoffice.android/com.qo.android.quickoffice.QOBroadcastReceiver
I/ActivityManager(  978): Killing 22961:com.google.android.googlequicksearchbox:search/u0a67 (adj 15): empty #13
D/ConnectivityService(  978): ConnectivityService NetworkRequestInfo binderDied(NetworkRequest [ id=2593, legacyType=-1, [ Capabilities: INTERNET&NOT_RESTRICTED&TRUSTED&NOT_VPN] ], android.os.BinderProxy@1b0f3b8a)
D/WifiService(  978): Client connection lost with reason: 4
D/ConnectivityService(  978): releasing NetworkRequest NetworkRequest [ id=2593, legacyType=-1, [ Capabilities: INTERNET&NOT_RESTRICTED&TRUSTED&NOT_VPN] ]
E/ConnectivityService(  978): RemoteException caught trying to send a callback msg for NetworkRequest [ id=2593, legacyType=-1, [ Capabilities: INTERNET&NOT_RESTRICTED&TRUSTED&NOT_VPN] ]
W/ActivityManager(  978): No permission grants found for com.quickoffice.android
I/ActivityManager(  978): Start proc 24653:com.google.android.googlequicksearchbox:search/u0a67 for broadcast com.google.android.googlequicksearchbox/com.google.android.apps.gsa.search.core.icingsync.IcingCorporaChangedReceiver
V/AlarmManager(  978): sending alarm {15bd4fc type 2 *walarm*:ALARM_WAKEUP_ACTIVITY_DETECTION}
D/WifiService(  978): New client listening to asynchronous messages
I/ActivityManager(  978): Killing 10062:com.google.process.gapps/u0a34 (adj 15): empty #13
I/ActivityManager(  978): Start proc 24699:com.google.android.apps.cloudprint/u0a93 for broadcast com.google.android.apps.cloudprint/.printdialog.receivers.UpgradeBroadcastReceiver
I/ActivityManager(  978): Start proc 24717:com.google.android.apps.magazines/u0a124 for broadcast com.google.android.apps.magazines/com.google.apps.dots.android.app.receiver.FirstInstallNotificationReceiver
I/ActivityManager(  978): Killing 24452:com.textra:acra/u0a149 (adj 15): empty #13
I/SFPerfTracer(  349):      triggers: (rate: 0:81) (8186402 sw vsyncs) (0 skipped) (176:5219276 vsyncs) (178:13762925)
W/ActivityManager(  978): getRunningAppProcesses: caller 10124 does not hold REAL_GET_TASKS; limiting output
W/ActivityManager(  978): getRunningAppProcesses: caller 10124 does not hold REAL_GET_TASKS; limiting output
V/AlarmManager(  978): sending alarm {375d6ed5 type 3 *alarm*:com.google.android.gms.flp.EXPIRATION_ALARM__921}
I/ActivityManager(  978): Start proc 24742:com.google.process.gapps/u0a34 for content provider com.google.android.gsf/.gservices.GservicesProvider
W/ActivityManager(  978): getRunningAppProcesses: caller 10124 does not hold REAL_GET_TASKS; limiting output
W/ActivityManager(  978): getRunningAppProcesses: caller 10124 does not hold REAL_GET_TASKS; limiting output
I/ActivityManager(  978): Killing 24526:com.tumblr/u0a178 (adj 15): empty #13
I/ActivityManager(  978): Killing 24579:com.google.android.partnersetup/u0a45 (adj 15): empty #13
V/AlarmManager(  978): done {18a77481, *walarm*:android.content.syncmanager.SYNC_ALARM} [7471ms]
V/AlarmManager(  978): done {13469c72, *walarm*:com.google.android.gms.gcm.HEARTBEAT_ALARM} [2673ms]
V/AlarmManager(  978): done {15bd4fc, *walarm*:ALARM_WAKEUP_ACTIVITY_DETECTION} [1628ms]
V/AlarmManager(  978): done {375d6ed5, *alarm*:com.google.android.gms.flp.EXPIRATION_ALARM__921} [549ms]
V/AlarmManager(  978): sending alarm {7dce826 type 2 *walarm*:free.reddit.news/reddit.news.services.InboxServiceFree}
V/AlarmManager(  978): sending alarm {194ba6e type 1 *alarm*:ch.bitspin.timely.widget.UPDATE_ACTION}
I/ActivityManager(  978): Start proc 24791:ch.bitspin.timely/u0a144 for broadcast ch.bitspin.timely/.widget.WidgetProvider_
V/AlarmManager(  978): sending alarm {330389fd type 3 *alarm*:send_events}
V/AlarmManager(  978): done {7dce826, *walarm*:free.reddit.news/reddit.news.services.InboxServiceFree} [56ms]
V/AlarmManager(  978): done {330389fd, *alarm*:send_events} [56ms]
W/ResourcesManager(24791): Asset path '/system/framework/com.android.media.remotedisplay.jar' does not exist or contains no resources.
W/ResourcesManager(24791): Asset path '/system/framework/com.android.location.provider.jar' does not exist or contains no resources.
V/AlarmManager(  978): done {194ba6e, *alarm*:ch.bitspin.timely.widget.UPDATE_ACTION} [539ms]
I/ActivityManager(  978): Killing 24628:com.quickoffice.android/u0a128 (adj 15): empty #13
I/ActivityManager(  978): Start proc 24837:com.google.android.deskclock/u0a102 for broadcast com.google.android.deskclock/com.android.alarmclock.DigitalAppWidgetProvider
V/AlarmManager(  978): sending alarm {14577874 type 3 *alarm*:com.google.android.gms/.lockbox.LockboxAlarmReceiver}
I/ActivityManager(  978): Killing 24280:com.google.android.apps.plus/u0a127 (adj 15): empty #13
V/AlarmManager(  978): done {14577874, *alarm*:com.google.android.gms/.lockbox.LockboxAlarmReceiver} [313ms]
I/ActivityManager(  978): Start proc 24862:com.google.android.talk/u0a118 for broadcast com.google.android.talk/com.google.android.apps.hangouts.phone.PackageReplacedReceiver
W/ResourcesManager(24862): Asset path '/system/framework/com.google.android.media.effects.jar' does not exist or contains no resources.
D/BackupManagerService(  978): Received broadcast Intent { act=android.intent.action.PACKAGE_CHANGED dat=package:com.google.android.gms flg=0x4000010 (has extras) }
I/BackupManagerService(  978): Unbinding ComponentInfo{com.google.android.gms/com.google.android.gms.backup.BackupTransportService}
I/BackupManagerService(  978): Binding to transport host ComponentInfo{com.google.android.gms/com.google.android.gms.backup.BackupTransportService}
V/BackupManagerService(  978): Connected to transport ComponentInfo{com.google.android.gms/com.google.android.gms.backup.BackupTransportService}
V/BackupManagerService(  978): Registering transport com.google.android.gms/.backup.BackupTransportService::com.google.android.gms/.backup.BackupTransportService = com.android.internal.backup.IBackupTransport$Stub$Proxy@18b25670
D/WifiService(  978): acquireWifiLockLocked: WifiLock{NlpWifiLock type=2 binder=android.os.BinderProxy@1f1dcc15}
D/WifiService(  978): releaseWifiLockLocked: WifiLock{NlpWifiLock type=2 binder=android.os.BinderProxy@1f1dcc15}
W/ActivityManager(  978): getRunningAppProcesses: caller 10118 does not hold REAL_GET_TASKS; limiting output
W/ResourcesManager(27477): Asset path '/system/framework/com.google.android.maps.jar' does not exist or contains no resources.
V/DeadZone( 1449): consuming errant click: (19.0,4.0)
I/ActivityManager(  978): Start proc 24901:com.google.android.apps.walletnfcrel/u0a7 for broadcast com.google.android.apps.walletnfcrel/com.google.commerce.tapandpay.android.account.RefreshActiveAccountReceiver
W/ResourcesManager(24862): Asset path '/system/framework/com.android.media.remotedisplay.jar' does not exist or contains no resources.
W/ResourcesManager(24862): Asset path '/system/framework/com.android.location.provider.jar' does not exist or contains no resources.
W/ResourcesManager(24901): Asset path '/system/framework/com.android.media.remotedisplay.jar' does not exist or contains no resources.
W/ResourcesManager(24901): Asset path '/system/framework/com.android.location.provider.jar' does not exist or contains no resources.
I/ActivityManager(  978): Start proc 24930:com.google.android.apps.plus/u0a127 for broadcast com.google.android.apps.plus/.service.PackagesMediaMonitor
I/ActivityManager(  978): Killing 24379:com.google.android.apps.docs/u0a95 (adj 15): empty #13
W/ResourcesManager(24930): Asset path '/system/framework/com.google.android.maps.jar' does not exist or contains no resources.
I/ActivityManager(  978): START u0 {act=android.intent.action.MAIN cat=[android.intent.category.HOME] flg=0x10200000 cmp=com.google.android.googlequicksearchbox/com.google.android.launcher.GEL} from uid 1000 on display 0
I/SFPerfTracer(  349):      triggers: (rate: 10627:469509) (compose: 0:43) (post: 0:39) (render: 0:1503) (979:4120867 frames) (980:4384585)
D/SFPerfTracer(  349):        layers: (3:11) (FocusedStackFrame (0xb74d6218): 0:13568)* (DimLayer (0xb74ef550): 0:45)* (DimLayer (0xb74f1a20): 0:25)* (DimLayer (0xb75912f0): 0:9034)* (DimLayer (0xb75939a8): 0:2524)* (StatusBar (0xb753d3f8): 11:334407) (com.android.systemui.ImageWallpaper (0xb7543fa0): 0:16751)* (com.google.android.googlequicksearchbox/com.google.android.launcher.GEL (0xb75a9958): 0:134)- (NavigationBar (0xb7572e30): 11:48) (Starting io.cordova.myappba547e (0xb75401d8): 0:31)- (io.cordova.myappba547e/io.cordova.myappba547e.MainActivity (0xb75a9958): 979:992) 
I/LaunchCheckinHandler(  978): Displayed com.google.android.googlequicksearchbox/com.google.android.launcher.GEL,wp,wa,235
I/ActivityManager(  978): Start proc 24974:com.google.android.partnersetup/u0a45 for content provider com.google.android.partnersetup/.RlzAppProvider
I/SFPerfTracer(  349):      triggers: (rate: 0:81) (8186402 sw vsyncs) (0 skipped) (728:5220004 vsyncs) (730:13763655)
I/ActivityManager(  978): Killing 24602:com.verizon.vzwavs/u0a68 (adj 15): empty #13
I/ActivityManager(  978): Start proc 25021:com.android.providers.calendar/u0a48 for content provider com.android.providers.calendar/.CalendarProvider2
W/ResourcesManager(25021): Asset path '/system/framework/android.test.runner.jar' does not exist or contains no resources.
I/ActivityManager(  978): START u0 {act=com.android.systemui.recents.SHOW_RECENTS flg=0x10804000 cmp=com.android.systemui/.recents.RecentsActivity} from uid 10005 on display 0
I/LaunchCheckinHandler(  978): Displayed com.android.systemui/.recents.RecentsActivity,wp,wa,94
D/ConnectivityService(  978): listenForNetwork for NetworkRequest [ id=2594, legacyType=-1, [ Capabilities: INTERNET&NOT_RESTRICTED&TRUSTED&NOT_VPN] ]
D/ConnectivityService(  978): handleRegisterNetworkRequest checking NetworkAgentInfo [WIFI () - 355]
D/ConnectivityService(  978): apparently satisfied.  currentScore=60
I/ActivityManager(  978): Killing 24699:com.google.android.apps.cloudprint/u0a93 (adj 15): empty #13
I/ActivityManager(  978): Start proc 25063:com.google.android.calendar/u0a85 for broadcast com.google.android.calendar/com.android.calendar.alerts.AlertReceiver
I/ActivityManager(  978): Killing 24717:com.google.android.apps.magazines/u0a124 (adj 15): empty #13
I/SFPerfTracer(  349):      triggers: (rate: 10627:469512) (compose: 0:43) (post: 0:39) (render: 0:1503) (3:4120954 frames) (4:4384687)
D/SFPerfTracer(  349):        layers: (4:11) (FocusedStackFrame (0xb74d6218): 0:13570)* (DimLayer (0xb74ef550): 0:45)* (DimLayer (0xb74f1a20): 0:25)* (DimLayer (0xb75912f0): 0:9034)* (DimLayer (0xb75939a8): 0:2524)* (StatusBar (0xb753d3f8): 0:334410) (com.android.systemui.ImageWallpaper (0xb7543fa0): 0:16752) (NavigationBar (0xb7572e30): 0:111) (io.cordova.myappba547e/io.cordova.myappba547e.MainActivity (0xb75a9958): 0:1018)- (com.google.android.googlequicksearchbox/com.google.android.launcher.GEL (0xb75401d8): 0:37)- (com.android.systemui/com.android.systemui.recents.RecentsActivity (0xb75a9958): 4:38) 
V/AlarmManager(  978): sending alarm {2da77777 type 0 *walarm*:com.android.vending/com.google.android.finsky.services.ContentSyncService}
V/AlarmManager(  978): done {2da77777, *walarm*:com.android.vending/com.google.android.finsky.services.ContentSyncService} [5ms]
V/AlarmManager(  978): sending alarm {13be4fe4 type 3 *alarm*:android.appwidget.action.APPWIDGET_UPDATE}
V/AlarmManager(  978): done {13be4fe4, *alarm*:android.appwidget.action.APPWIDGET_UPDATE} [171ms]
I/ActivityManager(  978): Killing 24488:com.yahoo.mobile.client.android.weather:com.yahoo.snp.service/u0a170 (adj 15): empty #13
I/ActivityManager(  978): START u0 {act=com.android.systemui.recents.SHOW_RECENTS flg=0x10804000 cmp=com.android.systemui/.recents.RecentsActivity} from uid 10005 on display 0
I/SFPerfTracer(  349):      triggers: (rate: 10627:469513) (compose: 0:43) (post: 0:39) (render: 0:1503) (142:4121113 frames) (143:4384854)
D/SFPerfTracer(  349):        layers: (3:11) (FocusedStackFrame (0xb74d6218): 0:13572)* (DimLayer (0xb74ef550): 0:45)* (DimLayer (0xb74f1a20): 0:25)* (DimLayer (0xb75912f0): 0:9034)* (DimLayer (0xb75939a8): 0:2524)* (StatusBar (0xb753d3f8): 2:334412) (com.android.systemui.ImageWallpaper (0xb7543fa0): 1:16753)* (NavigationBar (0xb7572e30): 9:120) (com.android.systemui/com.android.systemui.recents.RecentsActivity (0xb75a9958): 0:42)- (io.cordova.myappba547e/io.cordova.myappba547e.MainActivity (0xb75401d8): 142:166) (thumbnail anim (0xb759b998): 0:21)- 
I/LaunchCheckinHandler(  978): Displayed com.android.systemui/.recents.RecentsActivity,wp,wa,123
I/ActivityManager(  978): START u0 {act=android.intent.action.MAIN cat=[android.intent.category.HOME] flg=0x10200000 cmp=com.google.android.googlequicksearchbox/com.google.android.launcher.GEL} from uid 1000 on display 0
I/SFPerfTracer(  349):      triggers: (rate: 10627:469514) (compose: 0:43) (post: 0:39) (render: 0:1503) (40:4121207 frames) (41:4384964)
D/SFPerfTracer(  349):        layers: (3:13) (FocusedStackFrame (0xb74d6218): 0:13576)* (DimLayer (0xb74ef550): 0:45)* (DimLayer (0xb74f1a20): 0:25)* (DimLayer (0xb75912f0): 0:9034)* (DimLayer (0xb75939a8): 0:2524)* (StatusBar (0xb753d3f8): 0:334412) (com.android.systemui.ImageWallpaper (0xb7543fa0): 1:16755)* (NavigationBar (0xb7572e30): 9:155) (io.cordova.myappba547e/io.cordova.myappba547e.MainActivity (0xb75401d8): 0:190)- (com.android.systemui/com.android.systemui.recents.RecentsActivity (0xb75a9958): 0:24)- (thumbnail anim (0xb759b998): 0:23)- (io.cordova.myappba547e/io.cordova.myappba547e.MainActivity (0xb75401d8): 40:63) (thumbnail anim (0xb759b998): 0:21)- 
I/LaunchCheckinHandler(  978): Displayed com.google.android.googlequicksearchbox/com.google.android.launcher.GEL,wp,wa,137
I/ActivityManager(  978): START u0 {act=com.android.systemui.recents.SHOW_RECENTS flg=0x10804000 cmp=com.android.systemui/.recents.RecentsActivity} from uid 10005 on display 0
I/LaunchCheckinHandler(  978): Displayed com.android.systemui/.recents.RecentsActivity,wp,wa,82
I/ActivityManager(  978): Killing 24509:org.mozilla.firefox/u0a143 (adj 15): empty #13
I/SFPerfTracer(  349):      triggers: (rate: 0:81) (8186402 sw vsyncs) (0 skipped) (359:5220434 vsyncs) (361:13764092)
I/SFPerfTracer(  349):      triggers: (rate: 10627:469515) (compose: 0:43) (post: 0:39) (render: 0:1503) (0:4121286 frames) (1:4385064)
D/SFPerfTracer(  349):        layers: (3:13) (FocusedStackFrame (0xb74d6218): 0:13580)* (DimLayer (0xb74ef550): 0:45)* (DimLayer (0xb74f1a20): 0:25)* (DimLayer (0xb75912f0): 0:9034)* (DimLayer (0xb75939a8): 0:2524)* (StatusBar (0xb753d3f8): 0:334413) (com.android.systemui.ImageWallpaper (0xb7543fa0): 0:16756)* (NavigationBar (0xb7572e30): 0:219) (io.cordova.myappba547e/io.cordova.myappba547e.MainActivity (0xb75401d8): 0:91)- (com.google.android.googlequicksearchbox/com.google.android.launcher.GEL (0xb75a9958): 0:18)- (com.android.systemui/com.android.systemui.recents.RecentsActivity (0xb75401d8): 0:38)* (io.cordova.myappba547e/io.cordova.myappba547e.MainActivity (0xb75a9958): 1:23) (thumbnail anim (0xb759b998): 1:21)* 
V/AlarmManager(  978): sending alarm {15bd4fc type 2 *walarm*:ALARM_WAKEUP_ACTIVITY_DETECTION}
V/AlarmManager(  978): done {15bd4fc, *walarm*:ALARM_WAKEUP_ACTIVITY_DETECTION} [15ms]
V/WindowManager(  978): removeAppToken make exiting: AppWindowToken{229b7414 token=Token{11cece67 ActivityRecord{4f6a226 u0 io.cordova.myappba547e/.MainActivity t2641}}}
I/SFPerfTracer(  349):      triggers: (rate: 10627:469516) (compose: 0:43) (post: 0:39) (render: 0:1503) (10:4121380 frames) (11:4385165)
D/SFPerfTracer(  349):        layers: (4:10) (FocusedStackFrame (0xb74d6218): 0:13582)* (DimLayer (0xb74ef550): 0:45)* (DimLayer (0xb74f1a20): 0:25)* (DimLayer (0xb75912f0): 0:9034)* (DimLayer (0xb75939a8): 0:2524)* (StatusBar (0xb753d3f8): 0:334413) (com.android.systemui.ImageWallpaper (0xb7543fa0): 0:16758) (NavigationBar (0xb7572e30): 7:256) (io.cordova.myappba547e/io.cordova.myappba547e.MainActivity (0xb75a9958): 11:123)* (com.google.android.googlequicksearchbox/com.google.android.launcher.GEL (0xb75401d8): 0:6) 
I/ActivityManager(  978): START u0 {act=com.android.systemui.recents.SHOW_RECENTS flg=0x10804000 cmp=com.android.systemui/.recents.RecentsActivity} from uid 10005 on display 0
I/LaunchCheckinHandler(  978): Displayed com.android.systemui/.recents.RecentsActivity,wp,wa,97
I/ActivityManager(  978): Killing 24791:ch.bitspin.timely/u0a144 (adj 15): empty #13
I/SFPerfTracer(  349):      triggers: (rate: 0:81) (8186402 sw vsyncs) (0 skipped) (174:5220608 vsyncs) (176:13764268)
I/ActivityManager(  978): START u0 {act=android.intent.action.MAIN flg=0x10100000 cmp=io.cordova.myappba547e/.MainActivity bnds=[53,1385][1026,2358]} from uid 2000 on display 0
V/WindowManager(  978): addAppToken: AppWindowToken{18e0962a token=Token{7457315 ActivityRecord{baf54cc u0 io.cordova.myappba547e/.MainActivity t2641}}} to stack=1 task=2641 at 0
V/WindowManager(  978): Adding window Window{23d42ef7 u0 io.cordova.myappba547e/io.cordova.myappba547e.MainActivity} at 4 of 12 (after Window{3ab4e65 u0 com.google.android.gm/com.google.android.gm.ConversationListActivityGmail})
I/LaunchCheckinHandler(  978): Displayed io.cordova.myappba547e/.MainActivity,wp,ca,115
W/Telecom (  978): TelecomServiceImpl: null is not visible for the calling user
W/Telecom (  978): TelecomServiceImpl: ComponentInfo{com.google.android.talk/com.google.android.apps.hangouts.telephony.TeleConnectionService}, [e44cca915afc0390d8a77c0ff4608152603e7fa3], UserHandle{0} is not visible for the calling user
W/Telecom (  978): TelecomServiceImpl: null is not visible for the calling user
W/Telecom (  978): TelecomServiceImpl: ComponentInfo{com.google.android.talk/com.google.android.apps.hangouts.telephony.TeleConnectionService}, [e44cca915afc0390d8a77c0ff4608152603e7fa3], UserHandle{0} is not visible for the calling user
I/ActivityManager(  978): START u0 {act=android.intent.action.MAIN cat=[android.intent.category.HOME] flg=0x10200000 cmp=com.google.android.googlequicksearchbox/com.google.android.launcher.GEL} from uid 1000 on display 0
I/SFPerfTracer(  349):      triggers: (rate: 10627:469518) (compose: 0:43) (post: 0:39) (render: 0:1503) (168:4121604 frames) (169:4385408)
D/SFPerfTracer(  349):        layers: (3:12) (FocusedStackFrame (0xb74d6218): 0:13589)* (DimLayer (0xb74ef550): 0:45)* (DimLayer (0xb74f1a20): 0:25)* (DimLayer (0xb75912f0): 0:9034)* (DimLayer (0xb75939a8): 0:2524)* (StatusBar (0xb753d3f8): 2:334417) (com.android.systemui.ImageWallpaper (0xb7543fa0): 1:16759)* (NavigationBar (0xb7572e30): 10:302) (com.google.android.googlequicksearchbox/com.google.android.launcher.GEL (0xb75401d8): 0:21)- (com.android.systemui/com.android.systemui.recents.RecentsActivity (0xb75a9958): 0:41)- (io.cordova.myappba547e/io.cordova.myappba547e.MainActivity (0xb75401d8): 168:192) (thumbnail anim (0xb759b998): 0:22)- 
I/LaunchCheckinHandler(  978): Displayed com.google.android.googlequicksearchbox/com.google.android.launcher.GEL,wp,wa,133
I/ActivityManager(  978): START u0 {act=com.android.systemui.recents.SHOW_RECENTS flg=0x10804000 cmp=com.android.systemui/.recents.RecentsActivity} from uid 10005 on display 0
I/LaunchCheckinHandler(  978): Displayed com.android.systemui/.recents.RecentsActivity,wp,wa,102
I/SFPerfTracer(  349):      triggers: (rate: 0:81) (8186402 sw vsyncs) (0 skipped) (278:5220886 vsyncs) (280:13764549)
I/SFPerfTracer(  349):      triggers: (rate: 10627:469520) (compose: 0:43) (post: 0:39) (render: 0:1503) (13:4121689 frames) (14:4385512)
D/SFPerfTracer(  349):        layers: (5:13) (FocusedStackFrame (0xb74d6218): 0:13593)* (DimLayer (0xb74ef550): 0:45)* (DimLayer (0xb74f1a20): 0:25)* (DimLayer (0xb75912f0): 0:9034)* (DimLayer (0xb75939a8): 0:2524)* (StatusBar (0xb753d3f8): 1:334420) (com.android.systemui.ImageWallpaper (0xb7543fa0): 0:16760) (NavigationBar (0xb7572e30): 0:365) (io.cordova.myappba547e/io.cordova.myappba547e.MainActivity (0xb75401d8): 0:221)- (com.google.android.googlequicksearchbox/com.google.android.launcher.GEL (0xb75a9958): 0:18)- (com.android.systemui/com.android.systemui.recents.RecentsActivity (0xb75401d8): 0:38) (io.cordova.myappba547e/io.cordova.myappba547e.MainActivity (0xb75a9958): 14:22) (thumbnail anim (0xb759b998): 14:20)* 
V/WindowManager(  978): removeAppToken make exiting: AppWindowToken{18e0962a token=Token{7457315 ActivityRecord{baf54cc u0 io.cordova.myappba547e/.MainActivity t2641}}}
V/AlarmManager(  978): sending alarm {15bd4fc type 2 *walarm*:ALARM_WAKEUP_ACTIVITY_DETECTION}
V/AlarmManager(  978): done {15bd4fc, *walarm*:ALARM_WAKEUP_ACTIVITY_DETECTION} [9ms]
I/ActivityManager(  978): START u0 {act=com.android.systemui.recents.SHOW_RECENTS flg=0x10804000 cmp=com.android.systemui/.recents.RecentsActivity} from uid 10005 on display 0
I/SFPerfTracer(  349):      triggers: (rate: 10627:469521) (compose: 0:43) (post: 0:39) (render: 0:1503) (9:4121784 frames) (10:4385617)
D/SFPerfTracer(  349):        layers: (4:12) (FocusedStackFrame (0xb74d6218): 1:13596)* (DimLayer (0xb74ef550): 0:45)* (DimLayer (0xb74f1a20): 0:25)* (DimLayer (0xb75912f0): 0:9034)* (DimLayer (0xb75939a8): 0:2524)* (StatusBar (0xb753d3f8): 0:334420) (com.android.systemui.ImageWallpaper (0xb7543fa0): 0:16762) (NavigationBar (0xb7572e30): 10:411) (com.android.systemui/com.android.systemui.recents.RecentsActivity (0xb75401d8): 0:38)- (io.cordova.myappba547e/io.cordova.myappba547e.MainActivity (0xb75a9958): 0:114)- (thumbnail anim (0xb759b998): 0:21)- (com.google.android.googlequicksearchbox/com.google.android.launcher.GEL (0xb75401d8): 3:9) 
I/LaunchCheckinHandler(  978): Displayed com.android.systemui/.recents.RecentsActivity,wp,wa,84
I/ActivityManager(  978): START u0 {act=android.intent.action.MAIN flg=0x10100000 cmp=io.cordova.myappba547e/.MainActivity bnds=[53,1385][1026,2358]} from uid 2000 on display 0
I/SFPerfTracer(  349):      triggers: (rate: 0:81) (8186402 sw vsyncs) (0 skipped) (166:5221052 vsyncs) (168:13764719)
V/WindowManager(  978): addAppToken: AppWindowToken{119394b4 token=Token{33468d87 ActivityRecord{3c769c6 u0 io.cordova.myappba547e/.MainActivity t2641}}} to stack=1 task=2641 at 0
V/WindowManager(  978): Adding window Window{dba5d9 u0 io.cordova.myappba547e/io.cordova.myappba547e.MainActivity} at 4 of 12 (after Window{3ab4e65 u0 com.google.android.gm/com.google.android.gm.ConversationListActivityGmail})
I/LaunchCheckinHandler(  978): Displayed io.cordova.myappba547e/.MainActivity,wp,ca,136
V/AlarmManager(  978): sending alarm {31ce5bde type 3 *alarm*:android.intent.action.TIME_TICK}
I/ActivityManager(  978): Start proc 25195:com.yahoo.mobile.client.android.weather/u0a170 for broadcast com.yahoo.mobile.client.android.weather/.WeatherWidgetHourlyProvider
V/AlarmManager(  978): done {31ce5bde, *alarm*:android.intent.action.TIME_TICK} [265ms]
W/ActivityManager(  978): getRunningAppProcesses: caller 10170 does not hold REAL_GET_TASKS; limiting output
D/BatteryService(  978): uevent={POWER_SUPPLY_TEMP=333, POWER_SUPPLY_STATUS=Charging, POWER_SUPPLY_CAPACITY=96, ACTION=change, DEVPATH=/devices/qpnp-charger-ed22e400/power_supply/battery, POWER_SUPPLY_VOLTAGE_OCV=-22, POWER_SUPPLY_ONLINE=1, SUBSYSTEM=power_supply, POWER_SUPPLY_NUM_SYSTEM_TEMP_LEVELS=17, POWER_SUPPLY_INPUT_CURRENT_MAX=500000, POWER_SUPPLY_VOLTAGE_MAX_DESIGN=4350000, POWER_SUPPLY_CHARGE_FULL=2269000, POWER_SUPPLY_NAME=battery, POWER_SUPPLY_VOLTAGE_MIN_DESIGN=4300000, POWER_SUPPLY_VOLTAGE_MIN=4300000, POWER_SUPPLY_HEALTH=Good, POWER_SUPPLY_CYCLE_COUNT=34, POWER_SUPPLY_TECHNOLOGY=Li-ion, POWER_SUPPLY_CHARGE_TYPE=Fast, POWER_SUPPLY_PRESENT=1, POWER_SUPPLY_INPUT_CURRENT_SETTLED=0, POWER_SUPPLY_MODEL_NAME=EY30-LG, POWER_SUPPLY_VOLTAGE_NOW=4244448, SEQNUM=52287, POWER_SUPPLY_TEMP_WARM=450, POWER_SUPPLY_TEMP_COOL=0, POWER_SUPPLY_CHARGE_FULL_DESIGN=2281000, POWER_SUPPLY_CURRENT_NOW=-143412, POWER_SUPPLY_CHARGE_COUNTER=79982, POWER_SUPPLY_SYSTEM_TEMP_LEVEL=0, POWER_SUPPLY_INPUT_CURRENT_TRIM=33, POWER_SUPPLY_VOLTAGE_EMPTY=3000000, POWER_SUPPLY_CHARGE_RATE=Normal, POWER_SUPPLY_INPUT_VOLTAGE_REGULATION=0, POWER_SUPPLY_CHARGING_ENABLED=1}
V/AlarmManager(  978): sending alarm {15bd4fc type 2 *walarm*:ALARM_WAKEUP_ACTIVITY_DETECTION}
V/AlarmManager(  978): done {15bd4fc, *walarm*:ALARM_WAKEUP_ACTIVITY_DETECTION} [19ms]
V/AlarmManager(  978): sending alarm {e34f950 type 3 *alarm*:send_events}
V/AlarmManager(  978): done {e34f950, *alarm*:send_events} [7ms]
V/AlarmManager(  978): sending alarm {15bd4fc type 2 *walarm*:ALARM_WAKEUP_ACTIVITY_DETECTION}
V/AlarmManager(  978): done {15bd4fc, *walarm*:ALARM_WAKEUP_ACTIVITY_DETECTION} [29ms]
V/WindowManager(  978): Adding window Window{3edc89bd u0 SurfaceView} at 7 of 15 (before Window{51fcb5a u0 com.motorola.actions})
I/SFPerfTracer(  349):      triggers: (rate: 10627:469524) (compose: 0:43) (post: 0:39) (render: 0:1503) (991:4122825 frames) (992:4386673)
D/SFPerfTracer(  349):        layers: (3:12) (FocusedStackFrame (0xb74d6218): 0:13601)* (DimLayer (0xb74ef550): 0:45)* (DimLayer (0xb74f1a20): 0:25)* (DimLayer (0xb75912f0): 0:9034)* (DimLayer (0xb75939a8): 0:2524)* (StatusBar (0xb753d3f8): 15:334438) (com.android.systemui.ImageWallpaper (0xb7543fa0): 1:16763)* (NavigationBar (0xb7572e30): 0:438) (com.google.android.googlequicksearchbox/com.google.android.launcher.GEL (0xb75401d8): 0:20)- (com.android.systemui/com.android.systemui.recents.RecentsActivity (0xb75a9958): 0:42)- (io.cordova.myappba547e/io.cordova.myappba547e.MainActivity (0xb75401d8): 991:1015) (thumbnail anim (0xb759b998): 0:21)- 
V/AlarmManager(  978): sending alarm {3fd5a00f type 0 *walarm*:com.verizon.messaging.vzmsgs/com.verizon.report.ReportAlarmReceiver}
I/ActivityManager(  978): Start proc 25249:com.verizon.messaging.vzmsgs/u0a131 for broadcast com.verizon.messaging.vzmsgs/com.verizon.report.ReportAlarmReceiver
V/AlarmManager(  978): sending alarm {194ba6e type 1 *alarm*:ch.bitspin.timely.widget.UPDATE_ACTION}
D/WifiService(  978): New client listening to asynchronous messages
V/AlarmManager(  978): done {3fd5a00f, *walarm*:com.verizon.messaging.vzmsgs/com.verizon.report.ReportAlarmReceiver} [966ms]
I/ActivityManager(  978): Start proc 25288:ch.bitspin.timely/u0a144 for broadcast ch.bitspin.timely/.widget.WidgetProvider_
I/ActivityManager(  978): Killing 24837:com.google.android.deskclock/u0a102 (adj 15): empty #13
I/SFPerfTracer(  349):      triggers: (rate: 0:81) (8186402 sw vsyncs) (0 skipped) (1137:5222189 vsyncs) (1139:13765858)
W/ResourcesManager(25249): Asset path '/system/framework/com.google.android.media.effects.jar' does not exist or contains no resources.
W/ResourcesManager(25288): Asset path '/system/framework/com.android.media.remotedisplay.jar' does not exist or contains no resources.
W/ResourcesManager(25288): Asset path '/system/framework/com.android.location.provider.jar' does not exist or contains no resources.
V/AlarmManager(  978): done {194ba6e, *alarm*:ch.bitspin.timely.widget.UPDATE_ACTION} [1631ms]
I/ActivityManager(  978): Start proc 25327:com.verizon.messaging.vzmsgs:AniwaysService/u0a131 for service com.verizon.messaging.vzmsgs/com.aniways.service.AniwaysIntentService
I/ActivityManager(  978): Killing 24862:com.google.android.talk/u0a118 (adj 15): empty #13
I/ActivityManager(  978): Start proc 25355:com.google.android.deskclock/u0a102 for broadcast com.google.android.deskclock/com.android.alarmclock.DigitalAppWidgetProvider
I/ActivityManager(  978): Killing 24170:android.process.acore/u0a13 (adj 15): empty #13
I/PowerManagerService(  978): Going to sleep due to screen timeout (uid 1000)...
I/SFPerfTracer(  349):      triggers: (rate: 10627:469524) (compose: 0:43) (post: 0:39) (render: 0:1503) (397:4123222 frames) (398:4387073)
D/SFPerfTracer(  349):        layers: (3:10) (FocusedStackFrame (0xb74d6218): 0:13601)* (DimLayer (0xb74ef550): 0:45)* (DimLayer (0xb74f1a20): 0:25)* (DimLayer (0xb75912f0): 0:9034)* (DimLayer (0xb75939a8): 0:2524)* (StatusBar (0xb753d3f8): 2:334440) (com.android.systemui.ImageWallpaper (0xb7543fa0): 0:16763)* (NavigationBar (0xb7572e30): 0:438) (io.cordova.myappba547e/io.cordova.myappba547e.MainActivity (0xb75401d8): 398:1415) ( (0xb7547d98): 1:3)* 
I/DisplayManagerService(  978): Display device changed: DisplayDeviceInfo{"Built-in Screen": uniqueId="local:0", 1080 x 1920, 60.0 fps, supportedRefreshRates [60.0], density 480, 422.03 x 424.069 dpi, appVsyncOff 7500000, presDeadline 12666667, touch INTERNAL, rotation 0, type BUILT_IN, state OFF, FLAG_DEFAULT_DISPLAY, FLAG_ROTATES_WITH_CONTENT, FLAG_SECURE, FLAG_SUPPORTS_PROTECTED_BUFFERS}
V/ActivityManager(  978): Display changed displayId=0
V/WindowManager(  978): mAppsToBeHidden add Token{33468d87 ActivityRecord{3c769c6 u0 io.cordova.myappba547e/.MainActivity t2641}}
I/SFPerfTracer(  349):      triggers: (rate: 0:81) (8186402 sw vsyncs) (0 skipped) (313:5222502 vsyncs) (315:13766173)
V/WindowManager(  978): mAppsToBeHidden add Token{33468d87 ActivityRecord{3c769c6 u0 io.cordova.myappba547e/.MainActivity t2641}}
I/PowerManagerService(  978): Sleeping (uid 1000)...
V/WindowManager(  978): mAppsToBeHidden add Token{33468d87 ActivityRecord{3c769c6 u0 io.cordova.myappba547e/.MainActivity t2641}}
V/WindowManager(  978): mAppsToBeHidden add Token{33468d87 ActivityRecord{3c769c6 u0 io.cordova.myappba547e/.MainActivity t2641}}
V/WindowManager(  978): mAppsToBeHidden add Token{33468d87 ActivityRecord{3c769c6 u0 io.cordova.myappba547e/.MainActivity t2641}}
W/ActivityManager(  978): Unable to start service Intent { act=aniways.com.google.android.gms.analytics.service.START cmp=aniways.com.google.android.gms/.analytics.service.AnalyticsService (has extras) } U=0: not found
W/ActivityManager(  978): Unable to start service Intent { act=aniways.com.google.android.gms.analytics.service.START cmp=aniways.com.google.android.gms/.analytics.service.AnalyticsService (has extras) } U=0: not found
W/ResourcesManager(25249): Asset path '/system/framework/com.google.android.media.effects.jar' does not exist or contains no resources.
V/AlarmManager(  978): sending alarm {70c3f02 type 0 *walarm*:com.facebook.analytics.service.a.ACTION_ALARM}
V/AlarmManager(  978): sending alarm {386e1a72 type 2 *walarm*:com.android.internal.policy.impl.PhoneWindowManager.DELAYED_KEYGUARD}
V/AlarmManager(  978): done {70c3f02, *walarm*:com.facebook.analytics.service.a.ACTION_ALARM} [4ms]
V/AlarmManager(  978): done {386e1a72, *walarm*:com.android.internal.policy.impl.PhoneWindowManager.DELAYED_KEYGUARD} [20ms]
V/WindowManager(  978): mAppsToBeHidden add Token{33468d87 ActivityRecord{3c769c6 u0 io.cordova.myappba547e/.MainActivity t2641}}
V/WindowManager(  978): mAppsToBeHidden add Token{33468d87 ActivityRecord{3c769c6 u0 io.cordova.myappba547e/.MainActivity t2641}}
W/ActivityManager(  978): Unable to start service Intent { act=aniways.com.google.android.gms.analytics.service.START cmp=aniways.com.google.android.gms/.analytics.service.AnalyticsService (has extras) } U=0: not found
V/WindowManager(  978): mAppsToBeHidden add Token{33468d87 ActivityRecord{3c769c6 u0 io.cordova.myappba547e/.MainActivity t2641}}
V/WindowManager(  978): mAppsToBeHidden add Token{33468d87 ActivityRecord{3c769c6 u0 io.cordova.myappba547e/.MainActivity t2641}}
V/WindowManager(  978): mAppsToBeHidden add Token{33468d87 ActivityRecord{3c769c6 u0 io.cordova.myappba547e/.MainActivity t2641}}
V/WindowManager(  978): mAppsToBeHidden add Token{33468d87 ActivityRecord{3c769c6 u0 io.cordova.myappba547e/.MainActivity t2641}}
V/WindowManager(  978): mAppsToBeHidden add Token{33468d87 ActivityRecord{3c769c6 u0 io.cordova.myappba547e/.MainActivity t2641}}
V/WindowManager(  978): mAppsToBeHidden add Token{33468d87 ActivityRecord{3c769c6 u0 io.cordova.myappba547e/.MainActivity t2641}}
W/ActivityManager(  978): Unable to start service Intent { act=aniways.com.google.android.gms.analytics.service.START cmp=aniways.com.google.android.gms/.analytics.service.AnalyticsService (has extras) } U=0: not found
V/AlarmManager(  978): sending alarm {88ab1aa type 2 *walarm*:com.facebook.common.executors.dx.ACTION_ALARM.com.facebook.orca.Mqtt_Wakeup}
V/AlarmManager(  978): done {88ab1aa, *walarm*:com.facebook.common.executors.dx.ACTION_ALARM.com.facebook.orca.Mqtt_Wakeup} [5ms]
V/AlarmManager(  978): sending alarm {1c20cc95 type 2 *walarm*:com.facebook.common.executors.WakingExecutorService.ACTION_ALARM.com.facebook.katana.Mqtt_Wakeup}
V/AlarmManager(  978): done {1c20cc95, *walarm*:com.facebook.common.executors.WakingExecutorService.ACTION_ALARM.com.facebook.katana.Mqtt_Wakeup} [2ms]
I/ActivityManager(  978): Waited long enough for: ServiceRecord{5009055 u0 com.verizon.messaging.vzmsgs/com.aniways.service.AniwaysIntentService}
D/BatteryService(  978): uevent={POWER_SUPPLY_TEMP=333, POWER_SUPPLY_STATUS=Charging, POWER_SUPPLY_CAPACITY=97, ACTION=change, DEVPATH=/devices/qpnp-charger-ed22e400/power_supply/battery, POWER_SUPPLY_VOLTAGE_OCV=-22, POWER_SUPPLY_ONLINE=1, SUBSYSTEM=power_supply, POWER_SUPPLY_NUM_SYSTEM_TEMP_LEVELS=17, POWER_SUPPLY_INPUT_CURRENT_MAX=500000, POWER_SUPPLY_VOLTAGE_MAX_DESIGN=4350000, POWER_SUPPLY_CHARGE_FULL=2269000, POWER_SUPPLY_NAME=battery, POWER_SUPPLY_VOLTAGE_MIN_DESIGN=4300000, POWER_SUPPLY_VOLTAGE_MIN=4300000, POWER_SUPPLY_HEALTH=Good, POWER_SUPPLY_CYCLE_COUNT=34, POWER_SUPPLY_TECHNOLOGY=Li-ion, POWER_SUPPLY_CHARGE_TYPE=Fast, POWER_SUPPLY_PRESENT=1, POWER_SUPPLY_INPUT_CURRENT_SETTLED=0, POWER_SUPPLY_MODEL_NAME=EY30-LG, POWER_SUPPLY_VOLTAGE_NOW=4318136, SEQNUM=52289, POWER_SUPPLY_TEMP_WARM=450, POWER_SUPPLY_TEMP_COOL=0, POWER_SUPPLY_CHARGE_FULL_DESIGN=2281000, POWER_SUPPLY_CURRENT_NOW=-421633, POWER_SUPPLY_CHARGE_COUNTER=78024, POWER_SUPPLY_SYSTEM_TEMP_LEVEL=0, POWER_SUPPLY_INPUT_CURRENT_TRIM=33, POWER_SUPPLY_VOLTAGE_EMPTY=3000000, POWER_SUPPLY_CHARGE_RATE=Normal, POWER_SUPPLY_INPUT_VOLTAGE_REGULATION=0, POWER_SUPPLY_CHARGING_ENABLED=1}
V/AlarmManager(  978): sending alarm {14577874 type 3 *alarm*:com.google.android.gms/.lockbox.LockboxAlarmReceiver}
V/AlarmManager(  978): sending alarm {17285426 type 2 *walarm*:com.google.android.intent.action.SEND_IDLE}
V/AlarmManager(  978): done {14577874, *alarm*:com.google.android.gms/.lockbox.LockboxAlarmReceiver} [31ms]
V/AlarmManager(  978): done {17285426, *walarm*:com.google.android.intent.action.SEND_IDLE} [44ms]
D/BatteryService(  978): uevent={POWER_SUPPLY_TEMP=331, POWER_SUPPLY_STATUS=Charging, POWER_SUPPLY_CAPACITY=97, ACTION=change, DEVPATH=/devices/qpnp-charger-ed22e400/power_supply/battery, POWER_SUPPLY_VOLTAGE_OCV=-22, POWER_SUPPLY_ONLINE=1, SUBSYSTEM=power_supply, POWER_SUPPLY_NUM_SYSTEM_TEMP_LEVELS=17, POWER_SUPPLY_INPUT_CURRENT_MAX=500000, POWER_SUPPLY_VOLTAGE_MAX_DESIGN=4350000, POWER_SUPPLY_CHARGE_FULL=2269000, POWER_SUPPLY_NAME=battery, POWER_SUPPLY_VOLTAGE_MIN_DESIGN=4300000, POWER_SUPPLY_VOLTAGE_MIN=4300000, POWER_SUPPLY_HEALTH=Good, POWER_SUPPLY_CYCLE_COUNT=34, POWER_SUPPLY_TECHNOLOGY=Li-ion, POWER_SUPPLY_CHARGE_TYPE=Fast, POWER_SUPPLY_PRESENT=1, POWER_SUPPLY_INPUT_CURRENT_SETTLED=0, POWER_SUPPLY_MODEL_NAME=EY30-LG, POWER_SUPPLY_VOLTAGE_NOW=4332553, SEQNUM=52291, POWER_SUPPLY_TEMP_WARM=450, POWER_SUPPLY_TEMP_COOL=0, POWER_SUPPLY_CHARGE_FULL_DESIGN=2281000, POWER_SUPPLY_CURRENT_NOW=-415129, POWER_SUPPLY_CHARGE_COUNTER=75791, POWER_SUPPLY_SYSTEM_TEMP_LEVEL=0, POWER_SUPPLY_INPUT_CURRENT_TRIM=33, POWER_SUPPLY_VOLTAGE_EMPTY=3000000, POWER_SUPPLY_CHARGE_RATE=Normal, POWER_SUPPLY_INPUT_VOLTAGE_REGULATION=0, POWER_SUPPLY_CHARGING_ENABLED=1}
V/AlarmManager(  978): sending alarm {31ce5bde type 3 *alarm*:android.intent.action.TIME_TICK}
V/AlarmManager(  978): sending alarm {13469c72 type 2 *walarm*:com.google.android.gms.gcm.HEARTBEAT_ALARM}
V/AlarmManager(  978): done {13469c72, *walarm*:com.google.android.gms.gcm.HEARTBEAT_ALARM} [28ms]
V/AlarmManager(  978): done {31ce5bde, *alarm*:android.intent.action.TIME_TICK} [182ms]
V/AlarmManager(  978): sending alarm {2ecef29a type 2 *walarm*:com.android.server.task.controllers.BatteryController.ACTION_CHARGING_STABLE}
V/AlarmManager(  978): sending alarm {1a833c29 type 3 *alarm*:com.verizon.messaging.vzmsgs/com.verizon.mms.util.RecyclerScheduleReceiver}
V/AlarmManager(  978): sending alarm {194ba6e type 1 *alarm*:ch.bitspin.timely.widget.UPDATE_ACTION}
V/AlarmManager(  978): done {2ecef29a, *walarm*:com.android.server.task.controllers.BatteryController.ACTION_CHARGING_STABLE} [17ms]
V/AlarmManager(  978): done {1a833c29, *alarm*:com.verizon.messaging.vzmsgs/com.verizon.mms.util.RecyclerScheduleReceiver} [57ms]
V/AlarmManager(  978): done {194ba6e, *alarm*:ch.bitspin.timely.widget.UPDATE_ACTION} [92ms]
V/AlarmManager(  978): sending alarm {4bf74f3 type 2 *walarm*:android.net.ConnectivityService.action.PKT_CNT_SAMPLE_INTERVAL_ELAPSED}
V/AlarmManager(  978): sending alarm {286d33e8 type 2 *walarm*:ALARM_WAKEUP_LOCATOR}
V/AlarmManager(  978): sending alarm {15bd4fc type 2 *walarm*:ALARM_WAKEUP_ACTIVITY_DETECTION}
V/AlarmManager(  978): done {4bf74f3, *walarm*:android.net.ConnectivityService.action.PKT_CNT_SAMPLE_INTERVAL_ELAPSED} [15ms]
D/WifiService(  978): acquireWifiLockLocked: WifiLock{NlpWifiLock type=2 binder=android.os.BinderProxy@109c6507}
V/AlarmManager(  978): done {286d33e8, *walarm*:ALARM_WAKEUP_LOCATOR} [44ms]
V/AlarmManager(  978): done {15bd4fc, *walarm*:ALARM_WAKEUP_ACTIVITY_DETECTION} [151ms]
D/WifiService(  978): releaseWifiLockLocked: WifiLock{NlpWifiLock type=2 binder=android.os.BinderProxy@109c6507}
I/ActivityManager(  978): Start proc 25441:com.viewdle.frservice/u0a19 for service com.motorola.MotGallery2/com.viewdle.frservice.FRService
W/ResourcesManager(25441): Asset path '/system/framework/com.motorola.gallery' does not exist or contains no resources.
W/ResourcesManager(25441): Asset path '/system/framework/com.google.android.media.effects.jar' does not exist or contains no resources.
W/ResourcesManager(25441): Asset path '/system/framework/com.motorola.frameworks.core.addon.jar' does not exist or contains no resources.
D/BatteryService(  978): uevent={POWER_SUPPLY_TEMP=324, POWER_SUPPLY_STATUS=Charging, POWER_SUPPLY_CAPACITY=97, ACTION=change, DEVPATH=/devices/qpnp-charger-ed22e400/power_supply/battery, POWER_SUPPLY_VOLTAGE_OCV=-22, POWER_SUPPLY_ONLINE=1, SUBSYSTEM=power_supply, POWER_SUPPLY_NUM_SYSTEM_TEMP_LEVELS=17, POWER_SUPPLY_INPUT_CURRENT_MAX=500000, POWER_SUPPLY_VOLTAGE_MAX_DESIGN=4350000, POWER_SUPPLY_CHARGE_FULL=2270000, POWER_SUPPLY_NAME=battery, POWER_SUPPLY_VOLTAGE_MIN_DESIGN=4300000, POWER_SUPPLY_VOLTAGE_MIN=4300000, POWER_SUPPLY_HEALTH=Good, POWER_SUPPLY_CYCLE_COUNT=34, POWER_SUPPLY_TECHNOLOGY=Li-ion, POWER_SUPPLY_CHARGE_TYPE=Fast, POWER_SUPPLY_PRESENT=1, POWER_SUPPLY_INPUT_CURRENT_SETTLED=0, POWER_SUPPLY_MODEL_NAME=EY30-LG, POWER_SUPPLY_VOLTAGE_NOW=4238561, SEQNUM=52293, POWER_SUPPLY_TEMP_WARM=450, POWER_SUPPLY_TEMP_COOL=0, POWER_SUPPLY_CHARGE_FULL_DESIGN=2281000, POWER_SUPPLY_CURRENT_NOW=64467, POWER_SUPPLY_CHARGE_COUNTER=66798, POWER_SUPPLY_SYSTEM_TEMP_LEVEL=0, POWER_SUPPLY_INPUT_CURRENT_TRIM=33, POWER_SUPPLY_VOLTAGE_EMPTY=3000000, POWER_SUPPLY_CHARGE_RATE=Normal, POWER_SUPPLY_INPUT_VOLTAGE_REGULATION=0, POWER_SUPPLY_CHARGING_ENABLED=1}
I/ActivityManager(  978): Killing 24930:com.google.android.apps.plus/u0a127 (adj 15): empty #13
V/AlarmManager(  978): sending alarm {31ce5bde type 3 *alarm*:android.intent.action.TIME_TICK}
V/AlarmManager(  978): sending alarm {3168b28f type 2 *walarm*:com.motorola.slpc.ALARM_MODALITY}
V/AlarmManager(  978): sending alarm {14577874 type 3 *alarm*:com.google.android.gms/.lockbox.LockboxAlarmReceiver}
V/AlarmManager(  978): sending alarm {194ba6e type 1 *alarm*:ch.bitspin.timely.widget.UPDATE_ACTION}
V/AlarmManager(  978): done {3168b28f, *walarm*:com.motorola.slpc.ALARM_MODALITY} [34ms]
V/AlarmManager(  978): done {14577874, *alarm*:com.google.android.gms/.lockbox.LockboxAlarmReceiver} [38ms]
V/AlarmManager(  978): done {194ba6e, *alarm*:ch.bitspin.timely.widget.UPDATE_ACTION} [71ms]
V/AlarmManager(  978): done {31ce5bde, *alarm*:android.intent.action.TIME_TICK} [172ms]
D/BatteryService(  978): uevent={POWER_SUPPLY_TEMP=322, POWER_SUPPLY_STATUS=Charging, POWER_SUPPLY_CAPACITY=97, ACTION=change, DEVPATH=/devices/qpnp-charger-ed22e400/power_supply/battery, POWER_SUPPLY_VOLTAGE_OCV=-22, POWER_SUPPLY_ONLINE=1, SUBSYSTEM=power_supply, POWER_SUPPLY_NUM_SYSTEM_TEMP_LEVELS=17, POWER_SUPPLY_INPUT_CURRENT_MAX=500000, POWER_SUPPLY_VOLTAGE_MAX_DESIGN=4350000, POWER_SUPPLY_CHARGE_FULL=2270000, POWER_SUPPLY_NAME=battery, POWER_SUPPLY_VOLTAGE_MIN_DESIGN=4300000, POWER_SUPPLY_VOLTAGE_MIN=4300000, POWER_SUPPLY_HEALTH=Good, POWER_SUPPLY_CYCLE_COUNT=34, POWER_SUPPLY_TECHNOLOGY=Li-ion, POWER_SUPPLY_CHARGE_TYPE=Fast, POWER_SUPPLY_PRESENT=1, POWER_SUPPLY_INPUT_CURRENT_SETTLED=0, POWER_SUPPLY_MODEL_NAME=EY30-LG, POWER_SUPPLY_VOLTAGE_NOW=4345293, SEQNUM=52295, POWER_SUPPLY_TEMP_WARM=450, POWER_SUPPLY_TEMP_COOL=0, POWER_SUPPLY_CHARGE_FULL_DESIGN=2281000, POWER_SUPPLY_CURRENT_NOW=-415758, POWER_SUPPLY_CHARGE_COUNTER=64634, POWER_SUPPLY_SYSTEM_TEMP_LEVEL=0, POWER_SUPPLY_INPUT_CURRENT_TRIM=33, POWER_SUPPLY_VOLTAGE_EMPTY=3000000, POWER_SUPPLY_CHARGE_RATE=Normal, POWER_SUPPLY_INPUT_VOLTAGE_REGULATION=0, POWER_SUPPLY_CHARGING_ENABLED=1}
I/PowerManagerService(  978): Waking up from sleep (uid 1000)...
V/WindowManager(  978): mAppsToBeHidden add Token{33468d87 ActivityRecord{3c769c6 u0 io.cordova.myappba547e/.MainActivity t2641}}
I/DisplayManagerService(  978): Display device changed: DisplayDeviceInfo{"Built-in Screen": uniqueId="local:0", 1080 x 1920, 60.0 fps, supportedRefreshRates [60.0], density 480, 422.03 x 424.069 dpi, appVsyncOff 7500000, presDeadline 12666667, touch INTERNAL, rotation 0, type BUILT_IN, state ON, FLAG_DEFAULT_DISPLAY, FLAG_ROTATES_WITH_CONTENT, FLAG_SECURE, FLAG_SUPPORTS_PROTECTED_BUFFERS}
V/WindowManager(  978): mAppsToBeHidden add Token{33468d87 ActivityRecord{3c769c6 u0 io.cordova.myappba547e/.MainActivity t2641}}
V/ActivityManager(  978): Display changed displayId=0
V/WindowManager(  978): mAppsToBeHidden add Token{33468d87 ActivityRecord{3c769c6 u0 io.cordova.myappba547e/.MainActivity t2641}}
V/WindowManager(  978): mAppsToBeHidden add Token{33468d87 ActivityRecord{3c769c6 u0 io.cordova.myappba547e/.MainActivity t2641}}
V/WindowManager(  978): mAppsToBeHidden add Token{33468d87 ActivityRecord{3c769c6 u0 io.cordova.myappba547e/.MainActivity t2641}}
V/WindowManager(  978): mAppsToBeHidden add Token{33468d87 ActivityRecord{3c769c6 u0 io.cordova.myappba547e/.MainActivity t2641}}
I/SFPerfTracer(  349):      triggers: (rate: 0:81) (8195140 sw vsyncs) (0 skipped) (0:5222502 vsyncs) (8737:13774913)
D/WifiService(  978): acquireWifiLockLocked: WifiLock{NlpWifiLock type=2 binder=android.os.BinderProxy@374eb2d0}
I/SFPerfTracer(  349):      triggers: (rate: 10627:469524) (compose: 0:43) (post: 0:39) (render: 0:1505) (69:4123320 frames) (70:4387182)
D/SFPerfTracer(  349):        layers: (2:11) (FocusedStackFrame (0xb74d6218): 1:13605)* (DimLayer (0xb74ef550): 0:45)* (DimLayer (0xb74f1a20): 0:25)* (DimLayer (0xb75912f0): 0:9034)* (DimLayer (0xb75939a8): 0:2524)* (StatusBar (0xb753d3f8): 22:334466) (com.android.systemui.ImageWallpaper (0xb7543fa0): 0:16764) (NavigationBar (0xb7572e30): 0:438)- (io.cordova.myappba547e/io.cordova.myappba547e.MainActivity (0xb75401d8): 70:1521)* ( (0xb7547d98): 0:3)- (ColorFade (0xb75a9958): 0:30)- 
D/WifiService(  978): releaseWifiLockLocked: WifiLock{NlpWifiLock type=2 binder=android.os.BinderProxy@374eb2d0}
V/AlarmManager(  978): sending alarm {31ce5bde type 3 *alarm*:android.intent.action.TIME_TICK}
V/AlarmManager(  978): done {31ce5bde, *alarm*:android.intent.action.TIME_TICK} [167ms]
I/SFPerfTracer(  349):      triggers: (rate: 10627:469524) (compose: 0:43) (post: 0:39) (render: 0:1505) (151:4123471 frames) (152:4387337)
D/SFPerfTracer(  349):        layers: (3:9) (FocusedStackFrame (0xb74d6218): 0:13605)* (DimLayer (0xb74ef550): 0:45)* (DimLayer (0xb74f1a20): 0:25)* (DimLayer (0xb75912f0): 0:9034)* (DimLayer (0xb75939a8): 0:2524)* (StatusBar (0xb753d3f8): 147:334616) (com.android.systemui.ImageWallpaper (0xb7543fa0): 0:16764) (io.cordova.myappba547e/io.cordova.myappba547e.MainActivity (0xb75401d8): 152:1676)* (NavigationBar (0xb75a9958): 15:17) 
W/InputMethodManagerService(  978): Window already focused, ignoring focus gain of: com.android.internal.view.IInputMethodClient$Stub$Proxy@3cd80c8a attribute=android.view.inputmethod.EditorInfo@388b92fb, token = android.os.BinderProxy@c2f4820
I/ActivityManager(  978): Start proc 25558:com.vzw.hss.myverizon/u0a62 for broadcast com.vzw.hss.myverizon/com.vzw.geofencing.smart.receiver.MVSPrefsReceiver
I/SFPerfTracer(  349):      triggers: (rate: 0:81) (8195140 sw vsyncs) (0 skipped) (234:5222736 vsyncs) (236:13775149)
W/ResourcesManager(25558): Asset path '/system/framework/com.google.android.maps.jar' does not exist or contains no resources.
I/ActivityManager(  978): Killing 24433:com.textra/u0a149 (adj 15): empty #13
V/WindowManager(  978): removeAppToken make exiting: AppWindowToken{119394b4 token=Token{33468d87 ActivityRecord{3c769c6 u0 io.cordova.myappba547e/.MainActivity t2641}}}
I/SFPerfTracer(  349):      triggers: (rate: 10627:469524) (compose: 0:43) (post: 0:39) (render: 0:1505) (11:4123566 frames) (12:4387445)
D/SFPerfTracer(  349):        layers: (4:10) (FocusedStackFrame (0xb74d6218): 0:13609)* (DimLayer (0xb74ef550): 0:45)* (DimLayer (0xb74f1a20): 0:25)* (DimLayer (0xb75912f0): 0:9034)* (DimLayer (0xb75939a8): 0:2526)* (StatusBar (0xb753d3f8): 0:334643) (com.android.systemui.ImageWallpaper (0xb7543fa0): 0:16777) (io.cordova.myappba547e/io.cordova.myappba547e.MainActivity (0xb75401d8): 12:1764)* (NavigationBar (0xb75a9958): 6:72) (com.google.android.googlequicksearchbox/com.google.android.launcher.GEL (0xb7572e30): 0:6) 
I/SFPerfTracer(  349):      triggers: (rate: 0:81) (8195140 sw vsyncs) (0 skipped) (120:5222856 vsyncs) (122:13775271)
I/ActivityManager(  978): Start proc 25615:com.android.defcontainer/u0a37 for service com.android.defcontainer/.DefaultContainerService
D/DefContainer(25615): Copying /data/local/tmp/android-debug.apk to base.apk
D/PackageManager(  978): Renaming /data/app/vmdl1230154330.tmp to /data/app/io.cordova.myappba547e-2
I/ActivityManager(  978): Force stopping io.cordova.myappba547e appid=10197 user=-1: uninstall pkg
I/ActivityManager(  978): Killing 24311:io.cordova.myappba547e/u0a197 (adj 9): stop io.cordova.myappba547e
I/PackageManager(  978): Package io.cordova.myappba547e codePath changed from /data/app/io.cordova.myappba547e-1 to /data/app/io.cordova.myappba547e-2; Retaining data and using new
W/ActivityManager(  978): Spurious death for ProcessRecord{2f7635f0 24311:io.cordova.myappba547e/u0a197}, curProc for 24311: null
V/AlarmManager(  978): sending alarm {13469c72 type 2 *walarm*:com.google.android.gms.gcm.HEARTBEAT_ALARM}
V/AlarmManager(  978): done {13469c72, *walarm*:com.google.android.gms.gcm.HEARTBEAT_ALARM} [13ms]
W/PackageManager(  978): Code path for pkg : io.cordova.myappba547e changing from /data/app/io.cordova.myappba547e-1 to /data/app/io.cordova.myappba547e-2
I/ActivityManager(  978): Force stopping io.cordova.myappba547e appid=10197 user=-1: update pkg
W/PackageManager(  978): Resource path for pkg : io.cordova.myappba547e changing from /data/app/io.cordova.myappba547e-1 to /data/app/io.cordova.myappba547e-2
I/ActivityManager(  978): Force stopping io.cordova.myappba547e appid=10197 user=0: pkg removed
D/JobSchedulerService(  978): Receieved: android.intent.action.PACKAGE_REMOVED
D/BackupManagerService(  978): Received broadcast Intent { act=android.intent.action.PACKAGE_REMOVED dat=package:io.cordova.myappba547e flg=0x4000010 (has extras) }
W/ResourcesManager( 1800): Asset path '/system/framework/com.google.android.media.effects.jar' does not exist or contains no resources.
I/ActivityManager(  978): Start proc 25640:android.process.acore/u0a13 for broadcast com.android.providers.contacts/.PackageIntentReceiver
I/ActivityManager(  978): Killing 24974:com.google.android.partnersetup/u0a45 (adj 15): empty #13
W/InputMethodInfo(  978): Duplicated subtype definition found: , voice
I/ActivityManager(  978): Start proc 25661:com.verizon.vzwavs/u0a68 for broadcast com.verizon.vzwavs/.WakeupReceiver
I/ActivityManager(  978): Start proc 25680:com.android.keychain/1000 for broadcast com.android.keychain/.KeyChainBroadcastReceiver
I/ActivityManager(  978): Killing 25021:com.android.providers.calendar/u0a48 (adj 15): empty #13
W/ContextImpl(25680): Calling a method in the system process without a qualified user: android.app.ContextImpl.startService:1831 android.content.ContextWrapper.startService:516 android.content.ContextWrapper.startService:516 com.android.keychain.KeyChainBroadcastReceiver.onReceive:12 android.app.ActivityThread.handleReceiver:2639 
I/ActivityManager(  978): Killing 25063:com.google.android.calendar/u0a85 (adj 15): empty #13
I/ActivityManager(  978): Start proc 25710:com.quickoffice.android/u0a128 for broadcast com.quickoffice.android/com.qo.android.quickoffice.QOBroadcastReceiver
D/BackupManagerService(  978): Received broadcast Intent { act=android.intent.action.PACKAGE_ADDED dat=package:io.cordova.myappba547e flg=0x4000010 (has extras) }
W/BackupManagerService(  978): Removing schedule queue dupe of io.cordova.myappba547e
--------- beginning of main
